Component: ARM Compiler 5.06 update 7 (build 960) Tool: armlink [4d3601]

==============================================================================

Section Cross References

    startup_stm32f10x_md.o(STACK) refers (Special) to heapauxi.o(.text) for __use_two_region_memory
    startup_stm32f10x_md.o(HEAP) refers (Special) to heapauxi.o(.text) for __use_two_region_memory
    startup_stm32f10x_md.o(RESET) refers (Special) to heapauxi.o(.text) for __use_two_region_memory
    startup_stm32f10x_md.o(RESET) refers to startup_stm32f10x_md.o(STACK) for __initial_sp
    startup_stm32f10x_md.o(RESET) refers to startup_stm32f10x_md.o(.text) for Reset_Handler
    startup_stm32f10x_md.o(RESET) refers to stm32f10x_it.o(i.NMI_Handler) for NMI_Handler
    startup_stm32f10x_md.o(RESET) refers to stm32f10x_it.o(i.HardFault_Handler) for HardFault_Handler
    startup_stm32f10x_md.o(RESET) refers to stm32f10x_it.o(i.MemManage_Handler) for MemManage_Handler
    startup_stm32f10x_md.o(RESET) refers to stm32f10x_it.o(i.BusFault_Handler) for BusFault_Handler
    startup_stm32f10x_md.o(RESET) refers to stm32f10x_it.o(i.UsageFault_Handler) for UsageFault_Handler
    startup_stm32f10x_md.o(RESET) refers to port.o(.emb_text) for vPortSVCHandler
    startup_stm32f10x_md.o(RESET) refers to stm32f10x_it.o(i.DebugMon_Handler) for DebugMon_Handler
    startup_stm32f10x_md.o(RESET) refers to port.o(i.xPortSysTickHandler) for xPortSysTickHandler
    startup_stm32f10x_md.o(RESET) refers to key.o(i.EXTI2_IRQHandler) for EXTI2_IRQHandler
    startup_stm32f10x_md.o(RESET) refers to key.o(i.EXTI3_IRQHandler) for EXTI3_IRQHandler
    startup_stm32f10x_md.o(RESET) refers to mpu6050.o(i.EXTI9_5_IRQHandler) for EXTI9_5_IRQHandler
    startup_stm32f10x_md.o(RESET) refers to encoder.o(i.TIM2_IRQHandler) for TIM2_IRQHandler
    startup_stm32f10x_md.o(RESET) refers to encoder.o(i.TIM4_IRQHandler) for TIM4_IRQHandler
    startup_stm32f10x_md.o(RESET) refers to remote.o(i.USART1_IRQHandler) for USART1_IRQHandler
    startup_stm32f10x_md.o(RESET) refers to remote.o(i.USART3_IRQHandler) for USART3_IRQHandler
    startup_stm32f10x_md.o(.text) refers (Special) to heapauxi.o(.text) for __use_two_region_memory
    startup_stm32f10x_md.o(.text) refers to system_stm32f10x.o(i.SystemInit) for SystemInit
    startup_stm32f10x_md.o(.text) refers to __main.o(!!!main) for __main
    startup_stm32f10x_md.o(.text) refers to startup_stm32f10x_md.o(HEAP) for Heap_Mem
    startup_stm32f10x_md.o(.text) refers to startup_stm32f10x_md.o(STACK) for Stack_Mem
    stm32f10x_gpio.o(i.GPIO_AFIODeInit) refers to stm32f10x_rcc.o(i.RCC_APB2PeriphResetCmd) for RCC_APB2PeriphResetCmd
    stm32f10x_gpio.o(i.GPIO_DeInit) refers to stm32f10x_rcc.o(i.RCC_APB2PeriphResetCmd) for RCC_APB2PeriphResetCmd
    stm32f10x_rcc.o(i.RCC_GetClocksFreq) refers to stm32f10x_rcc.o(.data) for APBAHBPrescTable
    stm32f10x_rcc.o(i.RCC_WaitForHSEStartUp) refers to stm32f10x_rcc.o(i.RCC_GetFlagStatus) for RCC_GetFlagStatus
    stm32f10x_tim.o(i.TIM_DeInit) refers to stm32f10x_rcc.o(i.RCC_APB2PeriphResetCmd) for RCC_APB2PeriphResetCmd
    stm32f10x_tim.o(i.TIM_DeInit) refers to stm32f10x_rcc.o(i.RCC_APB1PeriphResetCmd) for RCC_APB1PeriphResetCmd
    stm32f10x_tim.o(i.TIM_ETRClockMode1Config) refers to stm32f10x_tim.o(i.TIM_ETRConfig) for TIM_ETRConfig
    stm32f10x_tim.o(i.TIM_ETRClockMode2Config) refers to stm32f10x_tim.o(i.TIM_ETRConfig) for TIM_ETRConfig
    stm32f10x_tim.o(i.TIM_ICInit) refers to stm32f10x_tim.o(i.TI1_Config) for TI1_Config
    stm32f10x_tim.o(i.TIM_ICInit) refers to stm32f10x_tim.o(i.TIM_SetIC1Prescaler) for TIM_SetIC1Prescaler
    stm32f10x_tim.o(i.TIM_ICInit) refers to stm32f10x_tim.o(i.TI2_Config) for TI2_Config
    stm32f10x_tim.o(i.TIM_ICInit) refers to stm32f10x_tim.o(i.TIM_SetIC2Prescaler) for TIM_SetIC2Prescaler
    stm32f10x_tim.o(i.TIM_ICInit) refers to stm32f10x_tim.o(i.TI3_Config) for TI3_Config
    stm32f10x_tim.o(i.TIM_ICInit) refers to stm32f10x_tim.o(i.TIM_SetIC3Prescaler) for TIM_SetIC3Prescaler
    stm32f10x_tim.o(i.TIM_ICInit) refers to stm32f10x_tim.o(i.TI4_Config) for TI4_Config
    stm32f10x_tim.o(i.TIM_ICInit) refers to stm32f10x_tim.o(i.TIM_SetIC4Prescaler) for TIM_SetIC4Prescaler
    stm32f10x_tim.o(i.TIM_ITRxExternalClockConfig) refers to stm32f10x_tim.o(i.TIM_SelectInputTrigger) for TIM_SelectInputTrigger
    stm32f10x_tim.o(i.TIM_PWMIConfig) refers to stm32f10x_tim.o(i.TI1_Config) for TI1_Config
    stm32f10x_tim.o(i.TIM_PWMIConfig) refers to stm32f10x_tim.o(i.TIM_SetIC1Prescaler) for TIM_SetIC1Prescaler
    stm32f10x_tim.o(i.TIM_PWMIConfig) refers to stm32f10x_tim.o(i.TI2_Config) for TI2_Config
    stm32f10x_tim.o(i.TIM_PWMIConfig) refers to stm32f10x_tim.o(i.TIM_SetIC2Prescaler) for TIM_SetIC2Prescaler
    stm32f10x_tim.o(i.TIM_TIxExternalClockConfig) refers to stm32f10x_tim.o(i.TI2_Config) for TI2_Config
    stm32f10x_tim.o(i.TIM_TIxExternalClockConfig) refers to stm32f10x_tim.o(i.TI1_Config) for TI1_Config
[...]
    GPIO_EXTILineConfig                      0x08001f45   Thumb Code    60  stm32f10x_gpio.o(i.GPIO_EXTILineConfig)
    GPIO_Init                                0x08001f85   Thumb Code   278  stm32f10x_gpio.o(i.GPIO_Init)
    GPIO_PinRemapConfig                      0x0800209d   Thumb Code   138  stm32f10x_gpio.o(i.GPIO_PinRemapConfig)
    GPIO_ResetBits                           0x0800212d   Thumb Code     4  stm32f10x_gpio.o(i.GPIO_ResetBits)
    GPIO_SetBits                             0x08002131   Thumb Code     4  stm32f10x_gpio.o(i.GPIO_SetBits)
    HardFault_Handler                        0x08002135   Thumb Code     4  stm32f10x_it.o(i.HardFault_Handler)
    IMU_PID_Show                             0x08002139   Thumb Code   114  gui.o(i.IMU_PID_Show)
    Key_EXTI_Init                            0x080021e1   Thumb Code   132  key.o(i.Key_EXTI_Init)
    Key_Init                                 0x08002265   Thumb Code    32  key.o(i.Key_Init)
    LED_Set_Byte                             0x08002289   Thumb Code    38  led.o(i.LED_Set_Byte)
    Led_Init                                 0x080022b1   Thumb Code    82  led.o(i.Led_Init)
    MPU6050_EXTI_Init                        0x0800230d   Thumb Code    96  mpu6050.o(i.MPU6050_EXTI_Init)
    MPU_Get_Gyroscope                        0x08002371   Thumb Code    80  mpu6050.o(i.MPU_Get_Gyroscope)
    MPU_IIC_Ack                              0x080023c1   Thumb Code    62  mpuiic.o(i.MPU_IIC_Ack)
    MPU_IIC_Delay                            0x0800240d   Thumb Code    10  mpuiic.o(i.MPU_IIC_Delay)
    MPU_IIC_Init                             0x08002419   Thumb Code    46  mpuiic.o(i.MPU_IIC_Init)
    MPU_IIC_NAck                             0x08002451   Thumb Code    62  mpuiic.o(i.MPU_IIC_NAck)
    MPU_IIC_Read_Byte                        0x0800249d   Thumb Code    94  mpuiic.o(i.MPU_IIC_Read_Byte)
    MPU_IIC_Send_Byte                        0x08002509   Thumb Code    80  mpuiic.o(i.MPU_IIC_Send_Byte)
    MPU_IIC_Start                            0x08002565   Thumb Code    60  mpuiic.o(i.MPU_IIC_Start)
    MPU_IIC_Stop                             0x080025ad   Thumb Code    58  mpuiic.o(i.MPU_IIC_Stop)
    MPU_IIC_Wait_Ack                         0x080025f5   Thumb Code    86  mpuiic.o(i.MPU_IIC_Wait_Ack)
    MPU_Init                                 0x08002659   Thumb Code   122  mpu6050.o(i.MPU_Init)
    MPU_Read_Byte                            0x080026d3   Thumb Code    58  mpu6050.o(i.MPU_Read_Byte)
    MPU_Read_Len                             0x0800270d   Thumb Code   116  mpu6050.o(i.MPU_Read_Len)
    MPU_Set_Accel_Fsr                        0x08002781   Thumb Code    16  mpu6050.o(i.MPU_Set_Accel_Fsr)
    MPU_Set_Gyro_Fsr                         0x08002791   Thumb Code    16  mpu6050.o(i.MPU_Set_Gyro_Fsr)
    MPU_Set_LPF                              0x080027a1   Thumb Code    58  mpu6050.o(i.MPU_Set_LPF)
    MPU_Set_Rate                             0x080027db   Thumb Code    58  mpu6050.o(i.MPU_Set_Rate)
    MPU_Write_Byte                           0x08002815   Thumb Code    68  mpu6050.o(i.MPU_Write_Byte)
    MPU_Write_Len                            0x08002859   Thumb Code    96  mpu6050.o(i.MPU_Write_Len)
    MemManage_Handler                        0x080028b9   Thumb Code     4  stm32f10x_it.o(i.MemManage_Handler)
    Motor_Init                               0x080028bd   Thumb Code    92  motor.o(i.Motor_Init)
    Mpu6050_Init                             0x08002925   Thumb Code    66  mpu6050.o(i.Mpu6050_Init)
    NMI_Handler                              0x08002981   Thumb Code     2  stm32f10x_it.o(i.NMI_Handler)
    NVIC_Init                                0x08002985   Thumb Code   100  misc.o(i.NVIC_Init)
    NVIC_PriorityGroupConfig                 0x080029f5   Thumb Code    10  misc.o(i.NVIC_PriorityGroupConfig)
    NVIC_SetVectorTable                      0x08002a09   Thumb Code    12  misc.o(i.NVIC_SetVectorTable)
    OLED_Clear                               0x08002a1d   Thumb Code    62  oled.o(i.OLED_Clear)
    OLED_IIC_Start                           0x08002a5d   Thumb Code    36  oled.o(i.OLED_IIC_Start)
    OLED_IIC_Stop                            0x08002a85   Thumb Code    28  oled.o(i.OLED_IIC_Stop)
    OLED_IIC_Wait_Ack                        0x08002aa5   Thumb Code    20  oled.o(i.OLED_IIC_Wait_Ack)
    OLED_Set_Pos                             0x08002abd   Thumb Code    40  oled.o(i.OLED_Set_Pos)
    OLED_ShowChar                            0x08002ae5   Thumb Code   154  oled.o(i.OLED_ShowChar)
    OLED_ShowString                          0x08002b89   Thumb Code    54  oled.o(i.OLED_ShowString)
    OLED_WR_Byte                             0x08002bbf   Thumb Code    24  oled.o(i.OLED_WR_Byte)
    OLED_Write_IIC_Byte                      0x08002bd9   Thumb Code    80  oled.o(i.OLED_Write_IIC_Byte)
    OLED_Write_IIC_Command                   0x08002c2d   Thumb Code    44  oled.o(i.OLED_Write_IIC_Command)
    OLED_Write_IIC_Data                      0x08002c59   Thumb Code    44  oled.o(i.OLED_Write_IIC_Data)
    Oled_Init                                0x08002c85   Thumb Code   278  oled.o(i.Oled_Init)
    Page_Init                                0x08002dad   Thumb Code    14  gui.o(i.Page_Init)
    RCC_APB1PeriphClockCmd                   0x08002df1   Thumb Code    26  stm32f10x_rcc.o(i.RCC_APB1PeriphClockCmd)
    RCC_APB2PeriphClockCmd                   0x08002e11   Thumb Code    26  stm32f10x_rcc.o(i.RCC_APB2PeriphClockCmd)
    RCC_DeInit                               0x08002e31   Thumb Code    64  stm32f10x_rcc.o(i.RCC_DeInit)
    RCC_GetClocksFreq                        0x08002e7d   Thumb Code   192  stm32f10x_rcc.o(i.RCC_GetClocksFreq)
    RCC_GetFlagStatus                        0x08002f51   Thumb Code    56  stm32f10x_rcc.o(i.RCC_GetFlagStatus)
    RCC_GetSYSCLKSource                      0x08002f8d   Thumb Code    10  stm32f10x_rcc.o(i.RCC_GetSYSCLKSource)
    RCC_HCLKConfig                           0x08002f9d   Thumb Code    18  stm32f10x_rcc.o(i.RCC_HCLKConfig)
    RCC_HSEConfig                            0x08002fb5   Thumb Code    70  stm32f10x_rcc.o(i.RCC_HSEConfig)
    RCC_PCLK1Config                          0x08003001   Thumb Code    18  stm32f10x_rcc.o(i.RCC_PCLK1Config)
    RCC_PCLK2Config                          0x08003019   Thumb Code    20  stm32f10x_rcc.o(i.RCC_PCLK2Config)
    RCC_PLLCmd                               0x08003031   Thumb Code     6  stm32f10x_rcc.o(i.RCC_PLLCmd)
    RCC_PLLConfig                            0x0800303d   Thumb Code    24  stm32f10x_rcc.o(i.RCC_PLLConfig)
    RCC_SYSCLKConfig                         0x08003059   Thumb Code    18  stm32f10x_rcc.o(i.RCC_SYSCLKConfig)
    RGB_LED_Blue                             0x08003071   Thumb Code    26  led.o(i.RGB_LED_Blue)
    RGB_LED_Colour_Set                       0x0800308b   Thumb Code    28  led.o(i.RGB_LED_Colour_Set)
    RGB_LED_FLY                              0x080030a7   Thumb Code    42  led.o(i.RGB_LED_FLY)
    RGB_LED_Off                              0x080030d1   Thumb Code    26  led.o(i.RGB_LED_Off)
    RGB_LED_Red                              0x080030eb   Thumb Code    26  led.o(i.RGB_LED_Red)
    RGB_LED_Runing                           0x08003105   Thumb Code   168  led.o(i.RGB_LED_Runing)
    RGB_LED_White                            0x080031bd   Thumb Code    26  led.o(i.RGB_LED_White)
    RGB_LED_Yellow                           0x080031d7   Thumb Code    26  led.o(i.RGB_LED_Yellow)
    Speed_PID_Show                           0x08003329   Thumb Code   182  gui.o(i.Speed_PID_Show)
    SysTick_CLKSourceConfig                  0x08003435   Thumb Code    40  misc.o(i.SysTick_CLKSourceConfig)
    SystemInit                               0x0800345d   Thumb Code    78  system_stm32f10x.o(i.SystemInit)
    TIM2_IRQHandler                          0x080036fd   Thumb Code    24  encoder.o(i.TIM2_IRQHandler)
    TIM4_IRQHandler                          0x08003715   Thumb Code    18  encoder.o(i.TIM4_IRQHandler)
    TIM_ARRPreloadConfig                     0x0800372d   Thumb Code    24  stm32f10x_tim.o(i.TIM_ARRPreloadConfig)
    TIM_ClearFlag                            0x08003745   Thumb Code     6  stm32f10x_tim.o(i.TIM_ClearFlag)
    TIM_Cmd                                  0x0800374b   Thumb Code    24  stm32f10x_tim.o(i.TIM_Cmd)
    TIM_CtrlPWMOutputs                       0x08003763   Thumb Code    30  stm32f10x_tim.o(i.TIM_CtrlPWMOutputs)
    TIM_EncoderInterfaceConfig               0x08003781   Thumb Code    66  stm32f10x_tim.o(i.TIM_EncoderInterfaceConfig)
    TIM_ICInit                               0x080037c5   Thumb Code   150  stm32f10x_tim.o(i.TIM_ICInit)
    TIM_ICStructInit                         0x08003871   Thumb Code    18  stm32f10x_tim.o(i.TIM_ICStructInit)
    TIM_ITConfig                             0x08003883   Thumb Code    18  stm32f10x_tim.o(i.TIM_ITConfig)
    TIM_OC3Init                              0x08003895   Thumb Code   150  stm32f10x_tim.o(i.TIM_OC3Init)
    TIM_OC3PreloadConfig                     0x08003935   Thumb Code    18  stm32f10x_tim.o(i.TIM_OC3PreloadConfig)
    TIM_OC4Init                              0x08003949   Thumb Code   114  stm32f10x_tim.o(i.TIM_OC4Init)
    TIM_OC4PreloadConfig                     0x080039c5   Thumb Code    26  stm32f10x_tim.o(i.TIM_OC4PreloadConfig)
    TIM_SetCompare3                          0x080039df   Thumb Code     4  stm32f10x_tim.o(i.TIM_SetCompare3)
    TIM_SetCompare4                          0x080039e3   Thumb Code     6  stm32f10x_tim.o(i.TIM_SetCompare4)
    TIM_SetCounter                           0x080039e9   Thumb Code     4  stm32f10x_tim.o(i.TIM_SetCounter)
    TIM_SetIC1Prescaler                      0x080039ed   Thumb Code    18  stm32f10x_tim.o(i.TIM_SetIC1Prescaler)
    TIM_SetIC2Prescaler                      0x080039ff   Thumb Code    26  stm32f10x_tim.o(i.TIM_SetIC2Prescaler)
    TIM_SetIC3Prescaler                      0x08003a19   Thumb Code    18  stm32f10x_tim.o(i.TIM_SetIC3Prescaler)
    TIM_SetIC4Prescaler                      0x08003a2b   Thumb Code    26  stm32f10x_tim.o(i.TIM_SetIC4Prescaler)
    TIM_TimeBaseInit                         0x08003a45   Thumb Code   122  stm32f10x_tim.o(i.TIM_TimeBaseInit)
    TIM_TimeBaseStructInit                   0x08003ae9   Thumb Code    18  stm32f10x_tim.o(i.TIM_TimeBaseStructInit)
    Task_Init                                0x08003afd   Thumb Code   290  control.o(i.Task_Init)
    USART1_IRQHandler                        0x08003cad   Thumb Code    24  remote.o(i.USART1_IRQHandler)
    USART3_IRQHandler                        0x08003cc9   Thumb Code    40  remote.o(i.USART3_IRQHandler)
    USART_Cmd                                0x08003cf9   Thumb Code    24  stm32f10x_usart.o(i.USART_Cmd)
    USART_GetFlagStatus                      0x08003d11   Thumb Code    26  stm32f10x_usart.o(i.USART_GetFlagStatus)
    USART_GetITStatus                        0x08003d2b   Thumb Code    84  stm32f10x_usart.o(i.USART_GetITStatus)
    USART_ITConfig                           0x08003d7f   Thumb Code    74  stm32f10x_usart.o(i.USART_ITConfig)
    USART_Init                               0x08003dc9   Thumb Code   210  stm32f10x_usart.o(i.USART_Init)
    USART_SendData                           0x08003ea1   Thumb Code     8  stm32f10x_usart.o(i.USART_SendData)
    Uart1_init                               0x08003ea9   Thumb Code   154  remote.o(i.Uart1_init)
    Uart3_init                               0x08003f4d   Thumb Code   158  remote.o(i.Uart3_init)
    UsageFault_Handler                       0x08003ff5   Thumb Code     4  stm32f10x_it.o(i.UsageFault_Handler)
    Write0                                   0x08003ff9   Thumb Code    40  led.o(i.Write0)
    Write1                                   0x08004025   Thumb Code    56  led.o(i.Write1)
    __ARM_fpclassify                         0x08004061   Thumb Code    40  fpclassify.o(i.__ARM_fpclassify)
    __kernel_poly                            0x08004089   Thumb Code   170  poly.o(i.__kernel_poly)
    __mathlib_dbl_infnan                     0x08004133   Thumb Code     6  dunder.o(i.__mathlib_dbl_infnan)
    __mathlib_dbl_infnan2                    0x08004139   Thumb Code     4  dunder.o(i.__mathlib_dbl_infnan2)
    __mathlib_dbl_invalid                    0x0800413d   Thumb Code    12  dunder.o(i.__mathlib_dbl_invalid)
    __mathlib_dbl_underflow                  0x08004149   Thumb Code    10  dunder.o(i.__mathlib_dbl_underflow)
    _is_digit                                0x08004159   Thumb Code    14  __printf_wp.o(i._is_digit)
    _sys_exit                                0x08004167   Thumb Code     2  remote.o(i._sys_exit)
    asin                                     0x08004215   Thumb Code   572  asin.o(i.asin)
    atan                                     0x08004485   Thumb Code   474  atan.o(i.atan)
    atan2                                    0x080046a5   Thumb Code   374  atan2.o(i.atan2)
    dmp_enable_6x_lp_quat                    0x080048f9   Thumb Code    60  inv_mpu_dmp_motion_driver.o(i.dmp_enable_6x_lp_quat)
    dmp_enable_feature                       0x08004935   Thumb Code   530  inv_mpu_dmp_motion_driver.o(i.dmp_enable_feature)
    dmp_enable_gyro_cal                      0x08004b51   Thumb Code    62  inv_mpu_dmp_motion_driver.o(i.dmp_enable_gyro_cal)
    dmp_enable_lp_quat                       0x08004ba9   Thumb Code    60  inv_mpu_dmp_motion_driver.o(i.dmp_enable_lp_quat)
    dmp_load_motion_driver_firmware          0x08004be5   Thumb Code    20  inv_mpu_dmp_motion_driver.o(i.dmp_load_motion_driver_firmware)
    dmp_read_fifo                            0x08004bfd   Thumb Code   456  inv_mpu_dmp_motion_driver.o(i.dmp_read_fifo)
    dmp_set_accel_bias                       0x08004dc9   Thumb Code   300  inv_mpu_dmp_motion_driver.o(i.dmp_set_accel_bias)
    dmp_set_fifo_rate                        0x08004ef9   Thumb Code    96  inv_mpu_dmp_motion_driver.o(i.dmp_set_fifo_rate)
    dmp_set_gyro_bias                        0x08004f69   Thumb Code   294  inv_mpu_dmp_motion_driver.o(i.dmp_set_gyro_bias)
    dmp_set_orientation                      0x08005099   Thumb Code   290  inv_mpu_dmp_motion_driver.o(i.dmp_set_orientation)
    dmp_set_shake_reject_thresh              0x080051d1   Thumb Code    56  inv_mpu_dmp_motion_driver.o(i.dmp_set_shake_reject_thresh)
    dmp_set_shake_reject_time                0x08005209   Thumb Code    38  inv_mpu_dmp_motion_driver.o(i.dmp_set_shake_reject_time)
    dmp_set_shake_reject_timeout             0x0800522f   Thumb Code    38  inv_mpu_dmp_motion_driver.o(i.dmp_set_shake_reject_timeout)
    dmp_set_tap_axes                         0x08005255   Thumb Code    70  inv_mpu_dmp_motion_driver.o(i.dmp_set_tap_axes)
    dmp_set_tap_count                        0x0800529b   Thumb Code    38  inv_mpu_dmp_motion_driver.o(i.dmp_set_tap_count)
    dmp_set_tap_thresh                       0x080052c1   Thumb Code   396  inv_mpu_dmp_motion_driver.o(i.dmp_set_tap_thresh)
    dmp_set_tap_time                         0x08005461   Thumb Code    38  inv_mpu_dmp_motion_driver.o(i.dmp_set_tap_time)
    dmp_set_tap_time_multi                   0x08005487   Thumb Code    38  inv_mpu_dmp_motion_driver.o(i.dmp_set_tap_time_multi)
    fputc                                    0x080054ad   Thumb Code    32  remote.o(i.fputc)
    getSpeed                                 0x080054d1   Thumb Code    28  encoder.o(i.getSpeed)
    inv_orientation_matrix_to_scalar         0x08005b31   Thumb Code    40  inv_mpu.o(i.inv_orientation_matrix_to_scalar)
    inv_row_2_scale                          0x08005b59   Thumb Code    78  inv_mpu.o(i.inv_row_2_scale)
    main                                     0x08005ba9   Thumb Code    56  main.o(i.main)
    mget_ms                                  0x08005bf5   Thumb Code     2  inv_mpu.o(i.mget_ms)
    mpu_configure_fifo                       0x08005bf9   Thumb Code   106  inv_mpu.o(i.mpu_configure_fifo)
    mpu_dmp_get_data                         0x08005c69   Thumb Code   544  inv_mpu.o(i.mpu_dmp_get_data)
    mpu_dmp_init                             0x08005e8d   Thumb Code   148  inv_mpu.o(i.mpu_dmp_init)
    mpu_get_accel_fsr                        0x08005f25   Thumb Code    72  inv_mpu.o(i.mpu_get_accel_fsr)
    mpu_get_accel_sens                       0x08005f71   Thumb Code    78  inv_mpu.o(i.mpu_get_accel_sens)
    mpu_get_fifo_config                      0x08005fc5   Thumb Code    12  inv_mpu.o(i.mpu_get_fifo_config)
    mpu_get_gyro_fsr                         0x08005fd5   Thumb Code    64  inv_mpu.o(i.mpu_get_gyro_fsr)
    mpu_get_gyro_sens                        0x08006019   Thumb Code    58  inv_mpu.o(i.mpu_get_gyro_sens)
    mpu_get_lpf                              0x08006069   Thumb Code    74  inv_mpu.o(i.mpu_get_lpf)
    mpu_get_sample_rate                      0x080060b9   Thumb Code    26  inv_mpu.o(i.mpu_get_sample_rate)
    mpu_init                                 0x080060d9   Thumb Code   416  inv_mpu.o(i.mpu_init)
    mpu_load_firmware                        0x080062c9   Thumb Code   180  inv_mpu.o(i.mpu_load_firmware)
    mpu_lp_accel_mode                        0x08006381   Thumb Code   218  inv_mpu.o(i.mpu_lp_accel_mode)
    mpu_read_fifo_stream                     0x08006461   Thumb Code   186  inv_mpu.o(i.mpu_read_fifo_stream)
    mpu_read_mem                             0x08006521   Thumb Code   122  inv_mpu.o(i.mpu_read_mem)
    mpu_reset_fifo                           0x080065a1   Thumb Code   450  inv_mpu.o(i.mpu_reset_fifo)
    mpu_run_self_test                        0x08006769   Thumb Code   278  inv_mpu.o(i.mpu_run_self_test)
    mpu_set_accel_fsr                        0x08006885   Thumb Code   126  inv_mpu.o(i.mpu_set_accel_fsr)
    mpu_set_bypass                           0x08006909   Thumb Code   328  inv_mpu.o(i.mpu_set_bypass)
    mpu_set_dmp_state                        0x08006a55   Thumb Code   138  inv_mpu.o(i.mpu_set_dmp_state)
    mpu_set_gyro_fsr                         0x08006ae5   Thumb Code   132  inv_mpu.o(i.mpu_set_gyro_fsr)
    mpu_set_int_latched                      0x08006b6d   Thumb Code   102  inv_mpu.o(i.mpu_set_int_latched)
    mpu_set_lpf                              0x08006bd9   Thumb Code   126  inv_mpu.o(i.mpu_set_lpf)
    mpu_set_sample_rate                      0x08006c5d   Thumb Code   152  inv_mpu.o(i.mpu_set_sample_rate)
    mpu_set_sensors                          0x08006cf9   Thumb Code   202  inv_mpu.o(i.mpu_set_sensors)
    mpu_write_mem                            0x08006dc9   Thumb Code   122  inv_mpu.o(i.mpu_write_mem)
    pvPortMalloc                             0x08007831   Thumb Code   228  heap_4.o(i.pvPortMalloc)
    pxPortInitialiseStack                    0x0800792d   Thumb Code    30  port.o(i.pxPortInitialiseStack)
    run_self_test                            0x08007951   Thumb Code   148  inv_mpu.o(i.run_self_test)
    setMotorPwm                              0x080079e5   Thumb Code   160  motor.o(i.setMotorPwm)
    sqrt                                     0x08007b25   Thumb Code    76  sqrt.o(i.sqrt)
    ulTaskGenericNotifyTake                  0x08007b71   Thumb Code   128  tasks.o(i.ulTaskGenericNotifyTake)
    uxListRemove                             0x08007bf9   Thumb Code    40  list.o(i.uxListRemove)
    uxTaskResetEventItemValue                0x08007c21   Thumb Code    24  tasks.o(i.uxTaskResetEventItemValue)
    vApplicationIdleHook                     0x08007c3d   Thumb Code    14  control.o(i.vApplicationIdleHook)
    vEventGroupSetBitsCallback               0x08007d19   Thumb Code    16  event_groups.o(i.vEventGroupSetBitsCallback)
    vListInitialise                          0x08007de5   Thumb Code    26  list.o(i.vListInitialise)
    vListInitialiseItem                      0x08007dff   Thumb Code     6  list.o(i.vListInitialiseItem)
    vListInsert                              0x08007e05   Thumb Code    52  list.o(i.vListInsert)
    vListInsertEnd                           0x08007e39   Thumb Code    24  list.o(i.vListInsertEnd)
    vPortEnterCritical                       0x08007ebd   Thumb Code    30  port.o(i.vPortEnterCritical)
    vPortExitCritical                        0x08007ee1   Thumb Code    28  port.o(i.vPortExitCritical)
    vPortFree                                0x08007f01   Thumb Code    74  heap_4.o(i.vPortFree)
    vPortSetupTimerInterrupt                 0x08007f59   Thumb Code    20  port.o(i.vPortSetupTimerInterrupt)
    vQueueWaitForMessageRestricted           0x08007f71   Thumb Code    74  queue.o(i.vQueueWaitForMessageRestricted)
    vTaskDelay                               0x0800815d   Thumb Code    46  tasks.o(i.vTaskDelay)
    vTaskDelete                              0x08008191   Thumb Code   166  tasks.o(i.vTaskDelete)
    vTaskGenericNotifyGiveFromISR            0x0800825d   Thumb Code   166  tasks.o(i.vTaskGenericNotifyGiveFromISR)
    vTaskInternalSetTimeOutState             0x0800831d   Thumb Code    14  tasks.o(i.vTaskInternalSetTimeOutState)
    vTaskMissedYield                         0x08008335   Thumb Code     8  tasks.o(i.vTaskMissedYield)
    vTaskPlaceOnEventList                    0x08008341   Thumb Code    28  tasks.o(i.vTaskPlaceOnEventList)
    vTaskPlaceOnEventListRestricted          0x08008361   Thumb Code    36  tasks.o(i.vTaskPlaceOnEventListRestricted)
    vTaskPlaceOnUnorderedEventList           0x08008389   Thumb Code    40  tasks.o(i.vTaskPlaceOnUnorderedEventList)
    vTaskRemoveFromUnorderedEventList        0x080083b5   Thumb Code    82  tasks.o(i.vTaskRemoveFromUnorderedEventList)
    vTaskStartScheduler                      0x08008419   Thumb Code    86  tasks.o(i.vTaskStartScheduler)
    vTaskSuspendAll                          0x08008491   Thumb Code    12  tasks.o(i.vTaskSuspendAll)
    vTaskSwitchContext                       0x080084a1   Thumb Code    76  tasks.o(i.vTaskSwitchContext)
    xEventGroupCreate                        0x08008501   Thumb Code    26  event_groups.o(i.xEventGroupCreate)
    xEventGroupSetBits                       0x0800851b   Thumb Code   146  event_groups.o(i.xEventGroupSetBits)
    xEventGroupWaitBits                      0x080085ad   Thumb Code   198  event_groups.o(i.xEventGroupWaitBits)
    xPortStartScheduler                      0x08008679   Thumb Code    42  port.o(i.xPortStartScheduler)
    xPortSysTickHandler                      0x080086ad   Thumb Code    46  port.o(i.xPortSysTickHandler)
    xQueueGenericCreate                      0x080086e1   Thumb Code    52  queue.o(i.xQueueGenericCreate)
    xQueueGenericReset                       0x08008715   Thumb Code   122  queue.o(i.xQueueGenericReset)
    xQueueGenericSend                        0x08008795   Thumb Code   276  queue.o(i.xQueueGenericSend)
    xQueueGenericSendFromISR                 0x080088ad   Thumb Code   138  queue.o(i.xQueueGenericSendFromISR)
    xQueueReceive                            0x08008939   Thumb Code   256  queue.o(i.xQueueReceive)
    xTaskCheckForTimeOut                     0x08008a3d   Thumb Code    88  tasks.o(i.xTaskCheckForTimeOut)
    xTaskCreate                              0x08008a9d   Thumb Code    96  tasks.o(i.xTaskCreate)
    xTaskDelayUntil                          0x08008afd   Thumb Code   108  tasks.o(i.xTaskDelayUntil)
    xTaskGetSchedulerState                   0x08008b71   Thumb Code    24  tasks.o(i.xTaskGetSchedulerState)
    xTaskGetTickCount                        0x08008b91   Thumb Code     6  tasks.o(i.xTaskGetTickCount)
    xTaskIncrementTick                       0x08008b9d   Thumb Code   238  tasks.o(i.xTaskIncrementTick)
    xTaskPriorityDisinherit                  0x08008cb9   Thumb Code   108  tasks.o(i.xTaskPriorityDisinherit)
    xTaskRemoveFromEventList                 0x08008d2d   Thumb Code   104  tasks.o(i.xTaskRemoveFromEventList)
    xTaskResumeAll                           0x08008dad   Thumb Code   196  tasks.o(i.xTaskResumeAll)
    xTimerCreateTimerTask                    0x08008e95   Thumb Code    40  timers.o(i.xTimerCreateTimerTask)
    xTimerGenericCommand                     0x08008ed1   Thumb Code   104  timers.o(i.xTimerGenericCommand)
    xTimerPendFunctionCallFromISR            0x08008f3d   Thumb Code    48  timers.o(i.xTimerPendFunctionCallFromISR)
    _get_lc_numeric                          0x08008f71   Thumb Code    44  lc_numeric_c.o(locale$$code)
    __aeabi_d2f                              0x08008f9d   Thumb Code     0  d2f.o(x$fpl$d2f)
    _d2f                                     0x08008f9d   Thumb Code    98  d2f.o(x$fpl$d2f)
    __aeabi_dadd                             0x08009001   Thumb Code     0  daddsub_clz.o(x$fpl$dadd)
    _dadd                                    0x08009001   Thumb Code   332  daddsub_clz.o(x$fpl$dadd)
    __fpl_dcheck_NaN1                        0x08009151   Thumb Code    10  dcheck1.o(x$fpl$dcheck1)
    __fpl_dcmp_Inf                           0x08009161   Thumb Code    24  dcmpi.o(x$fpl$dcmpinf)
    __aeabi_ddiv                             0x08009179   Thumb Code     0  ddiv.o(x$fpl$ddiv)
    _ddiv                                    0x08009179   Thumb Code   552  ddiv.o(x$fpl$ddiv)
    __aeabi_cdcmpeq                          0x08009429   Thumb Code     0  deqf.o(x$fpl$deqf)
    _dcmpeq                                  0x08009429   Thumb Code   120  deqf.o(x$fpl$deqf)
    __aeabi_dmul                             0x080094a1   Thumb Code     0  dmul.o(x$fpl$dmul)
    _dmul                                    0x080094a1   Thumb Code   332  dmul.o(x$fpl$dmul)
    __fpl_dnaninf                            0x080095f5   Thumb Code   156  dnaninf.o(x$fpl$dnaninf)
    __fpl_dretinf                            0x08009691   Thumb Code    12  dretinf.o(x$fpl$dretinf)
    __aeabi_drsub                            0x0800969d   Thumb Code     0  daddsub_clz.o(x$fpl$drsb)
    _drsb                                    0x0800969d   Thumb Code    22  daddsub_clz.o(x$fpl$drsb)
    _dsqrt                                   0x080096b5   Thumb Code   456  dsqrt_noumaal.o(x$fpl$dsqrt)
    __aeabi_dsub                             0x08009881   Thumb Code     0  daddsub_clz.o(x$fpl$dsub)
    _dsub                                    0x08009881   Thumb Code   464  daddsub_clz.o(x$fpl$dsub)
    __aeabi_f2d                              0x08009a55   Thumb Code     0  f2d.o(x$fpl$f2d)
    _f2d                                     0x08009a55   Thumb Code    86  f2d.o(x$fpl$f2d)
    __aeabi_fadd                             0x08009aad   Thumb Code     0  faddsub_clz.o(x$fpl$fadd)
    _fadd                                    0x08009aad   Thumb Code   196  faddsub_clz.o(x$fpl$fadd)
    __fpl_fcmp_Inf                           0x08009b71   Thumb Code    24  fcmpi.o(x$fpl$fcmpinf)
    __aeabi_fdiv                             0x08009b89   Thumb Code     0  fdiv.o(x$fpl$fdiv)
    _fdiv                                    0x08009b89   Thumb Code   384  fdiv.o(x$fpl$fdiv)
    __aeabi_cfcmpeq                          0x08009d0d   Thumb Code     0  feqf.o(x$fpl$feqf)
    _fcmpeq                                  0x08009d0d   Thumb Code   104  feqf.o(x$fpl$feqf)
    __aeabi_f2iz                             0x08009d75   Thumb Code     0  ffix.o(x$fpl$ffix)
    _ffix                                    0x08009d75   Thumb Code    54  ffix.o(x$fpl$ffix)
    __aeabi_f2uiz                            0x08009dad   Thumb Code     0  ffixu.o(x$fpl$ffixu)
    _ffixu                                   0x08009dad   Thumb Code    62  ffixu.o(x$fpl$ffixu)
    __aeabi_i2f                              0x08009ded   Thumb Code     0  fflt_clz.o(x$fpl$fflt)
    _fflt                                    0x08009ded   Thumb Code    48  fflt_clz.o(x$fpl$fflt)
    __aeabi_ui2f                             0x08009e1d   Thumb Code     0  fflt_clz.o(x$fpl$ffltu)
    _ffltu                                   0x08009e1d   Thumb Code    38  fflt_clz.o(x$fpl$ffltu)
    __aeabi_cfcmple                          0x08009e45   Thumb Code     0  fleqf.o(x$fpl$fleqf)
    _fcmple                                  0x08009e45   Thumb Code   104  fleqf.o(x$fpl$fleqf)
    __fpl_fcmple_InfNaN                      0x08009e97   Thumb Code     0  fleqf.o(x$fpl$fleqf)
    __aeabi_fmul                             0x08009ead   Thumb Code     0  fmul.o(x$fpl$fmul)
    _fmul                                    0x08009ead   Thumb Code   258  fmul.o(x$fpl$fmul)
    __fpl_fnaninf                            0x08009faf   Thumb Code   140  fnaninf.o(x$fpl$fnaninf)
    __fpl_fretinf                            0x0800a03b   Thumb Code    10  fretinf.o(x$fpl$fretinf)
    __aeabi_cfrcmple                         0x0800a045   Thumb Code     0  frleqf.o(x$fpl$frleqf)
    _frcmple                                 0x0800a045   Thumb Code    98  frleqf.o(x$fpl$frleqf)
    __aeabi_frsub                            0x0800a0a7   Thumb Code     0  faddsub_clz.o(x$fpl$frsb)
    _frsb                                    0x0800a0a7   Thumb Code    20  faddsub_clz.o(x$fpl$frsb)
    __aeabi_fsub                             0x0800a0bd   Thumb Code     0  faddsub_clz.o(x$fpl$fsub)
    _fsub                                    0x0800a0bd   Thumb Code   234  faddsub_clz.o(x$fpl$fsub)
    _printf_fp_dec                           0x0800a1a7   Thumb Code     4  printf1.o(x$fpl$printf1)
    __fpl_return_NaN                         0x0800a1ab   Thumb Code   100  retnan.o(x$fpl$retnan)
    __ARM_scalbn                             0x0800a20f   Thumb Code    92  scalbn.o(x$fpl$scalbn)
    __fpl_cmpreturn                          0x0800a26b   Thumb Code    48  trapv.o(x$fpl$trapveneer)
    F6x8                                     0x0800a29a   Data         552  oled.o(.constdata)
    __I$use$fp                               0x0800a29a   Number         0  usenofp.o(x$fpl$usenofp)
    F8X16                                    0x0800a4c2   Data        1520  oled.o(.constdata)
    reg                                      0x0800aab4   Data          27  inv_mpu.o(.constdata)
    hw                                       0x0800aad0   Data          12  inv_mpu.o(.constdata)
    test                                     0x0800aadc   Data          40  inv_mpu.o(.constdata)
    __mathlib_zero                           0x0800b7f8   Data           8  qnan.o(.constdata)
    Region$$Table$$Base                      0x0800b8e4   Number         0  anon$$obj.o(Region$$Table)
    Region$$Table$$Limit                     0x0800b904   Number         0  anon$$obj.o(Region$$Table)
    SystemCoreClock                          0x20000014   Data           4  system_stm32f10x.o(.data)
    AHBPrescTable                            0x20000018   Data          16  system_stm32f10x.o(.data)
    pitch                                    0x20000028   Data           4  control.o(.data)
    roll                                     0x2000002c   Data           4  control.o(.data)
    yaw                                      0x20000030   Data           4  control.o(.data)
    gx                                       0x20000034   Data           2  control.o(.data)
    gy                                       0x20000036   Data           2  control.o(.data)
    gz                                       0x20000038   Data           2  control.o(.data)
    xBalanceTaskHandle                       0x2000003c   Data           4  control.o(.data)
    xEventGroup                              0x20000040   Data           4  control.o(.data)
    xQueue                                   0x20000044   Data           4  control.o(.data)
    remoteState                              0x2000005c   Data           1  remote.o(.data)
    __stdout                                 0x20000060   Data           4  remote.o(.data)
    __stdin                                  0x20000064   Data           4  remote.o(.data)
    pPage                                    0x20000068   Data           4  gui.o(.data)
    pageFunctions                            0x2000006c   Data          16  gui.o(.data)
    pxCurrentTCB                             0x20000278   Data           4  tasks.o(.data)
    uxTopUsedPriority                        0x200002b0   Data           4  tasks.o(.data)
    balancePid                               0x200002f0   Data          32  control.o(.bss)
    directionPid                             0x20000310   Data          32  control.o(.bss)
    speedPid                                 0x20000330   Data          32  control.o(.bss)
    __libspace_start                         0x20002f34   Data          96  libspace.o(.bss)
    __temporary_stack_top$libspace           0x20002f94   Data           0  libspace.o(.bss)



==============================================================================

Memory Map of the image

  Image Entry point : 0x080000ed

  Load Region LR_IROM1 (Base: 0x08000000, Size: 0x0000bc10, Max: 0x00010000, ABSOLUTE, COMPRESSED[0x0000b984])

    Execution Region ER_IROM1 (Exec base: 0x08000000, Load base: 0x08000000, Size: 0x0000b920, Max: 0x00010000, ABSOLUTE)

    Exec Addr    Load Addr    Size         Type   Attr      Idx    E Section Name        Object

    0x08000000   0x08000000   0x000000ec   Data   RO           19    RESET               startup_stm32f10x_md.o
    0x080000ec   0x080000ec   0x00000008   Code   RO         3734  * !!!main             c_w.l(__main.o)
    0x080000f4   0x080000f4   0x00000034   Code   RO         4114    !!!scatter          c_w.l(__scatter.o)
    0x08000128   0x08000128   0x0000005a   Code   RO         4112    !!dczerorl2         c_w.l(__dczerorl2.o)
    0x08000182   0x08000182   0x00000002   PAD
    0x08000184   0x08000184   0x0000001c   Code   RO         4116    !!handler_zi        c_w.l(__scatter_zi.o)
    0x080001a0   0x080001a0   0x00000000   Code   RO         3720    .ARM.Collect$$_printf_percent$$00000000  c_w.l(_printf_percent.o)
    0x080001a0   0x080001a0   0x00000006   Code   RO         3719    .ARM.Collect$$_printf_percent$$00000003  c_w.l(_printf_f.o)
    0x080001a6   0x080001a6   0x00000006   Code   RO         3718    .ARM.Collect$$_printf_percent$$00000009  c_w.l(_printf_d.o)
    0x080001ac   0x080001ac   0x00000004   Code   RO         3827    .ARM.Collect$$_printf_percent$$00000017  c_w.l(_printf_percent_end.o)
    0x080001b0   0x080001b0   0x00000002   Code   RO         4032    .ARM.Collect$$libinit$$00000000  c_w.l(libinit.o)
    0x080001b2   0x080001b2   0x00000000   Code   RO         3833    .ARM.Collect$$libinit$$00000002  c_w.l(libinit2.o)
    0x080001b2   0x080001b2   0x00000000   Code   RO         3835    .ARM.Collect$$libinit$$00000004  c_w.l(libinit2.o)
    0x080001b2   0x080001b2   0x00000000   Code   RO         3838    .ARM.Collect$$libinit$$0000000A  c_w.l(libinit2.o)
    0x080001b2   0x080001b2   0x00000000   Code   RO         3840    .ARM.Collect$$libinit$$0000000C  c_w.l(libinit2.o)
    0x080001b2   0x080001b2   0x00000000   Code   RO         3842    .ARM.Collect$$libinit$$0000000E  c_w.l(libinit2.o)
    0x080001b2   0x080001b2   0x00000006   Code   RO         3843    .ARM.Collect$$libinit$$0000000F  c_w.l(libinit2.o)
    0x080001b8   0x080001b8   0x00000000   Code   RO         3845    .ARM.Collect$$libinit$$00000011  c_w.l(libinit2.o)
    0x080001b8   0x080001b8   0x00000000   Code   RO         3847    .ARM.Collect$$libinit$$00000013  c_w.l(libinit2.o)
    0x080001b8   0x080001b8   0x00000000   Code   RO         3849    .ARM.Collect$$libinit$$00000015  c_w.l(libinit2.o)
    0x080001b8   0x080001b8   0x0000000a   Code   RO         3850    .ARM.Collect$$libinit$$00000016  c_w.l(libinit2.o)
    0x080001c2   0x080001c2   0x00000000   Code   RO         3851    .ARM.Collect$$libinit$$00000017  c_w.l(libinit2.o)
    0x080001c2   0x080001c2   0x00000000   Code   RO         3853    .ARM.Collect$$libinit$$00000019  c_w.l(libinit2.o)
    0x080001c2   0x080001c2   0x00000000   Code   RO         3855    .ARM.Collect$$libinit$$0000001B  c_w.l(libinit2.o)
    0x080001c2   0x080001c2   0x00000000   Code   RO         3857    .ARM.Collect$$libinit$$0000001D  c_w.l(libinit2.o)
    0x080001c2   0x080001c2   0x00000000   Code   RO         3859    .ARM.Collect$$libinit$$0000001F  c_w.l(libinit2.o)
    0x080001c2   0x080001c2   0x00000000   Code   RO         3861    .ARM.Collect$$libinit$$00000021  c_w.l(libinit2.o)
    0x080001c2   0x080001c2   0x00000000   Code   RO         3863    .ARM.Collect$$libinit$$00000023  c_w.l(libinit2.o)
    0x080001c2   0x080001c2   0x00000000   Code   RO         3865    .ARM.Collect$$libinit$$00000025  c_w.l(libinit2.o)
    0x080001c2   0x080001c2   0x00000000   Code   RO         3869    .ARM.Collect$$libinit$$0000002C  c_w.l(libinit2.o)
    0x080001c2   0x080001c2   0x00000000   Code   RO         3871    .ARM.Collect$$libinit$$0000002E  c_w.l(libinit2.o)
    0x080001c2   0x080001c2   0x00000000   Code   RO         3873    .ARM.Collect$$libinit$$00000030  c_w.l(libinit2.o)
    0x080001c2   0x080001c2   0x00000000   Code   RO         3875    .ARM.Collect$$libinit$$00000032  c_w.l(libinit2.o)
    0x080001c2   0x080001c2   0x00000002   Code   RO         3876    .ARM.Collect$$libinit$$00000033  c_w.l(libinit2.o)
    0x080001c4   0x080001c4   0x00000002   Code   RO         4073    .ARM.Collect$$libshutdown$$00000000  c_w.l(libshutdown.o)
    0x080001c6   0x080001c6   0x00000000   Code   RO         4079    .ARM.Collect$$libshutdown$$00000002  c_w.l(libshutdown2.o)
    0x080001c6   0x080001c6   0x00000000   Code   RO         4081    .ARM.Collect$$libshutdown$$00000004  c_w.l(libshutdown2.o)
    0x080001c6   0x080001c6   0x00000000   Code   RO         4083    .ARM.Collect$$libshutdown$$00000006  c_w.l(libshutdown2.o)
    0x080001c6   0x080001c6   0x00000000   Code   RO         4086    .ARM.Collect$$libshutdown$$00000009  c_w.l(libshutdown2.o)
    0x080001c6   0x080001c6   0x00000000   Code   RO         4089    .ARM.Collect$$libshutdown$$0000000C  c_w.l(libshutdown2.o)
    0x080001c6   0x080001c6   0x00000000   Code   RO         4091    .ARM.Collect$$libshutdown$$0000000E  c_w.l(libshutdown2.o)
    0x080001c6   0x080001c6   0x00000000   Code   RO         4094    .ARM.Collect$$libshutdown$$00000011  c_w.l(libshutdown2.o)
    0x080001c6   0x080001c6   0x00000002   Code   RO         4095    .ARM.Collect$$libshutdown$$00000012  c_w.l(libshutdown2.o)
    0x080001c8   0x080001c8   0x00000000   Code   RO         3812    .ARM.Collect$$rtentry$$00000000  c_w.l(__rtentry.o)
    0x080001c8   0x080001c8   0x00000000   Code   RO         3930    .ARM.Collect$$rtentry$$00000002  c_w.l(__rtentry2.o)
    0x080001c8   0x080001c8   0x00000006   Code   RO         3942    .ARM.Collect$$rtentry$$00000004  c_w.l(__rtentry4.o)
    0x080001ce   0x080001ce   0x00000000   Code   RO         3932    .ARM.Collect$$rtentry$$00000009  c_w.l(__rtentry2.o)
    0x080001ce   0x080001ce   0x00000004   Code   RO         3933    .ARM.Collect$$rtentry$$0000000A  c_w.l(__rtentry2.o)
    0x080001d2   0x080001d2   0x00000000   Code   RO         3935    .ARM.Collect$$rtentry$$0000000C  c_w.l(__rtentry2.o)
    0x080001d2   0x080001d2   0x00000008   Code   RO         3936    .ARM.Collect$$rtentry$$0000000D  c_w.l(__rtentry2.o)
    0x080001da   0x080001da   0x00000002   Code   RO         4037    .ARM.Collect$$rtexit$$00000000  c_w.l(rtexit.o)
    0x080001dc   0x080001dc   0x00000000   Code   RO         4053    .ARM.Collect$$rtexit$$00000002  c_w.l(rtexit2.o)
    0x080001dc   0x080001dc   0x00000004   Code   RO         4054    .ARM.Collect$$rtexit$$00000003  c_w.l(rtexit2.o)
    0x080001e0   0x080001e0   0x00000006   Code   RO         4055    .ARM.Collect$$rtexit$$00000004  c_w.l(rtexit2.o)
    0x080001e6   0x080001e6   0x00000002   PAD
    0x080001e8   0x080001e8   0x00000096   Code   RO         3316    .emb_text           port.o
    0x0800027e   0x0800027e   0x00000002   PAD
    0x08000280   0x08000280   0x00000040   Code   RO           20    .text               startup_stm32f10x_md.o
    0x080002c0   0x080002c0   0x00000002   Code   RO         3658    .text               c_w.l(use_no_semi_2.o)
    0x080002c2   0x080002c2   0x00000048   Code   RO         3660    .text               c_w.l(llsdiv.o)
    0x0800030a   0x0800030a   0x00000002   PAD
    0x0800030c   0x0800030c   0x00000018   Code   RO         3666    .text               c_w.l(noretval__2printf.o)
    0x08000324   0x08000324   0x00000028   Code   RO         3668    .text               c_w.l(noretval__2sprintf.o)
    0x0800034c   0x0800034c   0x0000004e   Code   RO         3672    .text               c_w.l(_printf_pad.o)
    0x0800039a   0x0800039a   0x00000002   PAD
    0x0800039c   0x0800039c   0x00000078   Code   RO         3674    .text               c_w.l(_printf_dec.o)
    0x08000414   0x08000414   0x00000138   Code   RO         3709    .text               c_w.l(__printf_flags_wp.o)
    0x0800054c   0x0800054c   0x00000058   Code   RO         3726    .text               c_w.l(memcmp.o)
    0x080005a4   0x080005a4   0x0000008a   Code   RO         3728    .text               c_w.l(rt_memcpy_v6.o)
    0x0800062e   0x0800062e   0x00000010   Code   RO         3730    .text               c_w.l(aeabi_memset.o)
    0x0800063e   0x0800063e   0x00000006   Code   RO         3732    .text               c_w.l(heapauxi.o)
    0x08000644   0x08000644   0x00000002   Code   RO         3810    .text               c_w.l(use_no_semi.o)
    0x08000646   0x08000646   0x000000ee   Code   RO         3813    .text               c_w.l(lludivv7m.o)
    0x08000734   0x08000734   0x00000016   Code   RO         3815    .text               c_w.l(_rserrno.o)
    0x0800074a   0x0800074a   0x000000b2   Code   RO         3817    .text               c_w.l(_printf_intcommon.o)
    0x080007fc   0x080007fc   0x0000041e   Code   RO         3819    .text               c_w.l(_printf_fp_dec.o)
    0x08000c1a   0x08000c1a   0x00000002   PAD
    0x08000c1c   0x08000c1c   0x00000030   Code   RO         3821    .text               c_w.l(_printf_char_common.o)
    0x08000c4c   0x08000c4c   0x0000000a   Code   RO         3823    .text               c_w.l(_sputc.o)
    0x08000c56   0x08000c56   0x00000002   PAD
    0x08000c58   0x08000c58   0x00000024   Code   RO         3825    .text               c_w.l(_printf_char_file.o)
    0x08000c7c   0x08000c7c   0x00000064   Code   RO         3828    .text               c_w.l(rt_memcpy_w.o)
    0x08000ce0   0x08000ce0   0x00000044   Code   RO         3830    .text               c_w.l(rt_memclr.o)
    0x08000d24   0x08000d24   0x00000008   Code   RO         3951    .text               c_w.l(rt_locale_intlibspace.o)
    0x08000d2c   0x08000d2c   0x00000008   Code   RO         3956    .text               c_w.l(rt_errno_addr_intlibspace.o)
    0x08000d34   0x08000d34   0x0000008a   Code   RO         3958    .text               c_w.l(lludiv10.o)
    0x08000dbe   0x08000dbe   0x00000002   PAD
    0x08000dc0   0x08000dc0   0x00000080   Code   RO         3960    .text               c_w.l(_printf_fp_infnan.o)
    0x08000e40   0x08000e40   0x000000e4   Code   RO         3964    .text               c_w.l(bigflt0.o)
    0x08000f24   0x08000f24   0x00000008   Code   RO         3989    .text               c_w.l(ferror.o)
    0x08000f2c   0x08000f2c   0x0000004e   Code   RO         3996    .text               c_w.l(rt_memclr_w.o)
    0x08000f7a   0x08000f7a   0x00000002   PAD
    0x08000f7c   0x08000f7c   0x00000008   Code   RO         4012    .text               c_w.l(libspace.o)
    0x08000f84   0x08000f84   0x0000004a   Code   RO         4015    .text               c_w.l(sys_stackheap_outer.o)
    0x08000fce   0x08000fce   0x00000012   Code   RO         4019    .text               c_w.l(exit.o)
    0x08000fe0   0x08000fe0   0x00000080   Code   RO         4021    .text               c_w.l(strcmpv7m.o)
    0x08001060   0x08001060   0x0000003e   Code   RO         3967    CL$$btod_d2e        c_w.l(btod.o)
    0x0800109e   0x0800109e   0x00000046   Code   RO         3969    CL$$btod_d2e_denorm_low  c_w.l(btod.o)
    0x080010e4   0x080010e4   0x00000060   Code   RO         3968    CL$$btod_d2e_norm_op1  c_w.l(btod.o)
    0x08001144   0x08001144   0x00000338   Code   RO         3977    CL$$btod_div_common  c_w.l(btod.o)
    0x0800147c   0x0800147c   0x000000dc   Code   RO         3974    CL$$btod_e2e        c_w.l(btod.o)
    0x08001558   0x08001558   0x0000002a   Code   RO         3971    CL$$btod_ediv       c_w.l(btod.o)
    0x08001582   0x08001582   0x0000002a   Code   RO         3970    CL$$btod_emul       c_w.l(btod.o)
    0x080015ac   0x080015ac   0x00000244   Code   RO         3976    CL$$btod_mult_common  c_w.l(btod.o)
    0x080017f0   0x080017f0   0x00000098   Code   RO         1697    i.AMotor_PWM_Init   motor.o
    0x08001888   0x08001888   0x000000a0   Code   RO         1636    i.A_Encoder_Init    encoder.o
    0x08001928   0x08001928   0x00000090   Code   RO         1698    i.BMotor_PWM_Init   motor.o
    0x080019b8   0x080019b8   0x0000009c   Code   RO         1637    i.B_Encoder_Init    encoder.o
    0x08001a54   0x08001a54   0x000000dc   Code   RO         1737    i.Balance_PID_Show  gui.o
    0x08001b30   0x08001b30   0x00000040   Code   RO         1725    i.Beep_Init         beep.o
    0x08001b70   0x08001b70   0x000001c8   Code   RO         1566    i.Bluetooth_Receive_Parsing  remote.o
    0x08001d38   0x08001d38   0x00000004   Code   RO         1363    i.BusFault_Handler  stm32f10x_it.o
    0x08001d3c   0x08001d3c   0x00000002   Code   RO         1364    i.DebugMon_Handler  stm32f10x_it.o
    0x08001d3e   0x08001d3e   0x00000002   PAD
    0x08001d40   0x08001d40   0x000000dc   Code   RO         1738    i.Dir_PID_Show      gui.o
    0x08001e1c   0x08001e1c   0x00000030   Code   RO         1795    i.EXTI2_IRQHandler  key.o
    0x08001e4c   0x08001e4c   0x00000030   Code   RO         1796    i.EXTI3_IRQHandler  key.o
    0x08001e7c   0x08001e7c   0x00000028   Code   RO         2582    i.EXTI9_5_IRQHandler  mpu6050.o
    0x08001ea4   0x08001ea4   0x00000094   Code   RO          173    i.EXTI_Init         stm32f10x_exti.o
    0x08001f38   0x08001f38   0x0000000c   Code   RO         1638    i.Encoder_Init      encoder.o
    0x08001f44   0x08001f44   0x00000040   Code   RO          224    i.GPIO_EXTILineConfig  stm32f10x_gpio.o
    0x08001f84   0x08001f84   0x00000116   Code   RO          227    i.GPIO_Init         stm32f10x_gpio.o
    0x0800209a   0x0800209a   0x00000002   PAD
    0x0800209c   0x0800209c   0x00000090   Code   RO          229    i.GPIO_PinRemapConfig  stm32f10x_gpio.o
    0x0800212c   0x0800212c   0x00000004   Code   RO          234    i.GPIO_ResetBits    stm32f10x_gpio.o
    0x08002130   0x08002130   0x00000004   Code   RO          235    i.GPIO_SetBits      stm32f10x_gpio.o
    0x08002134   0x08002134   0x00000004   Code   RO         1365    i.HardFault_Handler  stm32f10x_it.o
    0x08002138   0x08002138   0x000000a8   Code   RO         1739    i.IMU_PID_Show      gui.o
    0x080021e0   0x080021e0   0x00000084   Code   RO         1797    i.Key_EXTI_Init     key.o
    0x08002264   0x08002264   0x00000024   Code   RO         1798    i.Key_Init          key.o
    0x08002288   0x08002288   0x00000026   Code   RO         1829    i.LED_Set_Byte      led.o
    0x080022ae   0x080022ae   0x00000002   PAD
    0x080022b0   0x080022b0   0x0000005c   Code   RO         1830    i.Led_Init          led.o
    0x0800230c   0x0800230c   0x00000064   Code   RO         2583    i.MPU6050_EXTI_Init  mpu6050.o
    0x08002370   0x08002370   0x00000050   Code   RO         2585    i.MPU_Get_Gyroscope  mpu6050.o
    0x080023c0   0x080023c0   0x0000004c   Code   RO         2686    i.MPU_IIC_Ack       mpuiic.o
    0x0800240c   0x0800240c   0x0000000a   Code   RO         2687    i.MPU_IIC_Delay     mpuiic.o
    0x08002416   0x08002416   0x00000002   PAD
    0x08002418   0x08002418   0x00000038   Code   RO         2688    i.MPU_IIC_Init      mpuiic.o
    0x08002450   0x08002450   0x0000004c   Code   RO         2689    i.MPU_IIC_NAck      mpuiic.o
    0x0800249c   0x0800249c   0x0000006c   Code   RO         2690    i.MPU_IIC_Read_Byte  mpuiic.o
    0x08002508   0x08002508   0x0000005c   Code   RO         2691    i.MPU_IIC_Send_Byte  mpuiic.o
    0x08002564   0x08002564   0x00000048   Code   RO         2692    i.MPU_IIC_Start     mpuiic.o
    0x080025ac   0x080025ac   0x00000048   Code   RO         2693    i.MPU_IIC_Stop      mpuiic.o
    0x080025f4   0x080025f4   0x00000064   Code   RO         2694    i.MPU_IIC_Wait_Ack  mpuiic.o
    0x08002658   0x08002658   0x0000007a   Code   RO         2587    i.MPU_Init          mpu6050.o
    0x080026d2   0x080026d2   0x0000003a   Code   RO         2588    i.MPU_Read_Byte     mpu6050.o
    0x0800270c   0x0800270c   0x00000074   Code   RO         2589    i.MPU_Read_Len      mpu6050.o
    0x08002780   0x08002780   0x00000010   Code   RO         2590    i.MPU_Set_Accel_Fsr  mpu6050.o
    0x08002790   0x08002790   0x00000010   Code   RO         2591    i.MPU_Set_Gyro_Fsr  mpu6050.o
    0x080027a0   0x080027a0   0x0000003a   Code   RO         2592    i.MPU_Set_LPF       mpu6050.o
    0x080027da   0x080027da   0x0000003a   Code   RO         2593    i.MPU_Set_Rate      mpu6050.o
    0x08002814   0x08002814   0x00000044   Code   RO         2594    i.MPU_Write_Byte    mpu6050.o
    0x08002858   0x08002858   0x00000060   Code   RO         2595    i.MPU_Write_Len     mpu6050.o
    0x080028b8   0x080028b8   0x00000004   Code   RO         1366    i.MemManage_Handler  stm32f10x_it.o
    0x080028bc   0x080028bc   0x00000068   Code   RO         1699    i.Motor_Init        motor.o
    0x08002924   0x08002924   0x0000005c   Code   RO         2596    i.Mpu6050_Init      mpu6050.o
    0x08002980   0x08002980   0x00000002   Code   RO         1367    i.NMI_Handler       stm32f10x_it.o
    0x08002982   0x08002982   0x00000002   PAD
    0x08002984   0x08002984   0x00000070   Code   RO           24    i.NVIC_Init         misc.o
    0x080029f4   0x080029f4   0x00000014   Code   RO           25    i.NVIC_PriorityGroupConfig  misc.o
    0x08002a08   0x08002a08   0x00000014   Code   RO           26    i.NVIC_SetVectorTable  misc.o
    0x08002a1c   0x08002a1c   0x0000003e   Code   RO         1952    i.OLED_Clear        oled.o
    0x08002a5a   0x08002a5a   0x00000002   PAD
    0x08002a5c   0x08002a5c   0x00000028   Code   RO         1955    i.OLED_IIC_Start    oled.o
    0x08002a84   0x08002a84   0x00000020   Code   RO         1956    i.OLED_IIC_Stop     oled.o
    0x08002aa4   0x08002aa4   0x00000018   Code   RO         1957    i.OLED_IIC_Wait_Ack  oled.o
    0x08002abc   0x08002abc   0x00000028   Code   RO         1958    i.OLED_Set_Pos      oled.o
    0x08002ae4   0x08002ae4   0x000000a4   Code   RO         1959    i.OLED_ShowChar     oled.o
    0x08002b88   0x08002b88   0x00000036   Code   RO         1960    i.OLED_ShowString   oled.o
    0x08002bbe   0x08002bbe   0x00000018   Code   RO         1961    i.OLED_WR_Byte      oled.o
    0x08002bd6   0x08002bd6   0x00000002   PAD
    0x08002bd8   0x08002bd8   0x00000054   Code   RO         1962    i.OLED_Write_IIC_Byte  oled.o
    0x08002c2c   0x08002c2c   0x0000002c   Code   RO         1963    i.OLED_Write_IIC_Command  oled.o
    0x08002c58   0x08002c58   0x0000002c   Code   RO         1964    i.OLED_Write_IIC_Data  oled.o
    0x08002c84   0x08002c84   0x00000128   Code   RO         1965    i.Oled_Init         oled.o
    0x08002dac   0x08002dac   0x00000018   Code   RO         1740    i.Page_Init         gui.o
    0x08002dc4   0x08002dc4   0x0000002c   Code   RO         1741    i.Print_To_Oled     gui.o
    0x08002df0   0x08002df0   0x00000020   Code   RO          337    i.RCC_APB1PeriphClockCmd  stm32f10x_rcc.o
    0x08002e10   0x08002e10   0x00000020   Code   RO          339    i.RCC_APB2PeriphClockCmd  stm32f10x_rcc.o
    0x08002e30   0x08002e30   0x0000004c   Code   RO          346    i.RCC_DeInit        stm32f10x_rcc.o
    0x08002e7c   0x08002e7c   0x000000d4   Code   RO          347    i.RCC_GetClocksFreq  stm32f10x_rcc.o
    0x08002f50   0x08002f50   0x0000003c   Code   RO          348    i.RCC_GetFlagStatus  stm32f10x_rcc.o
    0x08002f8c   0x08002f8c   0x00000010   Code   RO          350    i.RCC_GetSYSCLKSource  stm32f10x_rcc.o
    0x08002f9c   0x08002f9c   0x00000018   Code   RO          351    i.RCC_HCLKConfig    stm32f10x_rcc.o
    0x08002fb4   0x08002fb4   0x0000004c   Code   RO          352    i.RCC_HSEConfig     stm32f10x_rcc.o
    0x08003000   0x08003000   0x00000018   Code   RO          358    i.RCC_PCLK1Config   stm32f10x_rcc.o
    0x08003018   0x08003018   0x00000018   Code   RO          359    i.RCC_PCLK2Config   stm32f10x_rcc.o
    0x08003030   0x08003030   0x0000000c   Code   RO          360    i.RCC_PLLCmd        stm32f10x_rcc.o
    0x0800303c   0x0800303c   0x0000001c   Code   RO          361    i.RCC_PLLConfig     stm32f10x_rcc.o
    0x08003058   0x08003058   0x00000018   Code   RO          364    i.RCC_SYSCLKConfig  stm32f10x_rcc.o
    0x08003070   0x08003070   0x0000001a   Code   RO         1831    i.RGB_LED_Blue      led.o
    0x0800308a   0x0800308a   0x0000001c   Code   RO         1832    i.RGB_LED_Colour_Set  led.o
    0x080030a6   0x080030a6   0x0000002a   Code   RO         1834    i.RGB_LED_FLY       led.o
    0x080030d0   0x080030d0   0x0000001a   Code   RO         1835    i.RGB_LED_Off       led.o
    0x080030ea   0x080030ea   0x0000001a   Code   RO         1838    i.RGB_LED_Red       led.o
    0x08003104   0x08003104   0x000000b8   Code   RO         1839    i.RGB_LED_Runing    led.o
    0x080031bc   0x080031bc   0x0000001a   Code   RO         1841    i.RGB_LED_White     led.o
    0x080031d6   0x080031d6   0x0000001a   Code   RO         1842    i.RGB_LED_Yellow    led.o
    0x080031f0   0x080031f0   0x00000050   Code   RO         1640    i.Read_Encoder      encoder.o
    0x08003240   0x08003240   0x00000008   Code   RO         1452    i.SetSysClock       system_stm32f10x.o
    0x08003248   0x08003248   0x000000e0   Code   RO         1453    i.SetSysClockTo72   system_stm32f10x.o
    0x08003328   0x08003328   0x0000010c   Code   RO         1742    i.Speed_PID_Show    gui.o
    0x08003434   0x08003434   0x00000028   Code   RO           28    i.SysTick_CLKSourceConfig  misc.o
    0x0800345c   0x0800345c   0x00000060   Code   RO         1455    i.SystemInit        system_stm32f10x.o
    0x080034bc   0x080034bc   0x00000080   Code   RO          535    i.TI1_Config        stm32f10x_tim.o
    0x0800353c   0x0800353c   0x00000098   Code   RO          536    i.TI2_Config        stm32f10x_tim.o
    0x080035d4   0x080035d4   0x00000090   Code   RO          537    i.TI3_Config        stm32f10x_tim.o
    0x08003664   0x08003664   0x00000098   Code   RO          538    i.TI4_Config        stm32f10x_tim.o
    0x080036fc   0x080036fc   0x00000018   Code   RO         1641    i.TIM2_IRQHandler   encoder.o
    0x08003714   0x08003714   0x00000018   Code   RO         1642    i.TIM4_IRQHandler   encoder.o
    0x0800372c   0x0800372c   0x00000018   Code   RO          539    i.TIM_ARRPreloadConfig  stm32f10x_tim.o
    0x08003744   0x08003744   0x00000006   Code   RO          545    i.TIM_ClearFlag     stm32f10x_tim.o
    0x0800374a   0x0800374a   0x00000018   Code   RO          551    i.TIM_Cmd           stm32f10x_tim.o
    0x08003762   0x08003762   0x0000001e   Code   RO          553    i.TIM_CtrlPWMOutputs  stm32f10x_tim.o
    0x08003780   0x08003780   0x00000042   Code   RO          560    i.TIM_EncoderInterfaceConfig  stm32f10x_tim.o
    0x080037c2   0x080037c2   0x00000002   PAD
    0x080037c4   0x080037c4   0x000000ac   Code   RO          574    i.TIM_ICInit        stm32f10x_tim.o
    0x08003870   0x08003870   0x00000012   Code   RO          575    i.TIM_ICStructInit  stm32f10x_tim.o
    0x08003882   0x08003882   0x00000012   Code   RO          576    i.TIM_ITConfig      stm32f10x_tim.o
    0x08003894   0x08003894   0x000000a0   Code   RO          590    i.TIM_OC3Init       stm32f10x_tim.o
    0x08003934   0x08003934   0x00000012   Code   RO          593    i.TIM_OC3PreloadConfig  stm32f10x_tim.o
    0x08003946   0x08003946   0x00000002   PAD
    0x08003948   0x08003948   0x0000007c   Code   RO          595    i.TIM_OC4Init       stm32f10x_tim.o
    0x080039c4   0x080039c4   0x0000001a   Code   RO          597    i.TIM_OC4PreloadConfig  stm32f10x_tim.o
    0x080039de   0x080039de   0x00000004   Code   RO          614    i.TIM_SetCompare3   stm32f10x_tim.o
    0x080039e2   0x080039e2   0x00000006   Code   RO          615    i.TIM_SetCompare4   stm32f10x_tim.o
    0x080039e8   0x080039e8   0x00000004   Code   RO          616    i.TIM_SetCounter    stm32f10x_tim.o
    0x080039ec   0x080039ec   0x00000012   Code   RO          617    i.TIM_SetIC1Prescaler  stm32f10x_tim.o
    0x080039fe   0x080039fe   0x0000001a   Code   RO          618    i.TIM_SetIC2Prescaler  stm32f10x_tim.o
    0x08003a18   0x08003a18   0x00000012   Code   RO          619    i.TIM_SetIC3Prescaler  stm32f10x_tim.o
    0x08003a2a   0x08003a2a   0x0000001a   Code   RO          620    i.TIM_SetIC4Prescaler  stm32f10x_tim.o
    0x08003a44   0x08003a44   0x000000a4   Code   RO          622    i.TIM_TimeBaseInit  stm32f10x_tim.o
    0x08003ae8   0x08003ae8   0x00000012   Code   RO          623    i.TIM_TimeBaseStructInit  stm32f10x_tim.o
    0x08003afa   0x08003afa   0x00000002   PAD
    0x08003afc   0x08003afc   0x000001b0   Code   RO         1486    i.Task_Init         control.o
    0x08003cac   0x08003cac   0x0000001c   Code   RO         1567    i.USART1_IRQHandler  remote.o
    0x08003cc8   0x08003cc8   0x00000030   Code   RO         1568    i.USART3_IRQHandler  remote.o
    0x08003cf8   0x08003cf8   0x00000018   Code   RO         1087    i.USART_Cmd         stm32f10x_usart.o
    0x08003d10   0x08003d10   0x0000001a   Code   RO         1090    i.USART_GetFlagStatus  stm32f10x_usart.o
    0x08003d2a   0x08003d2a   0x00000054   Code   RO         1091    i.USART_GetITStatus  stm32f10x_usart.o
    0x08003d7e   0x08003d7e   0x0000004a   Code   RO         1093    i.USART_ITConfig    stm32f10x_usart.o
    0x08003dc8   0x08003dc8   0x000000d8   Code   RO         1094    i.USART_Init        stm32f10x_usart.o
    0x08003ea0   0x08003ea0   0x00000008   Code   RO         1104    i.USART_SendData    stm32f10x_usart.o
    0x08003ea8   0x08003ea8   0x000000a4   Code   RO         1570    i.Uart1_init        remote.o
    0x08003f4c   0x08003f4c   0x000000a8   Code   RO         1571    i.Uart3_init        remote.o
    0x08003ff4   0x08003ff4   0x00000004   Code   RO         1371    i.UsageFault_Handler  stm32f10x_it.o
    0x08003ff8   0x08003ff8   0x0000002c   Code   RO         1845    i.Write0            led.o
    0x08004024   0x08004024   0x0000003c   Code   RO         1846    i.Write1            led.o
    0x08004060   0x08004060   0x00000028   Code   RO         3916    i.__ARM_fpclassify  m_ws.l(fpclassify.o)
    0x08004088   0x08004088   0x000000aa   Code   RO         3918    i.__kernel_poly     m_ws.l(poly.o)
    0x08004132   0x08004132   0x00000006   Code   RO         3903    i.__mathlib_dbl_infnan  m_ws.l(dunder.o)
    0x08004138   0x08004138   0x00000004   Code   RO         3904    i.__mathlib_dbl_infnan2  m_ws.l(dunder.o)
    0x0800413c   0x0800413c   0x0000000c   Code   RO         3905    i.__mathlib_dbl_invalid  m_ws.l(dunder.o)
    0x08004148   0x08004148   0x00000010   Code   RO         3908    i.__mathlib_dbl_underflow  m_ws.l(dunder.o)
    0x08004158   0x08004158   0x0000000e   Code   RO         3707    i._is_digit         c_w.l(__printf_wp.o)
    0x08004166   0x08004166   0x00000002   Code   RO         1572    i._sys_exit         remote.o
    0x08004168   0x08004168   0x000000ac   Code   RO         2045    i.accel_self_test   inv_mpu.o
    0x08004214   0x08004214   0x00000270   Code   RO         3793    i.asin              m_ws.l(asin.o)
    0x08004484   0x08004484   0x00000220   Code   RO         3893    i.atan              m_ws.l(atan.o)
    0x080046a4   0x080046a4   0x0000019c   Code   RO         3803    i.atan2             m_ws.l(atan2.o)
    0x08004840   0x08004840   0x00000064   Code   RO         2386    i.decode_gesture    inv_mpu_dmp_motion_driver.o
    0x080048a4   0x080048a4   0x00000054   Code   RO         2695    i.delay_us          mpuiic.o
    0x080048f8   0x080048f8   0x0000003c   Code   RO         2387    i.dmp_enable_6x_lp_quat  inv_mpu_dmp_motion_driver.o
    0x08004934   0x08004934   0x0000021c   Code   RO         2388    i.dmp_enable_feature  inv_mpu_dmp_motion_driver.o
    0x08004b50   0x08004b50   0x00000058   Code   RO         2389    i.dmp_enable_gyro_cal  inv_mpu_dmp_motion_driver.o
    0x08004ba8   0x08004ba8   0x0000003c   Code   RO         2390    i.dmp_enable_lp_quat  inv_mpu_dmp_motion_driver.o
    0x08004be4   0x08004be4   0x00000018   Code   RO         2395    i.dmp_load_motion_driver_firmware  inv_mpu_dmp_motion_driver.o
    0x08004bfc   0x08004bfc   0x000001cc   Code   RO         2396    i.dmp_read_fifo     inv_mpu_dmp_motion_driver.o
    0x08004dc8   0x08004dc8   0x00000130   Code   RO         2399    i.dmp_set_accel_bias  inv_mpu_dmp_motion_driver.o
    0x08004ef8   0x08004ef8   0x00000070   Code   RO         2400    i.dmp_set_fifo_rate  inv_mpu_dmp_motion_driver.o
    0x08004f68   0x08004f68   0x00000130   Code   RO         2401    i.dmp_set_gyro_bias  inv_mpu_dmp_motion_driver.o
    0x08005098   0x08005098   0x00000138   Code   RO         2403    i.dmp_set_orientation  inv_mpu_dmp_motion_driver.o
    0x080051d0   0x080051d0   0x00000038   Code   RO         2406    i.dmp_set_shake_reject_thresh  inv_mpu_dmp_motion_driver.o
    0x08005208   0x08005208   0x00000026   Code   RO         2407    i.dmp_set_shake_reject_time  inv_mpu_dmp_motion_driver.o
    0x0800522e   0x0800522e   0x00000026   Code   RO         2408    i.dmp_set_shake_reject_timeout  inv_mpu_dmp_motion_driver.o
    0x08005254   0x08005254   0x00000046   Code   RO         2409    i.dmp_set_tap_axes  inv_mpu_dmp_motion_driver.o
    0x0800529a   0x0800529a   0x00000026   Code   RO         2410    i.dmp_set_tap_count  inv_mpu_dmp_motion_driver.o
    0x080052c0   0x080052c0   0x000001a0   Code   RO         2411    i.dmp_set_tap_thresh  inv_mpu_dmp_motion_driver.o
    0x08005460   0x08005460   0x00000026   Code   RO         2412    i.dmp_set_tap_time  inv_mpu_dmp_motion_driver.o
    0x08005486   0x08005486   0x00000026   Code   RO         2413    i.dmp_set_tap_time_multi  inv_mpu_dmp_motion_driver.o
    0x080054ac   0x080054ac   0x00000024   Code   RO         1574    i.fputc             remote.o
    0x080054d0   0x080054d0   0x0000001c   Code   RO         1643    i.getSpeed          encoder.o
    0x080054ec   0x080054ec   0x000000b4   Code   RO         2046    i.get_accel_prod_shift  inv_mpu.o
    0x080055a0   0x080055a0   0x00000478   Code   RO         2047    i.get_st_biases     inv_mpu.o
    0x08005a18   0x08005a18   0x00000118   Code   RO         2048    i.gyro_self_test    inv_mpu.o
    0x08005b30   0x08005b30   0x00000028   Code   RO         2049    i.inv_orientation_matrix_to_scalar  inv_mpu.o
    0x08005b58   0x08005b58   0x0000004e   Code   RO         2050    i.inv_row_2_scale   inv_mpu.o
    0x08005ba6   0x08005ba6   0x00000002   PAD
    0x08005ba8   0x08005ba8   0x0000004c   Code   RO         1263    i.main              main.o
    0x08005bf4   0x08005bf4   0x00000002   Code   RO         2051    i.mget_ms           inv_mpu.o
    0x08005bf6   0x08005bf6   0x00000002   PAD
    0x08005bf8   0x08005bf8   0x00000070   Code   RO         2052    i.mpu_configure_fifo  inv_mpu.o
    0x08005c68   0x08005c68   0x00000224   Code   RO         2053    i.mpu_dmp_get_data  inv_mpu.o
    0x08005e8c   0x08005e8c   0x00000098   Code   RO         2054    i.mpu_dmp_init      inv_mpu.o
    0x08005f24   0x08005f24   0x0000004c   Code   RO         2055    i.mpu_get_accel_fsr  inv_mpu.o
    0x08005f70   0x08005f70   0x00000054   Code   RO         2057    i.mpu_get_accel_sens  inv_mpu.o
    0x08005fc4   0x08005fc4   0x00000010   Code   RO         2062    i.mpu_get_fifo_config  inv_mpu.o
    0x08005fd4   0x08005fd4   0x00000044   Code   RO         2063    i.mpu_get_gyro_fsr  inv_mpu.o
    0x08006018   0x08006018   0x00000050   Code   RO         2065    i.mpu_get_gyro_sens  inv_mpu.o
    0x08006068   0x08006068   0x00000050   Code   RO         2067    i.mpu_get_lpf       inv_mpu.o
    0x080060b8   0x080060b8   0x00000020   Code   RO         2069    i.mpu_get_sample_rate  inv_mpu.o
    0x080060d8   0x080060d8   0x000001f0   Code   RO         2071    i.mpu_init          inv_mpu.o
    0x080062c8   0x080062c8   0x000000b8   Code   RO         2072    i.mpu_load_firmware  inv_mpu.o
    0x08006380   0x08006380   0x000000e0   Code   RO         2073    i.mpu_lp_accel_mode  inv_mpu.o
    0x08006460   0x08006460   0x000000c0   Code   RO         2076    i.mpu_read_fifo_stream  inv_mpu.o
    0x08006520   0x08006520   0x00000080   Code   RO         2077    i.mpu_read_mem      inv_mpu.o
    0x080065a0   0x080065a0   0x000001c8   Code   RO         2080    i.mpu_reset_fifo    inv_mpu.o
    0x08006768   0x08006768   0x0000011c   Code   RO         2081    i.mpu_run_self_test  inv_mpu.o
    0x08006884   0x08006884   0x00000084   Code   RO         2083    i.mpu_set_accel_fsr  inv_mpu.o
    0x08006908   0x08006908   0x0000014c   Code   RO         2084    i.mpu_set_bypass    inv_mpu.o
    0x08006a54   0x08006a54   0x00000090   Code   RO         2086    i.mpu_set_dmp_state  inv_mpu.o
    0x08006ae4   0x08006ae4   0x00000088   Code   RO         2087    i.mpu_set_gyro_fsr  inv_mpu.o
    0x08006b6c   0x08006b6c   0x0000006c   Code   RO         2088    i.mpu_set_int_latched  inv_mpu.o
    0x08006bd8   0x08006bd8   0x00000084   Code   RO         2090    i.mpu_set_lpf       inv_mpu.o
    0x08006c5c   0x08006c5c   0x0000009c   Code   RO         2091    i.mpu_set_sample_rate  inv_mpu.o
    0x08006cf8   0x08006cf8   0x000000d0   Code   RO         2092    i.mpu_set_sensors   inv_mpu.o
    0x08006dc8   0x08006dc8   0x00000080   Code   RO         2093    i.mpu_write_mem     inv_mpu.o
    0x08006e48   0x08006e48   0x00000058   Code   RO         1487    i.parameterInit     control.o
    0x08006ea0   0x08006ea0   0x00000098   Code   RO         2757    i.prvAddCurrentTaskToDelayedList  tasks.o
    0x08006f38   0x08006f38   0x000000b4   Code   RO         2758    i.prvAddNewTaskToReadyList  tasks.o
    0x08006fec   0x08006fec   0x0000004c   Code   RO         3443    i.prvCheckForValidListAndQueue  timers.o
    0x08007038   0x08007038   0x00000048   Code   RO         2759    i.prvCheckTasksWaitingTermination  tasks.o
    0x08007080   0x08007080   0x0000002a   Code   RO         3102    i.prvCopyDataFromQueue  queue.o
    0x080070aa   0x080070aa   0x0000007e   Code   RO         3103    i.prvCopyDataToQueue  queue.o
    0x08007128   0x08007128   0x00000012   Code   RO         2760    i.prvDeleteTCB      tasks.o
    0x0800713a   0x0800713a   0x00000002   PAD
    0x0800713c   0x0800713c   0x00000028   Code   RO         3444    i.prvGetNextExpireTime  timers.o
    0x08007164   0x08007164   0x0000007c   Code   RO         3387    i.prvHeapInit       heap_4.o
    0x080071e0   0x080071e0   0x0000002c   Code   RO         2761    i.prvIdleTask       tasks.o
    0x0800720c   0x0800720c   0x00000026   Code   RO         3106    i.prvInitialiseNewQueue  queue.o
    0x08007232   0x08007232   0x00000090   Code   RO         2762    i.prvInitialiseNewTask  tasks.o
    0x080072c2   0x080072c2   0x00000002   PAD
    0x080072c4   0x080072c4   0x00000068   Code   RO         2763    i.prvInitialiseTaskLists  tasks.o
    0x0800732c   0x0800732c   0x00000068   Code   RO         3388    i.prvInsertBlockIntoFreeList  heap_4.o
    0x08007394   0x08007394   0x00000058   Code   RO         3446    i.prvInsertTimerInActiveList  timers.o
    0x080073ec   0x080073ec   0x0000001a   Code   RO         3107    i.prvIsQueueEmpty   queue.o
    0x08007406   0x08007406   0x0000001e   Code   RO         3108    i.prvIsQueueFull    queue.o
    0x08007424   0x08007424   0x0000005c   Code   RO         3447    i.prvProcessExpiredTimer  timers.o
    0x08007480   0x08007480   0x0000010c   Code   RO         3448    i.prvProcessReceivedCommands  timers.o
    0x0800758c   0x0800758c   0x00000074   Code   RO         3449    i.prvProcessTimerOrBlockTask  timers.o
    0x08007600   0x08007600   0x00000030   Code   RO         2764    i.prvResetNextTaskUnblockTime  tasks.o
    0x08007630   0x08007630   0x0000002c   Code   RO         3450    i.prvSampleTimeNow  timers.o
    0x0800765c   0x0800765c   0x00000080   Code   RO         1264    i.prvSetupHardware  main.o
    0x080076dc   0x080076dc   0x00000088   Code   RO         3451    i.prvSwitchTimerLists  timers.o
    0x08007764   0x08007764   0x00000016   Code   RO         3317    i.prvTaskExitError  port.o
    0x0800777a   0x0800777a   0x0000001e   Code   RO         3588    i.prvTestWaitCondition  event_groups.o
    0x08007798   0x08007798   0x0000001a   Code   RO         3452    i.prvTimerTask      timers.o
    0x080077b2   0x080077b2   0x0000007e   Code   RO         3109    i.prvUnlockQueue    queue.o
    0x08007830   0x08007830   0x000000fc   Code   RO         3389    i.pvPortMalloc      heap_4.o
    0x0800792c   0x0800792c   0x00000024   Code   RO         3318    i.pxPortInitialiseStack  port.o
    0x08007950   0x08007950   0x00000094   Code   RO         2094    i.run_self_test     inv_mpu.o
    0x080079e4   0x080079e4   0x000000b0   Code   RO         1700    i.setMotorPwm       motor.o
    0x08007a94   0x08007a94   0x00000090   Code   RO         2095    i.set_int_enable    inv_mpu.o
    0x08007b24   0x08007b24   0x0000004c   Code   RO         3922    i.sqrt              m_ws.l(sqrt.o)
    0x08007b70   0x08007b70   0x00000088   Code   RO         2767    i.ulTaskGenericNotifyTake  tasks.o
    0x08007bf8   0x08007bf8   0x00000028   Code   RO         3277    i.uxListRemove      list.o
    0x08007c20   0x08007c20   0x0000001c   Code   RO         2772    i.uxTaskResetEventItemValue  tasks.o
    0x08007c3c   0x08007c3c   0x00000014   Code   RO         1488    i.vApplicationIdleHook  control.o
    0x08007c50   0x08007c50   0x000000c8   Code   RO         1489    i.vBalanceTask      control.o
    0x08007d18   0x08007d18   0x00000010   Code   RO         3591    i.vEventGroupSetBitsCallback  event_groups.o
    0x08007d28   0x08007d28   0x00000080   Code   RO         1265    i.vInitTask         main.o
    0x08007da8   0x08007da8   0x0000003c   Code   RO         1490    i.vLedTask          control.o
    0x08007de4   0x08007de4   0x0000001a   Code   RO         3278    i.vListInitialise   list.o
    0x08007dfe   0x08007dfe   0x00000006   Code   RO         3279    i.vListInitialiseItem  list.o
    0x08007e04   0x08007e04   0x00000034   Code   RO         3280    i.vListInsert       list.o
    0x08007e38   0x08007e38   0x00000018   Code   RO         3281    i.vListInsertEnd    list.o
    0x08007e50   0x08007e50   0x0000006c   Code   RO         1491    i.vOledTask         control.o
    0x08007ebc   0x08007ebc   0x00000024   Code   RO         3320    i.vPortEnterCritical  port.o
    0x08007ee0   0x08007ee0   0x00000020   Code   RO         3321    i.vPortExitCritical  port.o
    0x08007f00   0x08007f00   0x00000058   Code   RO         3390    i.vPortFree         heap_4.o
    0x08007f58   0x08007f58   0x00000018   Code   RO         3322    i.vPortSetupTimerInterrupt  port.o
    0x08007f70   0x08007f70   0x0000004a   Code   RO         3114    i.vQueueWaitForMessageRestricted  queue.o
    0x08007fba   0x08007fba   0x00000002   PAD
    0x08007fbc   0x08007fbc   0x00000028   Code   RO         1492    i.vRemoteTask       control.o
    0x08007fe4   0x08007fe4   0x00000050   Code   RO         1493    i.vRgbTask          control.o
    0x08008034   0x08008034   0x00000128   Code   RO         1494    i.vSpeedTask        control.o
    0x0800815c   0x0800815c   0x00000034   Code   RO         2773    i.vTaskDelay        tasks.o
    0x08008190   0x08008190   0x000000cc   Code   RO         2774    i.vTaskDelete       tasks.o
    0x0800825c   0x0800825c   0x000000c0   Code   RO         2776    i.vTaskGenericNotifyGiveFromISR  tasks.o
    0x0800831c   0x0800831c   0x00000018   Code   RO         2777    i.vTaskInternalSetTimeOutState  tasks.o
    0x08008334   0x08008334   0x0000000c   Code   RO         2778    i.vTaskMissedYield  tasks.o
    0x08008340   0x08008340   0x00000020   Code   RO         2779    i.vTaskPlaceOnEventList  tasks.o
    0x08008360   0x08008360   0x00000028   Code   RO         2780    i.vTaskPlaceOnEventListRestricted  tasks.o
    0x08008388   0x08008388   0x0000002c   Code   RO         2781    i.vTaskPlaceOnUnorderedEventList  tasks.o
    0x080083b4   0x080083b4   0x00000064   Code   RO         2784    i.vTaskRemoveFromUnorderedEventList  tasks.o
    0x08008418   0x08008418   0x00000078   Code   RO         2787    i.vTaskStartScheduler  tasks.o
    0x08008490   0x08008490   0x00000010   Code   RO         2789    i.vTaskSuspendAll   tasks.o
    0x080084a0   0x080084a0   0x00000060   Code   RO         2790    i.vTaskSwitchContext  tasks.o
    0x08008500   0x08008500   0x0000001a   Code   RO         3593    i.xEventGroupCreate  event_groups.o
    0x0800851a   0x0800851a   0x00000092   Code   RO         3595    i.xEventGroupSetBits  event_groups.o
    0x080085ac   0x080085ac   0x000000cc   Code   RO         3597    i.xEventGroupWaitBits  event_groups.o
    0x08008678   0x08008678   0x00000034   Code   RO         3323    i.xPortStartScheduler  port.o
    0x080086ac   0x080086ac   0x00000034   Code   RO         3324    i.xPortSysTickHandler  port.o
    0x080086e0   0x080086e0   0x00000034   Code   RO         3117    i.xQueueGenericCreate  queue.o
    0x08008714   0x08008714   0x00000080   Code   RO         3118    i.xQueueGenericReset  queue.o
    0x08008794   0x08008794   0x00000118   Code   RO         3119    i.xQueueGenericSend  queue.o
    0x080088ac   0x080088ac   0x0000008a   Code   RO         3120    i.xQueueGenericSendFromISR  queue.o
    0x08008936   0x08008936   0x00000002   PAD
    0x08008938   0x08008938   0x00000104   Code   RO         3126    i.xQueueReceive     queue.o
    0x08008a3c   0x08008a3c   0x00000060   Code   RO         2792    i.xTaskCheckForTimeOut  tasks.o
    0x08008a9c   0x08008a9c   0x00000060   Code   RO         2793    i.xTaskCreate       tasks.o
    0x08008afc   0x08008afc   0x00000074   Code   RO         2794    i.xTaskDelayUntil   tasks.o
    0x08008b70   0x08008b70   0x00000020   Code   RO         2800    i.xTaskGetSchedulerState  tasks.o
    0x08008b90   0x08008b90   0x0000000c   Code   RO         2801    i.xTaskGetTickCount  tasks.o
    0x08008b9c   0x08008b9c   0x0000011c   Code   RO         2803    i.xTaskIncrementTick  tasks.o
    0x08008cb8   0x08008cb8   0x00000074   Code   RO         2804    i.xTaskPriorityDisinherit  tasks.o
    0x08008d2c   0x08008d2c   0x00000080   Code   RO         2806    i.xTaskRemoveFromEventList  tasks.o
    0x08008dac   0x08008dac   0x000000e8   Code   RO         2807    i.xTaskResumeAll    tasks.o
    0x08008e94   0x08008e94   0x0000003c   Code   RO         3458    i.xTimerCreateTimerTask  timers.o
    0x08008ed0   0x08008ed0   0x0000006c   Code   RO         3459    i.xTimerGenericCommand  timers.o
    0x08008f3c   0x08008f3c   0x00000034   Code   RO         3465    i.xTimerPendFunctionCallFromISR  timers.o
    0x08008f70   0x08008f70   0x0000002c   Code   RO         3994    locale$$code        c_w.l(lc_numeric_c.o)
    0x08008f9c   0x08008f9c   0x00000062   Code   RO         3736    x$fpl$d2f           fz_ws.l(d2f.o)
    0x08008ffe   0x08008ffe   0x00000002   PAD
    0x08009000   0x08009000   0x00000150   Code   RO         3738    x$fpl$dadd          fz_ws.l(daddsub_clz.o)
    0x08009150   0x08009150   0x00000010   Code   RO         4000    x$fpl$dcheck1       fz_ws.l(dcheck1.o)
    0x08009160   0x08009160   0x00000018   Code   RO         4002    x$fpl$dcmpinf       fz_ws.l(dcmpi.o)
    0x08009178   0x08009178   0x000002b0   Code   RO         3745    x$fpl$ddiv          fz_ws.l(ddiv.o)
    0x08009428   0x08009428   0x00000078   Code   RO         3877    x$fpl$deqf          fz_ws.l(deqf.o)
    0x080094a0   0x080094a0   0x00000154   Code   RO         3754    x$fpl$dmul          fz_ws.l(dmul.o)
    0x080095f4   0x080095f4   0x0000009c   Code   RO         3879    x$fpl$dnaninf       fz_ws.l(dnaninf.o)
    0x08009690   0x08009690   0x0000000c   Code   RO         3881    x$fpl$dretinf       fz_ws.l(dretinf.o)
    0x0800969c   0x0800969c   0x00000016   Code   RO         3739    x$fpl$drsb          fz_ws.l(daddsub_clz.o)
    0x080096b2   0x080096b2   0x00000002   PAD
    0x080096b4   0x080096b4   0x000001cc   Code   RO         4006    x$fpl$dsqrt         fz_ws.l(dsqrt_noumaal.o)
    0x08009880   0x08009880   0x000001d4   Code   RO         3740    x$fpl$dsub          fz_ws.l(daddsub_clz.o)
    0x08009a54   0x08009a54   0x00000056   Code   RO         3756    x$fpl$f2d           fz_ws.l(f2d.o)
    0x08009aaa   0x08009aaa   0x00000002   PAD
    0x08009aac   0x08009aac   0x000000c4   Code   RO         3758    x$fpl$fadd          fz_ws.l(faddsub_clz.o)
    0x08009b70   0x08009b70   0x00000018   Code   RO         3883    x$fpl$fcmpinf       fz_ws.l(fcmpi.o)
    0x08009b88   0x08009b88   0x00000184   Code   RO         3765    x$fpl$fdiv          fz_ws.l(fdiv.o)
    0x08009d0c   0x08009d0c   0x00000068   Code   RO         3768    x$fpl$feqf          fz_ws.l(feqf.o)
    0x08009d74   0x08009d74   0x00000036   Code   RO         3770    x$fpl$ffix          fz_ws.l(ffix.o)
    0x08009daa   0x08009daa   0x00000002   PAD
    0x08009dac   0x08009dac   0x0000003e   Code   RO         3774    x$fpl$ffixu         fz_ws.l(ffixu.o)
    0x08009dea   0x08009dea   0x00000002   PAD
    0x08009dec   0x08009dec   0x00000030   Code   RO         3779    x$fpl$fflt          fz_ws.l(fflt_clz.o)
    0x08009e1c   0x08009e1c   0x00000026   Code   RO         3778    x$fpl$ffltu         fz_ws.l(fflt_clz.o)
    0x08009e42   0x08009e42   0x00000002   PAD
    0x08009e44   0x08009e44   0x00000068   Code   RO         3784    x$fpl$fleqf         fz_ws.l(fleqf.o)
    0x08009eac   0x08009eac   0x00000102   Code   RO         3786    x$fpl$fmul          fz_ws.l(fmul.o)
    0x08009fae   0x08009fae   0x0000008c   Code   RO         3885    x$fpl$fnaninf       fz_ws.l(fnaninf.o)
    0x0800a03a   0x0800a03a   0x0000000a   Code   RO         3887    x$fpl$fretinf       fz_ws.l(fretinf.o)
    0x0800a044   0x0800a044   0x00000062   Code   RO         3788    x$fpl$frleqf        fz_ws.l(frleqf.o)
    0x0800a0a6   0x0800a0a6   0x00000014   Code   RO         3759    x$fpl$frsb          fz_ws.l(faddsub_clz.o)
    0x0800a0ba   0x0800a0ba   0x00000002   PAD
    0x0800a0bc   0x0800a0bc   0x000000ea   Code   RO         3760    x$fpl$fsub          fz_ws.l(faddsub_clz.o)
    0x0800a1a6   0x0800a1a6   0x00000004   Code   RO         3790    x$fpl$printf1       fz_ws.l(printf1.o)
    0x0800a1aa   0x0800a1aa   0x00000064   Code   RO         4033    x$fpl$retnan        fz_ws.l(retnan.o)
    0x0800a20e   0x0800a20e   0x0000005c   Code   RO         3889    x$fpl$scalbn        fz_ws.l(scalbn.o)
    0x0800a26a   0x0800a26a   0x00000030   Code   RO         4049    x$fpl$trapveneer    fz_ws.l(trapv.o)
    0x0800a29a   0x0800a29a   0x00000000   Code   RO         3891    x$fpl$usenofp       fz_ws.l(usenofp.o)
    0x0800a29a   0x0800a29a   0x00000818   Data   RO         1966    .constdata          oled.o
    0x0800aab2   0x0800aab2   0x00000002   PAD
    0x0800aab4   0x0800aab4   0x00000050   Data   RO         2097    .constdata          inv_mpu.o
    0x0800ab04   0x0800ab04   0x00000bf6   Data   RO         2415    .constdata          inv_mpu_dmp_motion_driver.o
    0x0800b6fa   0x0800b6fa   0x00000011   Data   RO         3710    .constdata          c_w.l(__printf_flags_wp.o)
    0x0800b70b   0x0800b70b   0x00000005   PAD
    0x0800b710   0x0800b710   0x00000050   Data   RO         3794    .constdata          m_ws.l(asin.o)
    0x0800b760   0x0800b760   0x00000098   Data   RO         3894    .constdata          m_ws.l(atan.o)
    0x0800b7f8   0x0800b7f8   0x00000008   Data   RO         3920    .constdata          m_ws.l(qnan.o)
    0x0800b800   0x0800b800   0x00000094   Data   RO         3965    .constdata          c_w.l(bigflt0.o)
    0x0800b894   0x0800b894   0x0000004d   Data   RO         2098    .conststring        inv_mpu.o
    0x0800b8e1   0x0800b8e1   0x00000003   PAD
    0x0800b8e4   0x0800b8e4   0x00000020   Data   RO         4110    Region$$Table       anon$$obj.o
    0x0800b904   0x0800b904   0x0000001c   Data   RO         3993    locale$$data        c_w.l(lc_numeric_c.o)


    Execution Region RW_IRAM1 (Exec base: 0x20000000, Load base: 0x0800b920, Size: 0x00003598, Max: 0x00005000, ABSOLUTE, COMPRESSED[0x00000064])

    Exec Addr    Load Addr    Size         Type   Attr      Idx    E Section Name        Object

    0x20000000   COMPRESSED   0x00000014   Data   RW          367    .data               stm32f10x_rcc.o
    0x20000014   COMPRESSED   0x00000014   Data   RW         1456    .data               system_stm32f10x.o
    0x20000028   COMPRESSED   0x00000034   Data   RW         1496    .data               control.o
    0x2000005c   COMPRESSED   0x0000000c   Data   RW         1575    .data               remote.o
    0x20000068   COMPRESSED   0x00000014   Data   RW         1744    .data               gui.o
    0x2000007c   COMPRESSED   0x000001c3   Data   RW         1847    .data               led.o
    0x2000023f   COMPRESSED   0x00000001   PAD
    0x20000240   COMPRESSED   0x00000035   Data   RW         2099    .data               inv_mpu.o
    0x20000275   COMPRESSED   0x00000003   PAD
    0x20000278   COMPRESSED   0x00000040   Data   RW         2810    .data               tasks.o
    0x200002b8   COMPRESSED   0x00000004   Data   RW         3325    .data               port.o
    0x200002bc   COMPRESSED   0x00000020   Data   RW         3396    .data               heap_4.o
    0x200002dc   COMPRESSED   0x00000014   Data   RW         3467    .data               timers.o
    0x200002f0        -       0x00000060   Zero   RW         1495    .bss                control.o
    0x20000350        -       0x000000c8   Zero   RW         1743    .bss                gui.o
    0x20000418        -       0x00000010   Zero   RW         2414    .bss                inv_mpu_dmp_motion_driver.o
    0x20000428        -       0x000002e4   Zero   RW         2809    .bss                tasks.o
    0x2000070c        -       0x00002800   Zero   RW         3395    .bss                heap_4.o
    0x20002f0c        -       0x00000028   Zero   RW         3466    .bss                timers.o
    0x20002f34        -       0x00000060   Zero   RW         4013    .bss                c_w.l(libspace.o)
    0x20002f94   COMPRESSED   0x00000004   PAD
    0x20002f98        -       0x00000200   Zero   RW           18    HEAP                startup_stm32f10x_md.o
    0x20003198        -       0x00000400   Zero   RW           17    STACK               startup_stm32f10x_md.o


==============================================================================

Image component sizes


      Code (inc. data)   RO Data    RW Data    ZI Data      Debug   Object Name

        64          4          0          0          0        460   beep.o
      1324        292          0         52         96       6704   control.o
         0          0          0          0          0       4540   core_cm3.o
       484         30          0          0          0       4218   encoder.o
       422          6          0          0          0       5520   event_groups.o
       944        300          0         20        200       3756   gui.o
       568         72          0         32      10240       3863   heap_4.o
      6876        288        157         53          0      34319   inv_mpu.o
      3096        122       3062          0         16      19970   inv_mpu_dmp_motion_driver.o
       264         40          0          0          0       1853   key.o
       618         34          0        451          0       6540   led.o
       148          0          0          0          0       3070   list.o
       332         42          0          0          0      17679   main.o
       192         30          0          0          0     251459   misc.o
       576         48          0          0          0       2567   motor.o
       920         42          0          0          0       8315   mpu6050.o
       746        114          0          0          0       5078   mpuiic.o
       908         44       2072          0          0       7288   oled.o
       404         48          0          4          0       8832   port.o
      1320         14          0          0          0      24067   queue.o
       902        128          0         12          0       6568   remote.o
        64         26        236          0       1536        776   startup_stm32f10x_md.o
       148          6          0          0          0       1044   stm32f10x_exti.o
       494         10          0          0          0       4444   stm32f10x_gpio.o
        20          0          0          0          0       2325   stm32f10x_it.o
       640         92          0         20          0       9582   stm32f10x_rcc.o
      1546        170          0          0          0      15409   stm32f10x_tim.o
       432          6          0          0          0       5549   stm32f10x_usart.o
       328         28          0         20          0       2065   system_stm32f10x.o
      2970        448          0         64        740      36283   tasks.o
      1106        108          0         20         40      11559   timers.o

    ----------------------------------------------------------------------
     28890       2592       5564        752      12868     515702   Object Totals
         0          0         32          0          0          0   (incl. Generated)
        34          0          5          4          0          0   (incl. Padding)

    ----------------------------------------------------------------------

      Code (inc. data)   RO Data    RW Data    ZI Data      Debug   Library Member Name

        90          0          0          0          0          0   __dczerorl2.o
         8          0          0          0          0         68   __main.o
       312          4         17          0          0         92   __printf_flags_wp.o
        14          0          0          0          0         68   __printf_wp.o
         0          0          0          0          0          0   __rtentry.o
        12          0          0          0          0          0   __rtentry2.o
         6          0          0          0          0          0   __rtentry4.o
        52          8          0          0          0          0   __scatter.o
        28          0          0          0          0          0   __scatter_zi.o
        48          6          0          0          0         96   _printf_char_common.o
        36          4          0          0          0         80   _printf_char_file.o
         6          0          0          0          0          0   _printf_d.o
       120         16          0          0          0         92   _printf_dec.o
         6          0          0          0          0          0   _printf_f.o
      1054          0          0          0          0        216   _printf_fp_dec.o
       128         16          0          0          0         84   _printf_fp_infnan.o
       178          0          0          0          0         88   _printf_intcommon.o
        78          0          0          0          0        108   _printf_pad.o
         0          0          0          0          0          0   _printf_percent.o
         4          0          0          0          0          0   _printf_percent_end.o
        22          0          0          0          0        100   _rserrno.o
        10          0          0          0          0         68   _sputc.o
        16          0          0          0          0         68   aeabi_memset.o
       228          4        148          0          0         96   bigflt0.o
      1936        128          0          0          0        672   btod.o
        18          0          0          0          0         80   exit.o
         8          0          0          0          0         68   ferror.o
         6          0          0          0          0        152   heapauxi.o
        44         10         28          0          0         76   lc_numeric_c.o
         2          0          0          0          0          0   libinit.o
        18          0          0          0          0          0   libinit2.o
         2          0          0          0          0          0   libshutdown.o
         2          0          0          0          0          0   libshutdown2.o
         8          4          0          0         96         68   libspace.o
        72          0          0          0          0         76   llsdiv.o
       138          0          0          0          0         80   lludiv10.o
       238          0          0          0          0        100   lludivv7m.o
        88          0          0          0          0         76   memcmp.o
        24          4          0          0          0         84   noretval__2printf.o
        40          6          0          0          0         84   noretval__2sprintf.o
         8          4          0          0          0         68   rt_errno_addr_intlibspace.o
         8          4          0          0          0         68   rt_locale_intlibspace.o
        68          0          0          0          0         68   rt_memclr.o
        78          0          0          0          0         80   rt_memclr_w.o
       138          0          0          0          0         68   rt_memcpy_v6.o
       100          0          0          0          0         80   rt_memcpy_w.o
         2          0          0          0          0          0   rtexit.o
        10          0          0          0          0          0   rtexit2.o
       128          0          0          0          0         68   strcmpv7m.o
        74          0          0          0          0         80   sys_stackheap_outer.o
         2          0          0          0          0         68   use_no_semi.o
         2          0          0          0          0         68   use_no_semi_2.o
        98          4          0          0          0         92   d2f.o
       826         16          0          0          0        348   daddsub_clz.o
        16          4          0          0          0         68   dcheck1.o
        24          0          0          0          0         68   dcmpi.o
       688        140          0          0          0        208   ddiv.o
       120          4          0          0          0         92   deqf.o
       340         12          0          0          0        104   dmul.o
       156          4          0          0          0         92   dnaninf.o
        12          0          0          0          0         68   dretinf.o
       460         56          0          0          0        120   dsqrt_noumaal.o
        86          4          0          0          0         84   f2d.o
       450          8          0          0          0        236   faddsub_clz.o
        24          0          0          0          0         68   fcmpi.o
       388         76          0          0          0         96   fdiv.o
       104          4          0          0          0         84   feqf.o
        54          4          0          0          0         84   ffix.o
        62          4          0          0          0         84   ffixu.o
        86          0          0          0          0        136   fflt_clz.o
       104          4          0          0          0         84   fleqf.o
       258          4          0          0          0         84   fmul.o
       140          4          0          0          0         84   fnaninf.o
        10          0          0          0          0         68   fretinf.o
        98          0          0          0          0         68   frleqf.o
         4          0          0          0          0         68   printf1.o
       100          0          0          0          0         68   retnan.o
        92          0          0          0          0         68   scalbn.o
        48          0          0          0          0         68   trapv.o
         0          0          0          0          0          0   usenofp.o
       624         52         80          0          0        168   asin.o
       544         70        152          0          0        124   atan.o
       412         38          0          0          0        144   atan2.o
        38          6          0          0          0        272   dunder.o
        40          0          0          0          0         68   fpclassify.o
       170          0          0          0          0         96   poly.o
         0          0          8          0          0          0   qnan.o
        76          0          0          0          0         84   sqrt.o

    ----------------------------------------------------------------------
     12500        736        438          0        100       7404   Library Totals
        30          0          5          0          4          0   (incl. Padding)

    ----------------------------------------------------------------------

      Code (inc. data)   RO Data    RW Data    ZI Data      Debug   Library Name

      5718        218        193          0         96       3656   c_w.l
      4848        352          0          0          0       2792   fz_ws.l
      1904        166        240          0          0        956   m_ws.l

    ----------------------------------------------------------------------
     12500        736        438          0        100       7404   Library Totals

    ----------------------------------------------------------------------

==============================================================================


      Code (inc. data)   RO Data    RW Data    ZI Data      Debug   

     41390       3328       6002        752      12968     504434   Grand Totals
     41390       3328       6002        100      12968     504434   ELF Image Totals (compressed)
     41390       3328       6002        100          0          0   ROM Totals

==============================================================================

    Total RO  Size (Code + RO Data)                47392 (  46.28kB)
    Total RW  Size (RW Data + ZI Data)             13720 (  13.40kB)
    Total ROM Size (Code + RO Data + RW Data)      47492 (  46.38kB)

==============================================================================

