Component: ARM Compiler 5.06 update 7 (build 960) Tool: armlink [4d3601]

==============================================================================

Section Cross References

    main.o(i.main) refers to delay.o(i.delay_init) for delay_init
    main.o(i.main) refers to misc.o(i.NVIC_PriorityGroupConfig) for NVIC_PriorityGroupConfig
    main.o(i.main) refers to usart.o(i.Uart1_init) for Uart1_init
    main.o(i.main) refers to remote.o(i.Uart3_init) for Uart3_init
    main.o(i.main) refers to led.o(i.LED_Init) for LED_Init
    main.o(i.main) refers to key.o(i.Key_Init) for Key_Init
    main.o(i.main) refers to motor.o(i.Motor_Init) for Motor_Init
    main.o(i.main) refers to steer.o(i.Steer_Init) for Steer_Init
    main.o(i.main) refers to encoder.o(i.A_Encoder_Init) for A_Encoder_Init
    main.o(i.main) refers to encoder.o(i.B_Encoder_Init) for B_Encoder_Init
    main.o(i.main) refers to led.o(i.RGB_LED_green) for RGB_LED_green
    main.o(i.main) refers to delay.o(i.delay_ms) for delay_ms
    main.o(i.main) refers to mpu6050.o(i.MPU_Init) for MPU_Init
    main.o(i.main) refers to led.o(i.RGB_LED_Orange) for RGB_LED_Orange
    main.o(i.main) refers to inv_mpu.o(i.mpu_dmp_init) for mpu_dmp_init
    main.o(i.main) refers to oled.o(i.OLED_Init) for OLED_Init
    main.o(i.main) refers to oled.o(i.OLED_ShowString) for OLED_ShowString
    main.o(i.main) refers to control.o(i.parameterInit) for parameterInit
    main.o(i.main) refers to exit.o(i.MPU6050_EXTI_Init) for MPU6050_EXTI_Init
    main.o(i.main) refers to control.o(i.directLoop) for directLoop
    main.o(i.main) refers to control.o(i.stabilityLoop) for stabilityLoop
    main.o(i.main) refers to control.o(i.speedLoop) for speedLoop
    main.o(i.main) refers to control.o(i.lightControl) for lightControl
    main.o(i.main) refers to exit.o(.data) for task_direct
    system_stm32f10x.o(i.SetSysClock) refers to system_stm32f10x.o(i.SetSysClockTo72) for SetSysClockTo72
    system_stm32f10x.o(i.SystemCoreClockUpdate) refers to system_stm32f10x.o(.data) for SystemCoreClock
    system_stm32f10x.o(i.SystemInit) refers to system_stm32f10x.o(i.SetSysClock) for SetSysClock
    led.o(i.LED_Init) refers to stm32f10x_rcc.o(i.RCC_APB2PeriphClockCmd) for RCC_APB2PeriphClockCmd
    led.o(i.LED_Init) refers to stm32f10x_gpio.o(i.GPIO_Init) for GPIO_Init
    led.o(i.LED_Init) refers to led.o(i.RGB_LED_Off) for RGB_LED_Off
    led.o(i.LED_Init) refers to stm32f10x_gpio.o(i.GPIO_SetBits) for GPIO_SetBits
    led.o(i.LED_Set_Byte) refers to led.o(i.Write1) for Write1
    led.o(i.LED_Set_Byte) refers to led.o(i.Write0) for Write0
    led.o(i.RGB_LED_Blue) refers to led.o(i.RGB_LED_Colour_Set) for RGB_LED_Colour_Set
    led.o(i.RGB_LED_Colour_Set) refers to led.o(i.LED_Set_Byte) for LED_Set_Byte
    led.o(i.RGB_LED_Cyan) refers to led.o(i.RGB_LED_Colour_Set) for RGB_LED_Colour_Set
    led.o(i.RGB_LED_FLY) refers to led.o(i.RGB_LED_Colour_Set) for RGB_LED_Colour_Set
    led.o(i.RGB_LED_Off) refers to led.o(i.RGB_LED_Colour_Set) for RGB_LED_Colour_Set
    led.o(i.RGB_LED_Orange) refers to led.o(i.RGB_LED_Colour_Set) for RGB_LED_Colour_Set
    led.o(i.RGB_LED_Rand) refers to rand.o(.text) for rand
    led.o(i.RGB_LED_Rand) refers to led.o(i.RGB_LED_Colour_Set) for RGB_LED_Colour_Set
    led.o(i.RGB_LED_Red) refers to led.o(i.RGB_LED_Colour_Set) for RGB_LED_Colour_Set
    led.o(i.RGB_LED_Runing) refers to led.o(i.RGB_LED_Colour_Set) for RGB_LED_Colour_Set
    led.o(i.RGB_LED_Runing) refers to led.o(.data) for times
    led.o(i.RGB_LED_Violet) refers to led.o(i.RGB_LED_Colour_Set) for RGB_LED_Colour_Set
    led.o(i.RGB_LED_White) refers to led.o(i.RGB_LED_Colour_Set) for RGB_LED_Colour_Set
    led.o(i.RGB_LED_Yellow) refers to led.o(i.RGB_LED_Colour_Set) for RGB_LED_Colour_Set
    led.o(i.RGB_LED_green) refers to led.o(i.RGB_LED_Colour_Set) for RGB_LED_Colour_Set
    led.o(i.Reset) refers to stm32f10x_gpio.o(i.GPIO_ResetBits) for GPIO_ResetBits
    led.o(i.Reset) refers to stm32f10x_gpio.o(i.GPIO_SetBits) for GPIO_SetBits
    led.o(i.Write0) refers to stm32f10x_gpio.o(i.GPIO_SetBits) for GPIO_SetBits
    led.o(i.Write0) refers to stm32f10x_gpio.o(i.GPIO_ResetBits) for GPIO_ResetBits
    led.o(i.Write1) refers to stm32f10x_gpio.o(i.GPIO_SetBits) for GPIO_SetBits
    led.o(i.Write1) refers to stm32f10x_gpio.o(i.GPIO_ResetBits) for GPIO_ResetBits
    key.o(i.Key_Init) refers to stm32f10x_rcc.o(i.RCC_APB2PeriphClockCmd) for RCC_APB2PeriphClockCmd
    key.o(i.Key_Init) refers to stm32f10x_gpio.o(i.GPIO_Init) for GPIO_Init
    key.o(i.Key_Scan) refers to fadd.o(.text) for __aeabi_fadd
    key.o(i.Key_Scan) refers to key.o(.data) for flag_key
    key.o(i.Key_Scan) refers to control.o(.bss) for speedPid
    motor.o(i.AMotor_PWM_Init) refers to stm32f10x_rcc.o(i.RCC_APB1PeriphClockCmd) for RCC_APB1PeriphClockCmd
    motor.o(i.AMotor_PWM_Init) refers to stm32f10x_rcc.o(i.RCC_APB2PeriphClockCmd) for RCC_APB2PeriphClockCmd
[...]
    i.TIM_OC4PreloadConfig                   0x080027c8   Section        0  stm32f10x_tim.o(i.TIM_OC4PreloadConfig)
    i.TIM_SetCompare1                        0x080027e2   Section        0  stm32f10x_tim.o(i.TIM_SetCompare1)
    i.TIM_SetCompare3                        0x080027e6   Section        0  stm32f10x_tim.o(i.TIM_SetCompare3)
    i.TIM_SetCompare4                        0x080027ea   Section        0  stm32f10x_tim.o(i.TIM_SetCompare4)
    i.TIM_SetCounter                         0x080027f0   Section        0  stm32f10x_tim.o(i.TIM_SetCounter)
    i.TIM_SetIC1Prescaler                    0x080027f4   Section        0  stm32f10x_tim.o(i.TIM_SetIC1Prescaler)
    i.TIM_SetIC2Prescaler                    0x08002806   Section        0  stm32f10x_tim.o(i.TIM_SetIC2Prescaler)
    i.TIM_SetIC3Prescaler                    0x08002820   Section        0  stm32f10x_tim.o(i.TIM_SetIC3Prescaler)
    i.TIM_SetIC4Prescaler                    0x08002832   Section        0  stm32f10x_tim.o(i.TIM_SetIC4Prescaler)
    i.TIM_TimeBaseInit                       0x0800284c   Section        0  stm32f10x_tim.o(i.TIM_TimeBaseInit)
    i.TIM_TimeBaseStructInit                 0x080028f0   Section        0  stm32f10x_tim.o(i.TIM_TimeBaseStructInit)
    i.USART1_IRQHandler                      0x08002904   Section        0  usart.o(i.USART1_IRQHandler)
    i.USART3_IRQHandler                      0x0800292c   Section        0  remote.o(i.USART3_IRQHandler)
    i.USART_ClearITPendingBit                0x08002958   Section        0  stm32f10x_usart.o(i.USART_ClearITPendingBit)
    i.USART_Cmd                              0x08002976   Section        0  stm32f10x_usart.o(i.USART_Cmd)
    i.USART_GetFlagStatus                    0x0800298e   Section        0  stm32f10x_usart.o(i.USART_GetFlagStatus)
    i.USART_GetITStatus                      0x080029a8   Section        0  stm32f10x_usart.o(i.USART_GetITStatus)
    i.USART_ITConfig                         0x080029fc   Section        0  stm32f10x_usart.o(i.USART_ITConfig)
    i.USART_Init                             0x08002a48   Section        0  stm32f10x_usart.o(i.USART_Init)
    i.USART_SendData                         0x08002b20   Section        0  stm32f10x_usart.o(i.USART_SendData)
    i.Uart1_init                             0x08002b28   Section        0  usart.o(i.Uart1_init)
    i.Uart3_init                             0x08002bcc   Section        0  remote.o(i.Uart3_init)
    i.UsageFault_Handler                     0x08002c70   Section        0  stm32f10x_it.o(i.UsageFault_Handler)
    i.Write0                                 0x08002c74   Section        0  led.o(i.Write0)
    i.Write1                                 0x08002ca0   Section        0  led.o(i.Write1)
    i.__0printf$8                            0x08002cdc   Section        0  printf8.o(i.__0printf$8)
    i.__ARM_fpclassify                       0x08002cfc   Section        0  fpclassify.o(i.__ARM_fpclassify)
    i.__kernel_poly                          0x08002d24   Section        0  poly.o(i.__kernel_poly)
    i.__mathlib_dbl_infnan                   0x08002dce   Section        0  dunder.o(i.__mathlib_dbl_infnan)
    i.__mathlib_dbl_infnan2                  0x08002dd4   Section        0  dunder.o(i.__mathlib_dbl_infnan2)
    i.__mathlib_dbl_invalid                  0x08002dd8   Section        0  dunder.o(i.__mathlib_dbl_invalid)
    i.__mathlib_dbl_underflow                0x08002de4   Section        0  dunder.o(i.__mathlib_dbl_underflow)
    i.__scatterload_copy                     0x08002df4   Section       14  handlers.o(i.__scatterload_copy)
    i.__scatterload_null                     0x08002e02   Section        2  handlers.o(i.__scatterload_null)
    i.__scatterload_zeroinit                 0x08002e04   Section       14  handlers.o(i.__scatterload_zeroinit)
    i.__set_errno                            0x08002e14   Section        0  errno.o(i.__set_errno)
    i._printf_core                           0x08002e20   Section        0  printf8.o(i._printf_core)
    _printf_core                             0x08002e21   Thumb Code   984  printf8.o(i._printf_core)
    i._printf_post_padding                   0x08003224   Section        0  printf8.o(i._printf_post_padding)
    _printf_post_padding                     0x08003225   Thumb Code    36  printf8.o(i._printf_post_padding)
    i._printf_pre_padding                    0x08003248   Section        0  printf8.o(i._printf_pre_padding)
    _printf_pre_padding                      0x08003249   Thumb Code    46  printf8.o(i._printf_pre_padding)
    i.accel_self_test                        0x08003278   Section        0  inv_mpu.o(i.accel_self_test)
    accel_self_test                          0x08003279   Thumb Code   168  inv_mpu.o(i.accel_self_test)
    i.asin                                   0x08003324   Section        0  asin.o(i.asin)
    i.atan                                   0x08003594   Section        0  atan.o(i.atan)
    i.atan2                                  0x080037b4   Section        0  atan2.o(i.atan2)
    i.decode_gesture                         0x08003950   Section        0  inv_mpu_dmp_motion_driver.o(i.decode_gesture)
    decode_gesture                           0x08003951   Thumb Code    94  inv_mpu_dmp_motion_driver.o(i.decode_gesture)
    i.delay_init                             0x080039b4   Section        0  delay.o(i.delay_init)
    i.delay_ms                               0x080039f8   Section        0  delay.o(i.delay_ms)
    i.delay_us                               0x08003a44   Section        0  delay.o(i.delay_us)
    i.directLoop                             0x08003a90   Section        0  control.o(i.directLoop)
    i.dmp_enable_6x_lp_quat                  0x08003a98   Section        0  inv_mpu_dmp_motion_driver.o(i.dmp_enable_6x_lp_quat)
    i.dmp_enable_feature                     0x08003ad4   Section        0  inv_mpu_dmp_motion_driver.o(i.dmp_enable_feature)
    i.dmp_enable_gyro_cal                    0x08003cf0   Section        0  inv_mpu_dmp_motion_driver.o(i.dmp_enable_gyro_cal)
    i.dmp_enable_lp_quat                     0x08003d48   Section        0  inv_mpu_dmp_motion_driver.o(i.dmp_enable_lp_quat)
    i.dmp_load_motion_driver_firmware        0x08003d84   Section        0  inv_mpu_dmp_motion_driver.o(i.dmp_load_motion_driver_firmware)
    i.dmp_read_fifo                          0x08003d9c   Section        0  inv_mpu_dmp_motion_driver.o(i.dmp_read_fifo)
    i.dmp_set_accel_bias                     0x08003f68   Section        0  inv_mpu_dmp_motion_driver.o(i.dmp_set_accel_bias)
    i.dmp_set_fifo_rate                      0x08004098   Section        0  inv_mpu_dmp_motion_driver.o(i.dmp_set_fifo_rate)
    i.dmp_set_gyro_bias                      0x08004108   Section        0  inv_mpu_dmp_motion_driver.o(i.dmp_set_gyro_bias)
    i.dmp_set_orientation                    0x08004238   Section        0  inv_mpu_dmp_motion_driver.o(i.dmp_set_orientation)
    i.dmp_set_shake_reject_thresh            0x08004370   Section        0  inv_mpu_dmp_motion_driver.o(i.dmp_set_shake_reject_thresh)
    i.dmp_set_shake_reject_time              0x080043a8   Section        0  inv_mpu_dmp_motion_driver.o(i.dmp_set_shake_reject_time)
    i.dmp_set_shake_reject_timeout           0x080043ce   Section        0  inv_mpu_dmp_motion_driver.o(i.dmp_set_shake_reject_timeout)
    i.dmp_set_tap_axes                       0x080043f4   Section        0  inv_mpu_dmp_motion_driver.o(i.dmp_set_tap_axes)
    i.dmp_set_tap_count                      0x0800443a   Section        0  inv_mpu_dmp_motion_driver.o(i.dmp_set_tap_count)
    i.dmp_set_tap_thresh                     0x08004460   Section        0  inv_mpu_dmp_motion_driver.o(i.dmp_set_tap_thresh)
    i.dmp_set_tap_time                       0x08004600   Section        0  inv_mpu_dmp_motion_driver.o(i.dmp_set_tap_time)
    i.dmp_set_tap_time_multi                 0x08004626   Section        0  inv_mpu_dmp_motion_driver.o(i.dmp_set_tap_time_multi)
    i.fputc                                  0x0800464c   Section        0  usart.o(i.fputc)
    i.get_accel_prod_shift                   0x08004670   Section        0  inv_mpu.o(i.get_accel_prod_shift)
    get_accel_prod_shift                     0x08004671   Thumb Code   168  inv_mpu.o(i.get_accel_prod_shift)
    i.get_st_biases                          0x08004724   Section        0  inv_mpu.o(i.get_st_biases)
    get_st_biases                            0x08004725   Thumb Code  1128  inv_mpu.o(i.get_st_biases)
    i.gyro_self_test                         0x08004b90   Section        0  inv_mpu.o(i.gyro_self_test)
    gyro_self_test                           0x08004b91   Thumb Code   262  inv_mpu.o(i.gyro_self_test)
    i.inv_orientation_matrix_to_scalar       0x08004ca8   Section        0  inv_mpu.o(i.inv_orientation_matrix_to_scalar)
    i.inv_row_2_scale                        0x08004cd0   Section        0  inv_mpu.o(i.inv_row_2_scale)
    i.lightControl                           0x08004d20   Section        0  control.o(i.lightControl)
    i.main                                   0x08004d68   Section        0  main.o(i.main)
    i.mget_ms                                0x08004e50   Section        0  inv_mpu.o(i.mget_ms)
    i.motorControlOut                        0x08004e54   Section        0  control.o(i.motorControlOut)
    i.mpu_configure_fifo                     0x08004ea8   Section        0  inv_mpu.o(i.mpu_configure_fifo)
    i.mpu_dmp_get_data                       0x08004f18   Section        0  inv_mpu.o(i.mpu_dmp_get_data)
    i.mpu_dmp_init                           0x0800513c   Section        0  inv_mpu.o(i.mpu_dmp_init)
    i.mpu_get_accel_fsr                      0x080051d4   Section        0  inv_mpu.o(i.mpu_get_accel_fsr)
    i.mpu_get_accel_sens                     0x08005220   Section        0  inv_mpu.o(i.mpu_get_accel_sens)
    i.mpu_get_fifo_config                    0x08005274   Section        0  inv_mpu.o(i.mpu_get_fifo_config)
    i.mpu_get_gyro_fsr                       0x08005284   Section        0  inv_mpu.o(i.mpu_get_gyro_fsr)
    i.mpu_get_gyro_sens                      0x080052c8   Section        0  inv_mpu.o(i.mpu_get_gyro_sens)
    i.mpu_get_lpf                            0x08005318   Section        0  inv_mpu.o(i.mpu_get_lpf)
    i.mpu_get_sample_rate                    0x08005368   Section        0  inv_mpu.o(i.mpu_get_sample_rate)
    i.mpu_init                               0x08005388   Section        0  inv_mpu.o(i.mpu_init)
    i.mpu_load_firmware                      0x08005578   Section        0  inv_mpu.o(i.mpu_load_firmware)
    i.mpu_lp_accel_mode                      0x08005630   Section        0  inv_mpu.o(i.mpu_lp_accel_mode)
    i.mpu_read_fifo_stream                   0x08005710   Section        0  inv_mpu.o(i.mpu_read_fifo_stream)
    i.mpu_read_mem                           0x080057d0   Section        0  inv_mpu.o(i.mpu_read_mem)
    i.mpu_reset_fifo                         0x08005850   Section        0  inv_mpu.o(i.mpu_reset_fifo)
    i.mpu_run_self_test                      0x08005a18   Section        0  inv_mpu.o(i.mpu_run_self_test)
    i.mpu_set_accel_fsr                      0x08005b34   Section        0  inv_mpu.o(i.mpu_set_accel_fsr)
    i.mpu_set_bypass                         0x08005bb8   Section        0  inv_mpu.o(i.mpu_set_bypass)
    i.mpu_set_dmp_state                      0x08005d04   Section        0  inv_mpu.o(i.mpu_set_dmp_state)
    i.mpu_set_gyro_fsr                       0x08005d94   Section        0  inv_mpu.o(i.mpu_set_gyro_fsr)
    i.mpu_set_int_latched                    0x08005e1c   Section        0  inv_mpu.o(i.mpu_set_int_latched)
    i.mpu_set_lpf                            0x08005e88   Section        0  inv_mpu.o(i.mpu_set_lpf)
    i.mpu_set_sample_rate                    0x08005f0c   Section        0  inv_mpu.o(i.mpu_set_sample_rate)
    i.mpu_set_sensors                        0x08005fa8   Section        0  inv_mpu.o(i.mpu_set_sensors)
    i.mpu_write_mem                          0x08006078   Section        0  inv_mpu.o(i.mpu_write_mem)
    i.parameterInit                          0x080060f8   Section        0  control.o(i.parameterInit)
    i.pidCalculate                           0x08006154   Section        0  control.o(i.pidCalculate)
    i.run_self_test                          0x080061b8   Section        0  inv_mpu.o(i.run_self_test)
    i.setMotorPwm                            0x0800624c   Section        0  motor.o(i.setMotorPwm)
    i.setSteerPwm                            0x080062e4   Section        0  steer.o(i.setSteerPwm)
    i.set_int_enable                         0x08006318   Section        0  inv_mpu.o(i.set_int_enable)
    set_int_enable                           0x08006319   Thumb Code   138  inv_mpu.o(i.set_int_enable)
    i.speedLoop                              0x080063a8   Section        0  control.o(i.speedLoop)
    i.sqrt                                   0x080063aa   Section        0  sqrt.o(i.sqrt)
    i.stabilityLoop                          0x080063f8   Section        0  control.o(i.stabilityLoop)
    i.steerSynchronousOut                    0x08006430   Section        0  steer.o(i.steerSynchronousOut)
    .constdata                               0x0800646c   Section     2072  oled.o(.constdata)
    .constdata                               0x08006c84   Section     3062  inv_mpu_dmp_motion_driver.o(.constdata)
    dmp_memory                               0x08006c84   Data        3062  inv_mpu_dmp_motion_driver.o(.constdata)
    .constdata                               0x0800787c   Section       80  inv_mpu.o(.constdata)
    .constdata                               0x080078d0   Section       80  asin.o(.constdata)
    pS                                       0x080078d0   Data          48  asin.o(.constdata)
    qS                                       0x08007900   Data          32  asin.o(.constdata)
    .constdata                               0x08007920   Section      152  atan.o(.constdata)
    atanhi                                   0x08007920   Data          32  atan.o(.constdata)
    atanlo                                   0x08007940   Data          32  atan.o(.constdata)
    aTodd                                    0x08007960   Data          40  atan.o(.constdata)
    aTeven                                   0x08007988   Data          48  atan.o(.constdata)
    .constdata                               0x080079b8   Section        8  qnan.o(.constdata)
    .conststring                             0x080079c0   Section       77  inv_mpu.o(.conststring)
    .data                                    0x20000000   Section       20  system_stm32f10x.o(.data)
    .data                                    0x20000014   Section      451  led.o(.data)
    Run_buf                                  0x20000014   Data         448  led.o(.data)
    cnt                                      0x200001d4   Data           1  led.o(.data)
    wcnt                                     0x200001d5   Data           1  led.o(.data)
    times                                    0x200001d6   Data           1  led.o(.data)
    .data                                    0x200001d7   Section       10  exit.o(.data)
    task10ms                                 0x200001dc   Data           1  exit.o(.data)
    task20ms                                 0x200001dd   Data           1  exit.o(.data)
    task50ms                                 0x200001de   Data           1  exit.o(.data)
    task100ms                                0x200001df   Data           1  exit.o(.data)
    task200ms                                0x200001e0   Data           1  exit.o(.data)
    .data                                    0x200001e4   Section       44  control.o(.data)
    .data                                    0x20000210   Section       53  inv_mpu.o(.data)
    st                                       0x20000210   Data          44  inv_mpu.o(.data)
    gyro_orientation                         0x2000023c   Data           9  inv_mpu.o(.data)
    .data                                    0x20000246   Section        4  delay.o(.data)
    fac_us                                   0x20000246   Data           1  delay.o(.data)
    fac_ms                                   0x20000248   Data           2  delay.o(.data)
    .data                                    0x2000024a   Section       20  stm32f10x_rcc.o(.data)
    APBAHBPrescTable                         0x2000024a   Data          16  stm32f10x_rcc.o(.data)
    ADCPrescTable                            0x2000025a   Data           4  stm32f10x_rcc.o(.data)
    .data                                    0x20000260   Section        4  stdout.o(.data)
    .data                                    0x20000264   Section        4  errno.o(.data)
    _errno                                   0x20000264   Data           4  errno.o(.data)
    .bss                                     0x20000268   Section       96  control.o(.bss)
    .bss                                     0x200002c8   Section       16  inv_mpu_dmp_motion_driver.o(.bss)
    dmp                                      0x200002c8   Data          16  inv_mpu_dmp_motion_driver.o(.bss)
    STACK                                    0x200002d8   Section     1024  startup_stm32f10x_md.o(STACK)

    Global Symbols

    Symbol Name                              Value     Ov Type        Size  Object(Section)

    BuildAttributes$$THM_ISAv4$P$D$K$B$S$PE$A:L22UL41UL21$X:L11$S22US41US21$IEEE1$IW$USESV6$~STKCKD$USESV7$~SHL$OTIME$ROPI$IEEEX$EBA8$MICROLIB$REQ8$PRES8$EABIv2 0x00000000   Number         0  anon$$obj.o ABSOLUTE
    __ARM_use_no_argv                        0x00000000   Number         0  main.o ABSOLUTE
    _printf_a                                0x00000000   Number         0  stubs.o ABSOLUTE
    _printf_c                                0x00000000   Number         0  stubs.o ABSOLUTE
    _printf_charcount                        0x00000000   Number         0  stubs.o ABSOLUTE
    _printf_d                                0x00000000   Number         0  stubs.o ABSOLUTE
    _printf_e                                0x00000000   Number         0  stubs.o ABSOLUTE
    _printf_f                                0x00000000   Number         0  stubs.o ABSOLUTE
    _printf_flags                            0x00000000   Number         0  stubs.o ABSOLUTE
    _printf_fp_dec                           0x00000000   Number         0  stubs.o ABSOLUTE
    _printf_fp_hex                           0x00000000   Number         0  stubs.o ABSOLUTE
    _printf_g                                0x00000000   Number         0  stubs.o ABSOLUTE
    _printf_i                                0x00000000   Number         0  stubs.o ABSOLUTE
    _printf_int_dec                          0x00000000   Number         0  stubs.o ABSOLUTE
    _printf_l                                0x00000000   Number         0  stubs.o ABSOLUTE
    _printf_lc                               0x00000000   Number         0  stubs.o ABSOLUTE
    _printf_ll                               0x00000000   Number         0  stubs.o ABSOLUTE
    _printf_lld                              0x00000000   Number         0  stubs.o ABSOLUTE
    _printf_lli                              0x00000000   Number         0  stubs.o ABSOLUTE
    _printf_llo                              0x00000000   Number         0  stubs.o ABSOLUTE
    _printf_llu                              0x00000000   Number         0  stubs.o ABSOLUTE
    _printf_llx                              0x00000000   Number         0  stubs.o ABSOLUTE
    _printf_longlong_dec                     0x00000000   Number         0  stubs.o ABSOLUTE
    _printf_longlong_hex                     0x00000000   Number         0  stubs.o ABSOLUTE
    _printf_longlong_oct                     0x00000000   Number         0  stubs.o ABSOLUTE
    _printf_ls                               0x00000000   Number         0  stubs.o ABSOLUTE
    _printf_mbtowc                           0x00000000   Number         0  stubs.o ABSOLUTE
    _printf_n                                0x00000000   Number         0  stubs.o ABSOLUTE
    _printf_o                                0x00000000   Number         0  stubs.o ABSOLUTE
    _printf_p                                0x00000000   Number         0  stubs.o ABSOLUTE
    _printf_percent                          0x00000000   Number         0  stubs.o ABSOLUTE
    _printf_pre_padding                      0x00000000   Number         0  stubs.o ABSOLUTE
    _printf_return_value                     0x00000000   Number         0  stubs.o ABSOLUTE
    _printf_s                                0x00000000   Number         0  stubs.o ABSOLUTE
    _printf_sizespec                         0x00000000   Number         0  stubs.o ABSOLUTE
    _printf_str                              0x00000000   Number         0  stubs.o ABSOLUTE
    _printf_truncate_signed                  0x00000000   Number         0  stubs.o ABSOLUTE
    _printf_truncate_unsigned                0x00000000   Number         0  stubs.o ABSOLUTE
    _printf_u                                0x00000000   Number         0  stubs.o ABSOLUTE
    _printf_wc                               0x00000000   Number         0  stubs.o ABSOLUTE
    _printf_wctomb                           0x00000000   Number         0  stubs.o ABSOLUTE
    _printf_widthprec                        0x00000000   Number         0  stubs.o ABSOLUTE
    _printf_x                                0x00000000   Number         0  stubs.o ABSOLUTE
    __arm_fini_                               - Undefined Weak Reference
    __cpp_initialize__aeabi_                  - Undefined Weak Reference
    __cxa_finalize                            - Undefined Weak Reference
    _clock_init                               - Undefined Weak Reference
    _microlib_exit                            - Undefined Weak Reference
    __Vectors_Size                           0x000000ec   Number         0  startup_stm32f10x_md.o ABSOLUTE
    __Vectors                                0x08000000   Data           4  startup_stm32f10x_md.o(RESET)
    __Vectors_End                            0x080000ec   Data           0  startup_stm32f10x_md.o(RESET)
    __main                                   0x080000ed   Thumb Code     0  entry.o(.ARM.Collect$$$$00000000)
    _main_stk                                0x080000ed   Thumb Code     0  entry2.o(.ARM.Collect$$$$00000001)
    _main_scatterload                        0x080000f1   Thumb Code     0  entry5.o(.ARM.Collect$$$$00000004)
    __main_after_scatterload                 0x080000f5   Thumb Code     0  entry5.o(.ARM.Collect$$$$00000004)
    _main_clock                              0x080000f5   Thumb Code     0  entry7b.o(.ARM.Collect$$$$00000008)
    _main_cpp_init                           0x080000f5   Thumb Code     0  entry8b.o(.ARM.Collect$$$$0000000A)
    _main_init                               0x080000f5   Thumb Code     0  entry9a.o(.ARM.Collect$$$$0000000B)
    __rt_lib_shutdown_fini                   0x080000fd   Thumb Code     0  entry12b.o(.ARM.Collect$$$$0000000E)
    __rt_final_cpp                           0x08000101   Thumb Code     0  entry10a.o(.ARM.Collect$$$$0000000F)
    __rt_final_exit                          0x08000101   Thumb Code     0  entry11a.o(.ARM.Collect$$$$00000011)
    Reset_Handler                            0x08000105   Thumb Code     8  startup_stm32f10x_md.o(.text)
    ADC1_2_IRQHandler                        0x0800011f   Thumb Code     0  startup_stm32f10x_md.o(.text)
    CAN1_RX1_IRQHandler                      0x0800011f   Thumb Code     0  startup_stm32f10x_md.o(.text)
    CAN1_SCE_IRQHandler                      0x0800011f   Thumb Code     0  startup_stm32f10x_md.o(.text)
    DMA1_Channel1_IRQHandler                 0x0800011f   Thumb Code     0  startup_stm32f10x_md.o(.text)
    DMA1_Channel2_IRQHandler                 0x0800011f   Thumb Code     0  startup_stm32f10x_md.o(.text)
    DMA1_Channel3_IRQHandler                 0x0800011f   Thumb Code     0  startup_stm32f10x_md.o(.text)
    DMA1_Channel4_IRQHandler                 0x0800011f   Thumb Code     0  startup_stm32f10x_md.o(.text)
    DMA1_Channel5_IRQHandler                 0x0800011f   Thumb Code     0  startup_stm32f10x_md.o(.text)
    DMA1_Channel6_IRQHandler                 0x0800011f   Thumb Code     0  startup_stm32f10x_md.o(.text)
    DMA1_Channel7_IRQHandler                 0x0800011f   Thumb Code     0  startup_stm32f10x_md.o(.text)
    EXTI0_IRQHandler                         0x0800011f   Thumb Code     0  startup_stm32f10x_md.o(.text)
    EXTI15_10_IRQHandler                     0x0800011f   Thumb Code     0  startup_stm32f10x_md.o(.text)
    EXTI1_IRQHandler                         0x0800011f   Thumb Code     0  startup_stm32f10x_md.o(.text)
    EXTI2_IRQHandler                         0x0800011f   Thumb Code     0  startup_stm32f10x_md.o(.text)
    EXTI3_IRQHandler                         0x0800011f   Thumb Code     0  startup_stm32f10x_md.o(.text)
    EXTI4_IRQHandler                         0x0800011f   Thumb Code     0  startup_stm32f10x_md.o(.text)
    FLASH_IRQHandler                         0x0800011f   Thumb Code     0  startup_stm32f10x_md.o(.text)
    I2C1_ER_IRQHandler                       0x0800011f   Thumb Code     0  startup_stm32f10x_md.o(.text)
    I2C1_EV_IRQHandler                       0x0800011f   Thumb Code     0  startup_stm32f10x_md.o(.text)
    I2C2_ER_IRQHandler                       0x0800011f   Thumb Code     0  startup_stm32f10x_md.o(.text)
    I2C2_EV_IRQHandler                       0x0800011f   Thumb Code     0  startup_stm32f10x_md.o(.text)
    PVD_IRQHandler                           0x0800011f   Thumb Code     0  startup_stm32f10x_md.o(.text)
    RCC_IRQHandler                           0x0800011f   Thumb Code     0  startup_stm32f10x_md.o(.text)
    RTCAlarm_IRQHandler                      0x0800011f   Thumb Code     0  startup_stm32f10x_md.o(.text)
    RTC_IRQHandler                           0x0800011f   Thumb Code     0  startup_stm32f10x_md.o(.text)
    SPI1_IRQHandler                          0x0800011f   Thumb Code     0  startup_stm32f10x_md.o(.text)
    SPI2_IRQHandler                          0x0800011f   Thumb Code     0  startup_stm32f10x_md.o(.text)
    TAMPER_IRQHandler                        0x0800011f   Thumb Code     0  startup_stm32f10x_md.o(.text)
    TIM1_BRK_IRQHandler                      0x0800011f   Thumb Code     0  startup_stm32f10x_md.o(.text)
    TIM1_CC_IRQHandler                       0x0800011f   Thumb Code     0  startup_stm32f10x_md.o(.text)
    TIM1_TRG_COM_IRQHandler                  0x0800011f   Thumb Code     0  startup_stm32f10x_md.o(.text)
    TIM1_UP_IRQHandler                       0x0800011f   Thumb Code     0  startup_stm32f10x_md.o(.text)
    TIM3_IRQHandler                          0x0800011f   Thumb Code     0  startup_stm32f10x_md.o(.text)
    USART2_IRQHandler                        0x0800011f   Thumb Code     0  startup_stm32f10x_md.o(.text)
    USBWakeUp_IRQHandler                     0x0800011f   Thumb Code     0  startup_stm32f10x_md.o(.text)
    USB_HP_CAN1_TX_IRQHandler                0x0800011f   Thumb Code     0  startup_stm32f10x_md.o(.text)
    USB_LP_CAN1_RX0_IRQHandler               0x0800011f   Thumb Code     0  startup_stm32f10x_md.o(.text)
    WWDG_IRQHandler                          0x0800011f   Thumb Code     0  startup_stm32f10x_md.o(.text)
    __aeabi_ldivmod                          0x08000129   Thumb Code    98  ldiv.o(.text)
    __aeabi_memset                           0x0800018b   Thumb Code    14  memseta.o(.text)
    __aeabi_memset4                          0x0800018b   Thumb Code     0  memseta.o(.text)
    __aeabi_memset8                          0x0800018b   Thumb Code     0  memseta.o(.text)
    __aeabi_memclr                           0x08000199   Thumb Code     4  memseta.o(.text)
    __aeabi_memclr4                          0x08000199   Thumb Code     0  memseta.o(.text)
    __aeabi_memclr8                          0x08000199   Thumb Code     0  memseta.o(.text)
    _memset$wrapper                          0x0800019d   Thumb Code    18  memseta.o(.text)
    memcmp                                   0x080001af   Thumb Code    26  memcmp.o(.text)
    __aeabi_fadd                             0x080001c9   Thumb Code   164  fadd.o(.text)
    __aeabi_fsub                             0x0800026d   Thumb Code     6  fadd.o(.text)
    __aeabi_frsub                            0x08000273   Thumb Code     6  fadd.o(.text)
    __aeabi_fmul                             0x08000279   Thumb Code   100  fmul.o(.text)
    __aeabi_fdiv                             0x080002dd   Thumb Code   124  fdiv.o(.text)
    __aeabi_dadd                             0x08000359   Thumb Code   322  dadd.o(.text)
    __aeabi_dsub                             0x0800049b   Thumb Code     6  dadd.o(.text)
    __aeabi_drsub                            0x080004a1   Thumb Code     6  dadd.o(.text)
    __aeabi_dmul                             0x080004a7   Thumb Code   228  dmul.o(.text)
    __aeabi_ddiv                             0x0800058b   Thumb Code   222  ddiv.o(.text)
    __aeabi_i2f                              0x08000669   Thumb Code    18  fflti.o(.text)
    __aeabi_ui2f                             0x0800067b   Thumb Code    10  ffltui.o(.text)
    __aeabi_f2iz                             0x08000685   Thumb Code    50  ffixi.o(.text)
    __aeabi_f2uiz                            0x080006b7   Thumb Code    40  ffixui.o(.text)
    __aeabi_f2d                              0x080006df   Thumb Code    38  f2d.o(.text)
    __aeabi_d2f                              0x08000705   Thumb Code    56  d2f.o(.text)
    __aeabi_cfcmpeq                          0x0800073d   Thumb Code     0  cfcmple.o(.text)
    __aeabi_cfcmple                          0x0800073d   Thumb Code    20  cfcmple.o(.text)
    __aeabi_cfrcmple                         0x08000751   Thumb Code    20  cfrcmple.o(.text)
    __aeabi_uldivmod                         0x08000765   Thumb Code    98  uldiv.o(.text)
    __aeabi_llsl                             0x080007c7   Thumb Code    30  llshl.o(.text)
    _ll_shift_l                              0x080007c7   Thumb Code     0  llshl.o(.text)
    __aeabi_lasr                             0x080007e5   Thumb Code    36  llsshr.o(.text)
    _ll_sshift_r                             0x080007e5   Thumb Code     0  llsshr.o(.text)
    __I$use$fp                               0x08000809   Thumb Code     0  iusefp.o(.text)
    _float_round                             0x08000809   Thumb Code    18  fepilogue.o(.text)
    _float_epilogue                          0x0800081b   Thumb Code    92  fepilogue.o(.text)
    _double_round                            0x08000877   Thumb Code    30  depilogue.o(.text)
    _double_epilogue                         0x08000895   Thumb Code   156  depilogue.o(.text)
    __ARM_scalbn                             0x08000931   Thumb Code    46  dscalb.o(.text)
    scalbn                                   0x08000931   Thumb Code     0  dscalb.o(.text)
    __aeabi_cdcmpeq                          0x08000961   Thumb Code     0  cdcmple.o(.text)
    __aeabi_cdcmple                          0x08000961   Thumb Code    48  cdcmple.o(.text)
    __scatterload                            0x08000991   Thumb Code    28  init.o(.text)
    __scatterload_rt2                        0x08000991   Thumb Code     0  init.o(.text)
    __aeabi_llsr                             0x080009b5   Thumb Code    32  llushr.o(.text)
    _ll_ushift_r                             0x080009b5   Thumb Code     0  llushr.o(.text)
    _dsqrt                                   0x080009d5   Thumb Code   162  dsqrt.o(.text)
    __decompress                             0x08000a77   Thumb Code     0  __dczerorl2.o(.text)
    __decompress1                            0x08000a77   Thumb Code    86  __dczerorl2.o(.text)
    AMotor_PWM_Init                          0x08000acd   Thumb Code   142  motor.o(i.AMotor_PWM_Init)
    A_Encoder_Init                           0x08000b65   Thumb Code   154  encoder.o(i.A_Encoder_Init)
    BMotor_PWM_Init                          0x08000c05   Thumb Code   134  motor.o(i.BMotor_PWM_Init)
    B_Encoder_Init                           0x08000c95   Thumb Code   148  encoder.o(i.B_Encoder_Init)
    Bluetooth_Receive_Parsing                0x08000d31   Thumb Code   378  remote.o(i.Bluetooth_Receive_Parsing)
    BusFault_Handler                         0x08000ecd   Thumb Code     4  stm32f10x_it.o(i.BusFault_Handler)
    DebugMon_Handler                         0x08000ed1   Thumb Code     2  stm32f10x_it.o(i.DebugMon_Handler)
    EXTI9_5_IRQHandler                       0x08000ed5   Thumb Code   166  exit.o(i.EXTI9_5_IRQHandler)
    EXTI_Init                                0x08000fad   Thumb Code   142  stm32f10x_exti.o(i.EXTI_Init)
    GPIO_EXTILineConfig                      0x08001041   Thumb Code    60  stm32f10x_gpio.o(i.GPIO_EXTILineConfig)
    GPIO_Init                                0x08001081   Thumb Code   278  stm32f10x_gpio.o(i.GPIO_Init)
    GPIO_PinRemapConfig                      0x08001199   Thumb Code   138  stm32f10x_gpio.o(i.GPIO_PinRemapConfig)
    GPIO_ResetBits                           0x08001229   Thumb Code     4  stm32f10x_gpio.o(i.GPIO_ResetBits)
    GPIO_SetBits                             0x0800122d   Thumb Code     4  stm32f10x_gpio.o(i.GPIO_SetBits)
    HardFault_Handler                        0x08001231   Thumb Code     4  stm32f10x_it.o(i.HardFault_Handler)
    Key_Init                                 0x08001235   Thumb Code    32  key.o(i.Key_Init)
    LED_Init                                 0x08001259   Thumb Code    80  led.o(i.LED_Init)
    LED_Set_Byte                             0x080012b1   Thumb Code    38  led.o(i.LED_Set_Byte)
    Limiting                                 0x080012d7   Thumb Code    22  mymath.o(i.Limiting)
    Limiting_float                           0x080012ed   Thumb Code    40  mymath.o(i.Limiting_float)
    Limiting_uint16                          0x08001315   Thumb Code    22  mymath.o(i.Limiting_uint16)
    MPU6050_EXTI_Init                        0x0800132d   Thumb Code   104  exit.o(i.MPU6050_EXTI_Init)
    MPU_IIC_Ack                              0x08001399   Thumb Code    62  mpuiic.o(i.MPU_IIC_Ack)
    MPU_IIC_Delay                            0x080013e5   Thumb Code    10  mpuiic.o(i.MPU_IIC_Delay)
    MPU_IIC_Init                             0x080013f1   Thumb Code    46  mpuiic.o(i.MPU_IIC_Init)
    MPU_IIC_NAck                             0x08001429   Thumb Code    62  mpuiic.o(i.MPU_IIC_NAck)
    MPU_IIC_Read_Byte                        0x08001475   Thumb Code    94  mpuiic.o(i.MPU_IIC_Read_Byte)
    MPU_IIC_Send_Byte                        0x080014e1   Thumb Code    80  mpuiic.o(i.MPU_IIC_Send_Byte)
    MPU_IIC_Start                            0x0800153d   Thumb Code    60  mpuiic.o(i.MPU_IIC_Start)
    MPU_IIC_Stop                             0x08001585   Thumb Code    58  mpuiic.o(i.MPU_IIC_Stop)
    MPU_IIC_Wait_Ack                         0x080015cd   Thumb Code    86  mpuiic.o(i.MPU_IIC_Wait_Ack)
    MPU_Init                                 0x08001631   Thumb Code   122  mpu6050.o(i.MPU_Init)
    MPU_Read_Byte                            0x080016ab   Thumb Code    58  mpu6050.o(i.MPU_Read_Byte)
    MPU_Read_Len                             0x080016e5   Thumb Code   116  mpu6050.o(i.MPU_Read_Len)
    MPU_Set_Accel_Fsr                        0x08001759   Thumb Code    16  mpu6050.o(i.MPU_Set_Accel_Fsr)
    MPU_Set_Gyro_Fsr                         0x08001769   Thumb Code    16  mpu6050.o(i.MPU_Set_Gyro_Fsr)
    MPU_Set_LPF                              0x08001779   Thumb Code    58  mpu6050.o(i.MPU_Set_LPF)
    MPU_Set_Rate                             0x080017b3   Thumb Code    58  mpu6050.o(i.MPU_Set_Rate)
    MPU_Write_Byte                           0x080017ed   Thumb Code    68  mpu6050.o(i.MPU_Write_Byte)
    MPU_Write_Len                            0x08001831   Thumb Code    96  mpu6050.o(i.MPU_Write_Len)
    MemManage_Handler                        0x08001891   Thumb Code     4  stm32f10x_it.o(i.MemManage_Handler)
    Motor_Init                               0x08001895   Thumb Code    92  motor.o(i.Motor_Init)
    My_abs                                   0x080018fd   Thumb Code    14  mymath.o(i.My_abs)
    NMI_Handler                              0x0800190b   Thumb Code     2  stm32f10x_it.o(i.NMI_Handler)
    NVIC_Init                                0x0800190d   Thumb Code   100  misc.o(i.NVIC_Init)
    NVIC_PriorityGroupConfig                 0x0800197d   Thumb Code    10  misc.o(i.NVIC_PriorityGroupConfig)
    OLED_Clear                               0x08001991   Thumb Code    62  oled.o(i.OLED_Clear)
    OLED_IIC_Start                           0x080019d1   Thumb Code    36  oled.o(i.OLED_IIC_Start)
    OLED_IIC_Stop                            0x080019f9   Thumb Code    28  oled.o(i.OLED_IIC_Stop)
    OLED_IIC_Wait_Ack                        0x08001a19   Thumb Code    20  oled.o(i.OLED_IIC_Wait_Ack)
    OLED_Init                                0x08001a31   Thumb Code   274  oled.o(i.OLED_Init)
    OLED_Set_Pos                             0x08001b49   Thumb Code    40  oled.o(i.OLED_Set_Pos)
    OLED_ShowChar                            0x08001b71   Thumb Code   154  oled.o(i.OLED_ShowChar)
    OLED_ShowString                          0x08001c15   Thumb Code    54  oled.o(i.OLED_ShowString)
    OLED_WR_Byte                             0x08001c4b   Thumb Code    24  oled.o(i.OLED_WR_Byte)
    OLED_Write_IIC_Byte                      0x08001c65   Thumb Code    80  oled.o(i.OLED_Write_IIC_Byte)
    OLED_Write_IIC_Command                   0x08001cb9   Thumb Code    44  oled.o(i.OLED_Write_IIC_Command)
    OLED_Write_IIC_Data                      0x08001ce5   Thumb Code    44  oled.o(i.OLED_Write_IIC_Data)
    PendSV_Handler                           0x08001d11   Thumb Code     2  stm32f10x_it.o(i.PendSV_Handler)
    RCC_APB1PeriphClockCmd                   0x08001d15   Thumb Code    26  stm32f10x_rcc.o(i.RCC_APB1PeriphClockCmd)
    RCC_APB2PeriphClockCmd                   0x08001d35   Thumb Code    26  stm32f10x_rcc.o(i.RCC_APB2PeriphClockCmd)
    RCC_GetClocksFreq                        0x08001d55   Thumb Code   192  stm32f10x_rcc.o(i.RCC_GetClocksFreq)
    RGB_LED_Blue                             0x08001e29   Thumb Code    26  led.o(i.RGB_LED_Blue)
    RGB_LED_Colour_Set                       0x08001e43   Thumb Code    28  led.o(i.RGB_LED_Colour_Set)
    RGB_LED_FLY                              0x08001e5f   Thumb Code    42  led.o(i.RGB_LED_FLY)
    RGB_LED_Off                              0x08001e89   Thumb Code    26  led.o(i.RGB_LED_Off)
    RGB_LED_Orange                           0x08001ea3   Thumb Code    26  led.o(i.RGB_LED_Orange)
    RGB_LED_Red                              0x08001ebd   Thumb Code    26  led.o(i.RGB_LED_Red)
    RGB_LED_Runing                           0x08001ed9   Thumb Code   168  led.o(i.RGB_LED_Runing)
    RGB_LED_White                            0x08001f91   Thumb Code    26  led.o(i.RGB_LED_White)
    RGB_LED_Yellow                           0x08001fab   Thumb Code    26  led.o(i.RGB_LED_Yellow)
    RGB_LED_green                            0x08001fc5   Thumb Code    26  led.o(i.RGB_LED_green)
    SVC_Handler                              0x08001fdf   Thumb Code     2  stm32f10x_it.o(i.SVC_Handler)
    Steer_Init                               0x080020c9   Thumb Code    24  steer.o(i.Steer_Init)
    Steer_Pwm_Init                           0x080020e1   Thumb Code   158  steer.o(i.Steer_Pwm_Init)
    SysTick_CLKSourceConfig                  0x08002189   Thumb Code    40  misc.o(i.SysTick_CLKSourceConfig)
    SysTick_Handler                          0x080021b1   Thumb Code     2  stm32f10x_it.o(i.SysTick_Handler)
    SystemInit                               0x080021b5   Thumb Code    78  system_stm32f10x.o(i.SystemInit)
    TIM2_IRQHandler                          0x08002455   Thumb Code    24  encoder.o(i.TIM2_IRQHandler)
    TIM4_IRQHandler                          0x0800246d   Thumb Code    18  encoder.o(i.TIM4_IRQHandler)
    TIM_ARRPreloadConfig                     0x08002485   Thumb Code    24  stm32f10x_tim.o(i.TIM_ARRPreloadConfig)
    TIM_ClearFlag                            0x0800249d   Thumb Code     6  stm32f10x_tim.o(i.TIM_ClearFlag)
    TIM_Cmd                                  0x080024a3   Thumb Code    24  stm32f10x_tim.o(i.TIM_Cmd)
    TIM_CtrlPWMOutputs                       0x080024bb   Thumb Code    30  stm32f10x_tim.o(i.TIM_CtrlPWMOutputs)
    TIM_EncoderInterfaceConfig               0x080024d9   Thumb Code    66  stm32f10x_tim.o(i.TIM_EncoderInterfaceConfig)
    TIM_ICInit                               0x0800251d   Thumb Code   150  stm32f10x_tim.o(i.TIM_ICInit)
    TIM_ICStructInit                         0x080025c9   Thumb Code    18  stm32f10x_tim.o(i.TIM_ICStructInit)
    TIM_ITConfig                             0x080025db   Thumb Code    18  stm32f10x_tim.o(i.TIM_ITConfig)
    TIM_OC1Init                              0x080025ed   Thumb Code   132  stm32f10x_tim.o(i.TIM_OC1Init)
    TIM_OC1PreloadConfig                     0x08002685   Thumb Code    18  stm32f10x_tim.o(i.TIM_OC1PreloadConfig)
    TIM_OC3Init                              0x08002699   Thumb Code   150  stm32f10x_tim.o(i.TIM_OC3Init)
    TIM_OC3PreloadConfig                     0x08002739   Thumb Code    18  stm32f10x_tim.o(i.TIM_OC3PreloadConfig)
    TIM_OC4Init                              0x0800274d   Thumb Code   114  stm32f10x_tim.o(i.TIM_OC4Init)
    TIM_OC4PreloadConfig                     0x080027c9   Thumb Code    26  stm32f10x_tim.o(i.TIM_OC4PreloadConfig)
    TIM_SetCompare1                          0x080027e3   Thumb Code     4  stm32f10x_tim.o(i.TIM_SetCompare1)
    TIM_SetCompare3                          0x080027e7   Thumb Code     4  stm32f10x_tim.o(i.TIM_SetCompare3)
    TIM_SetCompare4                          0x080027eb   Thumb Code     6  stm32f10x_tim.o(i.TIM_SetCompare4)
    TIM_SetCounter                           0x080027f1   Thumb Code     4  stm32f10x_tim.o(i.TIM_SetCounter)
    TIM_SetIC1Prescaler                      0x080027f5   Thumb Code    18  stm32f10x_tim.o(i.TIM_SetIC1Prescaler)
    TIM_SetIC2Prescaler                      0x08002807   Thumb Code    26  stm32f10x_tim.o(i.TIM_SetIC2Prescaler)
    TIM_SetIC3Prescaler                      0x08002821   Thumb Code    18  stm32f10x_tim.o(i.TIM_SetIC3Prescaler)
    TIM_SetIC4Prescaler                      0x08002833   Thumb Code    26  stm32f10x_tim.o(i.TIM_SetIC4Prescaler)
    TIM_TimeBaseInit                         0x0800284d   Thumb Code   122  stm32f10x_tim.o(i.TIM_TimeBaseInit)
    TIM_TimeBaseStructInit                   0x080028f1   Thumb Code    18  stm32f10x_tim.o(i.TIM_TimeBaseStructInit)
    USART1_IRQHandler                        0x08002905   Thumb Code    34  usart.o(i.USART1_IRQHandler)
    USART3_IRQHandler                        0x0800292d   Thumb Code    40  remote.o(i.USART3_IRQHandler)
    USART_ClearITPendingBit                  0x08002959   Thumb Code    30  stm32f10x_usart.o(i.USART_ClearITPendingBit)
    USART_Cmd                                0x08002977   Thumb Code    24  stm32f10x_usart.o(i.USART_Cmd)
    USART_GetFlagStatus                      0x0800298f   Thumb Code    26  stm32f10x_usart.o(i.USART_GetFlagStatus)
    USART_GetITStatus                        0x080029a9   Thumb Code    84  stm32f10x_usart.o(i.USART_GetITStatus)
    USART_ITConfig                           0x080029fd   Thumb Code    74  stm32f10x_usart.o(i.USART_ITConfig)
    USART_Init                               0x08002a49   Thumb Code   210  stm32f10x_usart.o(i.USART_Init)
    USART_SendData                           0x08002b21   Thumb Code     8  stm32f10x_usart.o(i.USART_SendData)
    Uart1_init                               0x08002b29   Thumb Code   154  usart.o(i.Uart1_init)
    Uart3_init                               0x08002bcd   Thumb Code   156  remote.o(i.Uart3_init)
    UsageFault_Handler                       0x08002c71   Thumb Code     4  stm32f10x_it.o(i.UsageFault_Handler)
    Write0                                   0x08002c75   Thumb Code    40  led.o(i.Write0)
    Write1                                   0x08002ca1   Thumb Code    56  led.o(i.Write1)
    __0printf$8                              0x08002cdd   Thumb Code    22  printf8.o(i.__0printf$8)
    __1printf$8                              0x08002cdd   Thumb Code     0  printf8.o(i.__0printf$8)
    __2printf                                0x08002cdd   Thumb Code     0  printf8.o(i.__0printf$8)
    __ARM_fpclassify                         0x08002cfd   Thumb Code    40  fpclassify.o(i.__ARM_fpclassify)
    __kernel_poly                            0x08002d25   Thumb Code   170  poly.o(i.__kernel_poly)
    __mathlib_dbl_infnan                     0x08002dcf   Thumb Code     6  dunder.o(i.__mathlib_dbl_infnan)
    __mathlib_dbl_infnan2                    0x08002dd5   Thumb Code     4  dunder.o(i.__mathlib_dbl_infnan2)
    __mathlib_dbl_invalid                    0x08002dd9   Thumb Code    12  dunder.o(i.__mathlib_dbl_invalid)
    __mathlib_dbl_underflow                  0x08002de5   Thumb Code    10  dunder.o(i.__mathlib_dbl_underflow)
    __scatterload_copy                       0x08002df5   Thumb Code    14  handlers.o(i.__scatterload_copy)
    __scatterload_null                       0x08002e03   Thumb Code     2  handlers.o(i.__scatterload_null)
    __scatterload_zeroinit                   0x08002e05   Thumb Code    14  handlers.o(i.__scatterload_zeroinit)
    __set_errno                              0x08002e15   Thumb Code     6  errno.o(i.__set_errno)
    asin                                     0x08003325   Thumb Code   572  asin.o(i.asin)
    atan                                     0x08003595   Thumb Code   474  atan.o(i.atan)
    atan2                                    0x080037b5   Thumb Code   374  atan2.o(i.atan2)
    delay_init                               0x080039b5   Thumb Code    50  delay.o(i.delay_init)
    delay_ms                                 0x080039f9   Thumb Code    72  delay.o(i.delay_ms)
    delay_us                                 0x08003a45   Thumb Code    72  delay.o(i.delay_us)
    directLoop                               0x08003a91   Thumb Code     8  control.o(i.directLoop)
    dmp_enable_6x_lp_quat                    0x08003a99   Thumb Code    60  inv_mpu_dmp_motion_driver.o(i.dmp_enable_6x_lp_quat)
    dmp_enable_feature                       0x08003ad5   Thumb Code   530  inv_mpu_dmp_motion_driver.o(i.dmp_enable_feature)
    dmp_enable_gyro_cal                      0x08003cf1   Thumb Code    62  inv_mpu_dmp_motion_driver.o(i.dmp_enable_gyro_cal)
    dmp_enable_lp_quat                       0x08003d49   Thumb Code    60  inv_mpu_dmp_motion_driver.o(i.dmp_enable_lp_quat)
    dmp_load_motion_driver_firmware          0x08003d85   Thumb Code    20  inv_mpu_dmp_motion_driver.o(i.dmp_load_motion_driver_firmware)
    dmp_read_fifo                            0x08003d9d   Thumb Code   456  inv_mpu_dmp_motion_driver.o(i.dmp_read_fifo)
    dmp_set_accel_bias                       0x08003f69   Thumb Code   300  inv_mpu_dmp_motion_driver.o(i.dmp_set_accel_bias)
    dmp_set_fifo_rate                        0x08004099   Thumb Code    96  inv_mpu_dmp_motion_driver.o(i.dmp_set_fifo_rate)
    dmp_set_gyro_bias                        0x08004109   Thumb Code   294  inv_mpu_dmp_motion_driver.o(i.dmp_set_gyro_bias)
    dmp_set_orientation                      0x08004239   Thumb Code   290  inv_mpu_dmp_motion_driver.o(i.dmp_set_orientation)
    dmp_set_shake_reject_thresh              0x08004371   Thumb Code    56  inv_mpu_dmp_motion_driver.o(i.dmp_set_shake_reject_thresh)
    dmp_set_shake_reject_time                0x080043a9   Thumb Code    38  inv_mpu_dmp_motion_driver.o(i.dmp_set_shake_reject_time)
    dmp_set_shake_reject_timeout             0x080043cf   Thumb Code    38  inv_mpu_dmp_motion_driver.o(i.dmp_set_shake_reject_timeout)
    dmp_set_tap_axes                         0x080043f5   Thumb Code    70  inv_mpu_dmp_motion_driver.o(i.dmp_set_tap_axes)
    dmp_set_tap_count                        0x0800443b   Thumb Code    38  inv_mpu_dmp_motion_driver.o(i.dmp_set_tap_count)
    dmp_set_tap_thresh                       0x08004461   Thumb Code   396  inv_mpu_dmp_motion_driver.o(i.dmp_set_tap_thresh)
    dmp_set_tap_time                         0x08004601   Thumb Code    38  inv_mpu_dmp_motion_driver.o(i.dmp_set_tap_time)
    dmp_set_tap_time_multi                   0x08004627   Thumb Code    38  inv_mpu_dmp_motion_driver.o(i.dmp_set_tap_time_multi)
    fputc                                    0x0800464d   Thumb Code    32  usart.o(i.fputc)
    inv_orientation_matrix_to_scalar         0x08004ca9   Thumb Code    40  inv_mpu.o(i.inv_orientation_matrix_to_scalar)
    inv_row_2_scale                          0x08004cd1   Thumb Code    78  inv_mpu.o(i.inv_row_2_scale)
    lightControl                             0x08004d21   Thumb Code    68  control.o(i.lightControl)
    main                                     0x08004d69   Thumb Code   202  main.o(i.main)
    mget_ms                                  0x08004e51   Thumb Code     2  inv_mpu.o(i.mget_ms)
    motorControlOut                          0x08004e55   Thumb Code    68  control.o(i.motorControlOut)
    mpu_configure_fifo                       0x08004ea9   Thumb Code   106  inv_mpu.o(i.mpu_configure_fifo)
    mpu_dmp_get_data                         0x08004f19   Thumb Code   544  inv_mpu.o(i.mpu_dmp_get_data)
    mpu_dmp_init                             0x0800513d   Thumb Code   148  inv_mpu.o(i.mpu_dmp_init)
    mpu_get_accel_fsr                        0x080051d5   Thumb Code    72  inv_mpu.o(i.mpu_get_accel_fsr)
    mpu_get_accel_sens                       0x08005221   Thumb Code    78  inv_mpu.o(i.mpu_get_accel_sens)
    mpu_get_fifo_config                      0x08005275   Thumb Code    12  inv_mpu.o(i.mpu_get_fifo_config)
    mpu_get_gyro_fsr                         0x08005285   Thumb Code    64  inv_mpu.o(i.mpu_get_gyro_fsr)
    mpu_get_gyro_sens                        0x080052c9   Thumb Code    58  inv_mpu.o(i.mpu_get_gyro_sens)
    mpu_get_lpf                              0x08005319   Thumb Code    74  inv_mpu.o(i.mpu_get_lpf)
    mpu_get_sample_rate                      0x08005369   Thumb Code    26  inv_mpu.o(i.mpu_get_sample_rate)
    mpu_init                                 0x08005389   Thumb Code   416  inv_mpu.o(i.mpu_init)
    mpu_load_firmware                        0x08005579   Thumb Code   180  inv_mpu.o(i.mpu_load_firmware)
    mpu_lp_accel_mode                        0x08005631   Thumb Code   218  inv_mpu.o(i.mpu_lp_accel_mode)
    mpu_read_fifo_stream                     0x08005711   Thumb Code   186  inv_mpu.o(i.mpu_read_fifo_stream)
    mpu_read_mem                             0x080057d1   Thumb Code   122  inv_mpu.o(i.mpu_read_mem)
    mpu_reset_fifo                           0x08005851   Thumb Code   450  inv_mpu.o(i.mpu_reset_fifo)
    mpu_run_self_test                        0x08005a19   Thumb Code   278  inv_mpu.o(i.mpu_run_self_test)
    mpu_set_accel_fsr                        0x08005b35   Thumb Code   126  inv_mpu.o(i.mpu_set_accel_fsr)
    mpu_set_bypass                           0x08005bb9   Thumb Code   328  inv_mpu.o(i.mpu_set_bypass)
    mpu_set_dmp_state                        0x08005d05   Thumb Code   138  inv_mpu.o(i.mpu_set_dmp_state)
    mpu_set_gyro_fsr                         0x08005d95   Thumb Code   132  inv_mpu.o(i.mpu_set_gyro_fsr)
    mpu_set_int_latched                      0x08005e1d   Thumb Code   102  inv_mpu.o(i.mpu_set_int_latched)
    mpu_set_lpf                              0x08005e89   Thumb Code   126  inv_mpu.o(i.mpu_set_lpf)
    mpu_set_sample_rate                      0x08005f0d   Thumb Code   152  inv_mpu.o(i.mpu_set_sample_rate)
    mpu_set_sensors                          0x08005fa9   Thumb Code   202  inv_mpu.o(i.mpu_set_sensors)
    mpu_write_mem                            0x08006079   Thumb Code   122  inv_mpu.o(i.mpu_write_mem)
    parameterInit                            0x080060f9   Thumb Code    58  control.o(i.parameterInit)
    pidCalculate                             0x08006155   Thumb Code   100  control.o(i.pidCalculate)
    run_self_test                            0x080061b9   Thumb Code   148  inv_mpu.o(i.run_self_test)
    setMotorPwm                              0x0800624d   Thumb Code   140  motor.o(i.setMotorPwm)
    setSteerPwm                              0x080062e5   Thumb Code    48  steer.o(i.setSteerPwm)
    speedLoop                                0x080063a9   Thumb Code     2  control.o(i.speedLoop)
    sqrt                                     0x080063ab   Thumb Code    76  sqrt.o(i.sqrt)
    stabilityLoop                            0x080063f9   Thumb Code    34  control.o(i.stabilityLoop)
    steerSynchronousOut                      0x08006431   Thumb Code    50  steer.o(i.steerSynchronousOut)
    F6x8                                     0x0800646c   Data         552  oled.o(.constdata)
    F8X16                                    0x08006694   Data        1520  oled.o(.constdata)
    reg                                      0x0800787c   Data          27  inv_mpu.o(.constdata)
    hw                                       0x08007898   Data          12  inv_mpu.o(.constdata)
    test                                     0x080078a4   Data          40  inv_mpu.o(.constdata)
    __mathlib_zero                           0x080079b8   Data           8  qnan.o(.constdata)
    Region$$Table$$Base                      0x08007a10   Number         0  anon$$obj.o(Region$$Table)
    Region$$Table$$Limit                     0x08007a30   Number         0  anon$$obj.o(Region$$Table)
    SystemCoreClock                          0x20000000   Data           4  system_stm32f10x.o(.data)
    AHBPrescTable                            0x20000004   Data          16  system_stm32f10x.o(.data)
    task_direct                              0x200001d7   Data           1  exit.o(.data)
    task_speed                               0x200001d8   Data           1  exit.o(.data)
    task_stability                           0x200001d9   Data           1  exit.o(.data)
    task_oled                                0x200001da   Data           1  exit.o(.data)
    task_rgb                                 0x200001db   Data           1  exit.o(.data)
    flag                                     0x200001e4   Data           2  control.o(.data)
    leftSpeed                                0x200001e6   Data           2  control.o(.data)
    rightSpeed                               0x200001e8   Data           2  control.o(.data)
    totalSpeed                               0x200001ec   Data           4  control.o(.data)
    leftWheelOut                             0x200001f0   Data           2  control.o(.data)
    rightWheelOut                            0x200001f2   Data           2  control.o(.data)
    stabilityOut                             0x200001f4   Data           2  control.o(.data)
    speedIncrementalTemp                     0x200001f6   Data           2  control.o(.data)
    deviateSpeed                             0x200001f8   Data           2  control.o(.data)
    angle_z                                  0x200001fc   Data           4  control.o(.data)
    angularVelocity_z                        0x20000200   Data           4  control.o(.data)
    pitch                                    0x20000204   Data           4  control.o(.data)
    roll                                     0x20000208   Data           4  control.o(.data)
    yaw                                      0x2000020c   Data           4  control.o(.data)
    __stdout                                 0x20000260   Data           4  stdout.o(.data)
    speedPid                                 0x20000268   Data          32  control.o(.bss)
    stabilityPid                             0x20000288   Data          32  control.o(.bss)
    directPid                                0x200002a8   Data          32  control.o(.bss)
    __initial_sp                             0x200006d8   Data           0  startup_stm32f10x_md.o(STACK)



==============================================================================

Memory Map of the image

  Image Entry point : 0x080000ed

  Load Region LR_IROM1 (Base: 0x08000000, Size: 0x00007c98, Max: 0x00010000, ABSOLUTE, COMPRESSED[0x00007a84])

    Execution Region ER_IROM1 (Exec base: 0x08000000, Load base: 0x08000000, Size: 0x00007a30, Max: 0x00010000, ABSOLUTE)

    Exec Addr    Load Addr    Size         Type   Attr      Idx    E Section Name        Object

    0x08000000   0x08000000   0x000000ec   Data   RO         1687    RESET               startup_stm32f10x_md.o
    0x080000ec   0x080000ec   0x00000000   Code   RO         4677  * .ARM.Collect$$$$00000000  mc_w.l(entry.o)
    0x080000ec   0x080000ec   0x00000004   Code   RO         5017    .ARM.Collect$$$$00000001  mc_w.l(entry2.o)
    0x080000f0   0x080000f0   0x00000004   Code   RO         5020    .ARM.Collect$$$$00000004  mc_w.l(entry5.o)
    0x080000f4   0x080000f4   0x00000000   Code   RO         5022    .ARM.Collect$$$$00000008  mc_w.l(entry7b.o)
    0x080000f4   0x080000f4   0x00000000   Code   RO         5024    .ARM.Collect$$$$0000000A  mc_w.l(entry8b.o)
    0x080000f4   0x080000f4   0x00000008   Code   RO         5025    .ARM.Collect$$$$0000000B  mc_w.l(entry9a.o)
    0x080000fc   0x080000fc   0x00000004   Code   RO         5032    .ARM.Collect$$$$0000000E  mc_w.l(entry12b.o)
    0x08000100   0x08000100   0x00000000   Code   RO         5027    .ARM.Collect$$$$0000000F  mc_w.l(entry10a.o)
    0x08000100   0x08000100   0x00000000   Code   RO         5029    .ARM.Collect$$$$00000011  mc_w.l(entry11a.o)
    0x08000100   0x08000100   0x00000004   Code   RO         5018    .ARM.Collect$$$$00002712  mc_w.l(entry2.o)
    0x08000104   0x08000104   0x00000024   Code   RO         1688    .text               startup_stm32f10x_md.o
    0x08000128   0x08000128   0x00000062   Code   RO         4680    .text               mc_w.l(ldiv.o)
    0x0800018a   0x0800018a   0x00000024   Code   RO         4685    .text               mc_w.l(memseta.o)
    0x080001ae   0x080001ae   0x0000001a   Code   RO         4687    .text               mc_w.l(memcmp.o)
    0x080001c8   0x080001c8   0x000000b0   Code   RO         4950    .text               mf_w.l(fadd.o)
    0x08000278   0x08000278   0x00000064   Code   RO         4952    .text               mf_w.l(fmul.o)
    0x080002dc   0x080002dc   0x0000007c   Code   RO         4954    .text               mf_w.l(fdiv.o)
    0x08000358   0x08000358   0x0000014e   Code   RO         4956    .text               mf_w.l(dadd.o)
    0x080004a6   0x080004a6   0x000000e4   Code   RO         4958    .text               mf_w.l(dmul.o)
    0x0800058a   0x0800058a   0x000000de   Code   RO         4960    .text               mf_w.l(ddiv.o)
    0x08000668   0x08000668   0x00000012   Code   RO         4962    .text               mf_w.l(fflti.o)
    0x0800067a   0x0800067a   0x0000000a   Code   RO         4964    .text               mf_w.l(ffltui.o)
    0x08000684   0x08000684   0x00000032   Code   RO         4968    .text               mf_w.l(ffixi.o)
    0x080006b6   0x080006b6   0x00000028   Code   RO         4970    .text               mf_w.l(ffixui.o)
    0x080006de   0x080006de   0x00000026   Code   RO         4972    .text               mf_w.l(f2d.o)
    0x08000704   0x08000704   0x00000038   Code   RO         4974    .text               mf_w.l(d2f.o)
    0x0800073c   0x0800073c   0x00000014   Code   RO         4976    .text               mf_w.l(cfcmple.o)
    0x08000750   0x08000750   0x00000014   Code   RO         4978    .text               mf_w.l(cfrcmple.o)
    0x08000764   0x08000764   0x00000062   Code   RO         5036    .text               mc_w.l(uldiv.o)
    0x080007c6   0x080007c6   0x0000001e   Code   RO         5038    .text               mc_w.l(llshl.o)
    0x080007e4   0x080007e4   0x00000024   Code   RO         5040    .text               mc_w.l(llsshr.o)
    0x08000808   0x08000808   0x00000000   Code   RO         5049    .text               mc_w.l(iusefp.o)
    0x08000808   0x08000808   0x0000006e   Code   RO         5050    .text               mf_w.l(fepilogue.o)
    0x08000876   0x08000876   0x000000ba   Code   RO         5052    .text               mf_w.l(depilogue.o)
    0x08000930   0x08000930   0x0000002e   Code   RO         5054    .text               mf_w.l(dscalb.o)
    0x0800095e   0x0800095e   0x00000002   PAD
    0x08000960   0x08000960   0x00000030   Code   RO         5058    .text               mf_w.l(cdcmple.o)
    0x08000990   0x08000990   0x00000024   Code   RO         5062    .text               mc_w.l(init.o)
    0x080009b4   0x080009b4   0x00000020   Code   RO         5064    .text               mc_w.l(llushr.o)
    0x080009d4   0x080009d4   0x000000a2   Code   RO         5066    .text               mf_w.l(dsqrt.o)
    0x08000a76   0x08000a76   0x00000056   Code   RO         5076    .text               mc_w.l(__dczerorl2.o)
    0x08000acc   0x08000acc   0x00000098   Code   RO          437    i.AMotor_PWM_Init   motor.o
    0x08000b64   0x08000b64   0x000000a0   Code   RO          555    i.A_Encoder_Init    encoder.o
    0x08000c04   0x08000c04   0x00000090   Code   RO          438    i.BMotor_PWM_Init   motor.o
    0x08000c94   0x08000c94   0x0000009c   Code   RO          556    i.B_Encoder_Init    encoder.o
    0x08000d30   0x08000d30   0x0000019c   Code   RO          803    i.Bluetooth_Receive_Parsing  remote.o
    0x08000ecc   0x08000ecc   0x00000004   Code   RO          171    i.BusFault_Handler  stm32f10x_it.o
    0x08000ed0   0x08000ed0   0x00000002   Code   RO          172    i.DebugMon_Handler  stm32f10x_it.o
    0x08000ed2   0x08000ed2   0x00000002   PAD
    0x08000ed4   0x08000ed4   0x000000d8   Code   RO          607    i.EXTI9_5_IRQHandler  exit.o
    0x08000fac   0x08000fac   0x00000094   Code   RO         2495    i.EXTI_Init         stm32f10x_exti.o
    0x08001040   0x08001040   0x00000040   Code   RO         2840    i.GPIO_EXTILineConfig  stm32f10x_gpio.o
    0x08001080   0x08001080   0x00000116   Code   RO         2843    i.GPIO_Init         stm32f10x_gpio.o
    0x08001196   0x08001196   0x00000002   PAD
    0x08001198   0x08001198   0x00000090   Code   RO         2845    i.GPIO_PinRemapConfig  stm32f10x_gpio.o
    0x08001228   0x08001228   0x00000004   Code   RO         2850    i.GPIO_ResetBits    stm32f10x_gpio.o
    0x0800122c   0x0800122c   0x00000004   Code   RO         2851    i.GPIO_SetBits      stm32f10x_gpio.o
    0x08001230   0x08001230   0x00000004   Code   RO          173    i.HardFault_Handler  stm32f10x_it.o
    0x08001234   0x08001234   0x00000024   Code   RO          414    i.Key_Init          key.o
    0x08001258   0x08001258   0x00000058   Code   RO          294    i.LED_Init          led.o
    0x080012b0   0x080012b0   0x00000026   Code   RO          295    i.LED_Set_Byte      led.o
    0x080012d6   0x080012d6   0x00000016   Code   RO          929    i.Limiting          mymath.o
    0x080012ec   0x080012ec   0x00000028   Code   RO          930    i.Limiting_float    mymath.o
    0x08001314   0x08001314   0x00000016   Code   RO          931    i.Limiting_uint16   mymath.o
    0x0800132a   0x0800132a   0x00000002   PAD
    0x0800132c   0x0800132c   0x0000006c   Code   RO          608    i.MPU6050_EXTI_Init  exit.o
    0x08001398   0x08001398   0x0000004c   Code   RO          993    i.MPU_IIC_Ack       mpuiic.o
    0x080013e4   0x080013e4   0x0000000a   Code   RO          994    i.MPU_IIC_Delay     mpuiic.o
    0x080013ee   0x080013ee   0x00000002   PAD
    0x080013f0   0x080013f0   0x00000038   Code   RO          995    i.MPU_IIC_Init      mpuiic.o
    0x08001428   0x08001428   0x0000004c   Code   RO          996    i.MPU_IIC_NAck      mpuiic.o
    0x08001474   0x08001474   0x0000006c   Code   RO          997    i.MPU_IIC_Read_Byte  mpuiic.o
    0x080014e0   0x080014e0   0x0000005c   Code   RO          998    i.MPU_IIC_Send_Byte  mpuiic.o
    0x0800153c   0x0800153c   0x00000048   Code   RO          999    i.MPU_IIC_Start     mpuiic.o
    0x08001584   0x08001584   0x00000048   Code   RO         1000    i.MPU_IIC_Stop      mpuiic.o
    0x080015cc   0x080015cc   0x00000064   Code   RO         1001    i.MPU_IIC_Wait_Ack  mpuiic.o
    0x08001630   0x08001630   0x0000007a   Code   RO          849    i.MPU_Init          mpu6050.o
    0x080016aa   0x080016aa   0x0000003a   Code   RO          850    i.MPU_Read_Byte     mpu6050.o
    0x080016e4   0x080016e4   0x00000074   Code   RO          851    i.MPU_Read_Len      mpu6050.o
    0x08001758   0x08001758   0x00000010   Code   RO          852    i.MPU_Set_Accel_Fsr  mpu6050.o
    0x08001768   0x08001768   0x00000010   Code   RO          853    i.MPU_Set_Gyro_Fsr  mpu6050.o
    0x08001778   0x08001778   0x0000003a   Code   RO          854    i.MPU_Set_LPF       mpu6050.o
    0x080017b2   0x080017b2   0x0000003a   Code   RO          855    i.MPU_Set_Rate      mpu6050.o
    0x080017ec   0x080017ec   0x00000044   Code   RO          856    i.MPU_Write_Byte    mpu6050.o
    0x08001830   0x08001830   0x00000060   Code   RO          857    i.MPU_Write_Len     mpu6050.o
    0x08001890   0x08001890   0x00000004   Code   RO          174    i.MemManage_Handler  stm32f10x_it.o
    0x08001894   0x08001894   0x00000068   Code   RO          439    i.Motor_Init        motor.o
    0x080018fc   0x080018fc   0x0000000e   Code   RO          932    i.My_abs            mymath.o
    0x0800190a   0x0800190a   0x00000002   Code   RO          175    i.NMI_Handler       stm32f10x_it.o
    0x0800190c   0x0800190c   0x00000070   Code   RO         1692    i.NVIC_Init         misc.o
    0x0800197c   0x0800197c   0x00000014   Code   RO         1693    i.NVIC_PriorityGroupConfig  misc.o
    0x08001990   0x08001990   0x0000003e   Code   RO          635    i.OLED_Clear        oled.o
    0x080019ce   0x080019ce   0x00000002   PAD
    0x080019d0   0x080019d0   0x00000028   Code   RO          638    i.OLED_IIC_Start    oled.o
    0x080019f8   0x080019f8   0x00000020   Code   RO          639    i.OLED_IIC_Stop     oled.o
    0x08001a18   0x08001a18   0x00000018   Code   RO          640    i.OLED_IIC_Wait_Ack  oled.o
    0x08001a30   0x08001a30   0x00000118   Code   RO          641    i.OLED_Init         oled.o
    0x08001b48   0x08001b48   0x00000028   Code   RO          642    i.OLED_Set_Pos      oled.o
    0x08001b70   0x08001b70   0x000000a4   Code   RO          643    i.OLED_ShowChar     oled.o
    0x08001c14   0x08001c14   0x00000036   Code   RO          644    i.OLED_ShowString   oled.o
    0x08001c4a   0x08001c4a   0x00000018   Code   RO          645    i.OLED_WR_Byte      oled.o
    0x08001c62   0x08001c62   0x00000002   PAD
    0x08001c64   0x08001c64   0x00000054   Code   RO          646    i.OLED_Write_IIC_Byte  oled.o
    0x08001cb8   0x08001cb8   0x0000002c   Code   RO          647    i.OLED_Write_IIC_Command  oled.o
    0x08001ce4   0x08001ce4   0x0000002c   Code   RO          648    i.OLED_Write_IIC_Data  oled.o
    0x08001d10   0x08001d10   0x00000002   Code   RO          176    i.PendSV_Handler    stm32f10x_it.o
    0x08001d12   0x08001d12   0x00000002   PAD
    0x08001d14   0x08001d14   0x00000020   Code   RO         3259    i.RCC_APB1PeriphClockCmd  stm32f10x_rcc.o
    0x08001d34   0x08001d34   0x00000020   Code   RO         3261    i.RCC_APB2PeriphClockCmd  stm32f10x_rcc.o
    0x08001d54   0x08001d54   0x000000d4   Code   RO         3269    i.RCC_GetClocksFreq  stm32f10x_rcc.o
    0x08001e28   0x08001e28   0x0000001a   Code   RO          296    i.RGB_LED_Blue      led.o
    0x08001e42   0x08001e42   0x0000001c   Code   RO          297    i.RGB_LED_Colour_Set  led.o
    0x08001e5e   0x08001e5e   0x0000002a   Code   RO          299    i.RGB_LED_FLY       led.o
    0x08001e88   0x08001e88   0x0000001a   Code   RO          300    i.RGB_LED_Off       led.o
    0x08001ea2   0x08001ea2   0x0000001a   Code   RO          301    i.RGB_LED_Orange    led.o
    0x08001ebc   0x08001ebc   0x0000001a   Code   RO          303    i.RGB_LED_Red       led.o
    0x08001ed6   0x08001ed6   0x00000002   PAD
    0x08001ed8   0x08001ed8   0x000000b8   Code   RO          304    i.RGB_LED_Runing    led.o
    0x08001f90   0x08001f90   0x0000001a   Code   RO          306    i.RGB_LED_White     led.o
    0x08001faa   0x08001faa   0x0000001a   Code   RO          307    i.RGB_LED_Yellow    led.o
    0x08001fc4   0x08001fc4   0x0000001a   Code   RO          308    i.RGB_LED_green     led.o
    0x08001fde   0x08001fde   0x00000002   Code   RO          177    i.SVC_Handler       stm32f10x_it.o
    0x08001fe0   0x08001fe0   0x00000008   Code   RO          260    i.SetSysClock       system_stm32f10x.o
    0x08001fe8   0x08001fe8   0x000000e0   Code   RO          261    i.SetSysClockTo72   system_stm32f10x.o
    0x080020c8   0x080020c8   0x00000018   Code   RO          471    i.Steer_Init        steer.o
    0x080020e0   0x080020e0   0x000000a8   Code   RO          472    i.Steer_Pwm_Init    steer.o
    0x08002188   0x08002188   0x00000028   Code   RO         1696    i.SysTick_CLKSourceConfig  misc.o
    0x080021b0   0x080021b0   0x00000002   Code   RO          178    i.SysTick_Handler   stm32f10x_it.o
    0x080021b2   0x080021b2   0x00000002   PAD
    0x080021b4   0x080021b4   0x00000060   Code   RO          263    i.SystemInit        system_stm32f10x.o
    0x08002214   0x08002214   0x00000080   Code   RO         3877    i.TI1_Config        stm32f10x_tim.o
    0x08002294   0x08002294   0x00000098   Code   RO         3878    i.TI2_Config        stm32f10x_tim.o
    0x0800232c   0x0800232c   0x00000090   Code   RO         3879    i.TI3_Config        stm32f10x_tim.o
    0x080023bc   0x080023bc   0x00000098   Code   RO         3880    i.TI4_Config        stm32f10x_tim.o
    0x08002454   0x08002454   0x00000018   Code   RO          559    i.TIM2_IRQHandler   encoder.o
    0x0800246c   0x0800246c   0x00000018   Code   RO          560    i.TIM4_IRQHandler   encoder.o
    0x08002484   0x08002484   0x00000018   Code   RO         3881    i.TIM_ARRPreloadConfig  stm32f10x_tim.o
    0x0800249c   0x0800249c   0x00000006   Code   RO         3887    i.TIM_ClearFlag     stm32f10x_tim.o
    0x080024a2   0x080024a2   0x00000018   Code   RO         3893    i.TIM_Cmd           stm32f10x_tim.o
    0x080024ba   0x080024ba   0x0000001e   Code   RO         3895    i.TIM_CtrlPWMOutputs  stm32f10x_tim.o
    0x080024d8   0x080024d8   0x00000042   Code   RO         3902    i.TIM_EncoderInterfaceConfig  stm32f10x_tim.o
    0x0800251a   0x0800251a   0x00000002   PAD
    0x0800251c   0x0800251c   0x000000ac   Code   RO         3916    i.TIM_ICInit        stm32f10x_tim.o
    0x080025c8   0x080025c8   0x00000012   Code   RO         3917    i.TIM_ICStructInit  stm32f10x_tim.o
    0x080025da   0x080025da   0x00000012   Code   RO         3918    i.TIM_ITConfig      stm32f10x_tim.o
    0x080025ec   0x080025ec   0x00000098   Code   RO         3922    i.TIM_OC1Init       stm32f10x_tim.o
    0x08002684   0x08002684   0x00000012   Code   RO         3925    i.TIM_OC1PreloadConfig  stm32f10x_tim.o
    0x08002696   0x08002696   0x00000002   PAD
    0x08002698   0x08002698   0x000000a0   Code   RO         3932    i.TIM_OC3Init       stm32f10x_tim.o
    0x08002738   0x08002738   0x00000012   Code   RO         3935    i.TIM_OC3PreloadConfig  stm32f10x_tim.o
    0x0800274a   0x0800274a   0x00000002   PAD
    0x0800274c   0x0800274c   0x0000007c   Code   RO         3937    i.TIM_OC4Init       stm32f10x_tim.o
    0x080027c8   0x080027c8   0x0000001a   Code   RO         3939    i.TIM_OC4PreloadConfig  stm32f10x_tim.o
    0x080027e2   0x080027e2   0x00000004   Code   RO         3954    i.TIM_SetCompare1   stm32f10x_tim.o
    0x080027e6   0x080027e6   0x00000004   Code   RO         3956    i.TIM_SetCompare3   stm32f10x_tim.o
    0x080027ea   0x080027ea   0x00000006   Code   RO         3957    i.TIM_SetCompare4   stm32f10x_tim.o
    0x080027f0   0x080027f0   0x00000004   Code   RO         3958    i.TIM_SetCounter    stm32f10x_tim.o
    0x080027f4   0x080027f4   0x00000012   Code   RO         3959    i.TIM_SetIC1Prescaler  stm32f10x_tim.o
    0x08002806   0x08002806   0x0000001a   Code   RO         3960    i.TIM_SetIC2Prescaler  stm32f10x_tim.o
    0x08002820   0x08002820   0x00000012   Code   RO         3961    i.TIM_SetIC3Prescaler  stm32f10x_tim.o
    0x08002832   0x08002832   0x0000001a   Code   RO         3962    i.TIM_SetIC4Prescaler  stm32f10x_tim.o
    0x0800284c   0x0800284c   0x000000a4   Code   RO         3964    i.TIM_TimeBaseInit  stm32f10x_tim.o
    0x080028f0   0x080028f0   0x00000012   Code   RO         3965    i.TIM_TimeBaseStructInit  stm32f10x_tim.o
    0x08002902   0x08002902   0x00000002   PAD
    0x08002904   0x08002904   0x00000028   Code   RO         1628    i.USART1_IRQHandler  usart.o
    0x0800292c   0x0800292c   0x0000002c   Code   RO          804    i.USART3_IRQHandler  remote.o
    0x08002958   0x08002958   0x0000001e   Code   RO         4426    i.USART_ClearITPendingBit  stm32f10x_usart.o
    0x08002976   0x08002976   0x00000018   Code   RO         4429    i.USART_Cmd         stm32f10x_usart.o
    0x0800298e   0x0800298e   0x0000001a   Code   RO         4432    i.USART_GetFlagStatus  stm32f10x_usart.o
    0x080029a8   0x080029a8   0x00000054   Code   RO         4433    i.USART_GetITStatus  stm32f10x_usart.o
    0x080029fc   0x080029fc   0x0000004a   Code   RO         4435    i.USART_ITConfig    stm32f10x_usart.o
    0x08002a46   0x08002a46   0x00000002   PAD
    0x08002a48   0x08002a48   0x000000d8   Code   RO         4436    i.USART_Init        stm32f10x_usart.o
    0x08002b20   0x08002b20   0x00000008   Code   RO         4446    i.USART_SendData    stm32f10x_usart.o
    0x08002b28   0x08002b28   0x000000a4   Code   RO         1629    i.Uart1_init        usart.o
    0x08002bcc   0x08002bcc   0x000000a4   Code   RO          806    i.Uart3_init        remote.o
    0x08002c70   0x08002c70   0x00000004   Code   RO          179    i.UsageFault_Handler  stm32f10x_it.o
    0x08002c74   0x08002c74   0x0000002c   Code   RO          310    i.Write0            led.o
    0x08002ca0   0x08002ca0   0x0000003c   Code   RO          311    i.Write1            led.o
    0x08002cdc   0x08002cdc   0x00000020   Code   RO         4896    i.__0printf$8       mc_w.l(printf8.o)
    0x08002cfc   0x08002cfc   0x00000028   Code   RO         5004    i.__ARM_fpclassify  m_ws.l(fpclassify.o)
    0x08002d24   0x08002d24   0x000000aa   Code   RO         5006    i.__kernel_poly     m_ws.l(poly.o)
    0x08002dce   0x08002dce   0x00000006   Code   RO         4991    i.__mathlib_dbl_infnan  m_ws.l(dunder.o)
    0x08002dd4   0x08002dd4   0x00000004   Code   RO         4992    i.__mathlib_dbl_infnan2  m_ws.l(dunder.o)
    0x08002dd8   0x08002dd8   0x0000000c   Code   RO         4993    i.__mathlib_dbl_invalid  m_ws.l(dunder.o)
    0x08002de4   0x08002de4   0x00000010   Code   RO         4996    i.__mathlib_dbl_underflow  m_ws.l(dunder.o)
    0x08002df4   0x08002df4   0x0000000e   Code   RO         5070    i.__scatterload_copy  mc_w.l(handlers.o)
    0x08002e02   0x08002e02   0x00000002   Code   RO         5071    i.__scatterload_null  mc_w.l(handlers.o)
    0x08002e04   0x08002e04   0x0000000e   Code   RO         5072    i.__scatterload_zeroinit  mc_w.l(handlers.o)
    0x08002e12   0x08002e12   0x00000002   PAD
    0x08002e14   0x08002e14   0x0000000c   Code   RO         5044    i.__set_errno       mc_w.l(errno.o)
    0x08002e20   0x08002e20   0x00000404   Code   RO         4903    i._printf_core      mc_w.l(printf8.o)
    0x08003224   0x08003224   0x00000024   Code   RO         4904    i._printf_post_padding  mc_w.l(printf8.o)
    0x08003248   0x08003248   0x0000002e   Code   RO         4905    i._printf_pre_padding  mc_w.l(printf8.o)
    0x08003276   0x08003276   0x00000002   PAD
    0x08003278   0x08003278   0x000000ac   Code   RO         1255    i.accel_self_test   inv_mpu.o
    0x08003324   0x08003324   0x00000270   Code   RO         4660    i.asin              m_ws.l(asin.o)
    0x08003594   0x08003594   0x00000220   Code   RO         4981    i.atan              m_ws.l(atan.o)
    0x080037b4   0x080037b4   0x0000019c   Code   RO         4670    i.atan2             m_ws.l(atan2.o)
    0x08003950   0x08003950   0x00000064   Code   RO         1062    i.decode_gesture    inv_mpu_dmp_motion_driver.o
    0x080039b4   0x080039b4   0x00000044   Code   RO         1581    i.delay_init        delay.o
    0x080039f8   0x080039f8   0x0000004c   Code   RO         1582    i.delay_ms          delay.o
    0x08003a44   0x08003a44   0x0000004c   Code   RO         1583    i.delay_us          delay.o
    0x08003a90   0x08003a90   0x00000008   Code   RO          733    i.directLoop        control.o
    0x08003a98   0x08003a98   0x0000003c   Code   RO         1063    i.dmp_enable_6x_lp_quat  inv_mpu_dmp_motion_driver.o
    0x08003ad4   0x08003ad4   0x0000021c   Code   RO         1064    i.dmp_enable_feature  inv_mpu_dmp_motion_driver.o
    0x08003cf0   0x08003cf0   0x00000058   Code   RO         1065    i.dmp_enable_gyro_cal  inv_mpu_dmp_motion_driver.o
    0x08003d48   0x08003d48   0x0000003c   Code   RO         1066    i.dmp_enable_lp_quat  inv_mpu_dmp_motion_driver.o
    0x08003d84   0x08003d84   0x00000018   Code   RO         1071    i.dmp_load_motion_driver_firmware  inv_mpu_dmp_motion_driver.o
    0x08003d9c   0x08003d9c   0x000001cc   Code   RO         1072    i.dmp_read_fifo     inv_mpu_dmp_motion_driver.o
    0x08003f68   0x08003f68   0x00000130   Code   RO         1075    i.dmp_set_accel_bias  inv_mpu_dmp_motion_driver.o
    0x08004098   0x08004098   0x00000070   Code   RO         1076    i.dmp_set_fifo_rate  inv_mpu_dmp_motion_driver.o
    0x08004108   0x08004108   0x00000130   Code   RO         1077    i.dmp_set_gyro_bias  inv_mpu_dmp_motion_driver.o
    0x08004238   0x08004238   0x00000138   Code   RO         1079    i.dmp_set_orientation  inv_mpu_dmp_motion_driver.o
    0x08004370   0x08004370   0x00000038   Code   RO         1082    i.dmp_set_shake_reject_thresh  inv_mpu_dmp_motion_driver.o
    0x080043a8   0x080043a8   0x00000026   Code   RO         1083    i.dmp_set_shake_reject_time  inv_mpu_dmp_motion_driver.o
    0x080043ce   0x080043ce   0x00000026   Code   RO         1084    i.dmp_set_shake_reject_timeout  inv_mpu_dmp_motion_driver.o
    0x080043f4   0x080043f4   0x00000046   Code   RO         1085    i.dmp_set_tap_axes  inv_mpu_dmp_motion_driver.o
    0x0800443a   0x0800443a   0x00000026   Code   RO         1086    i.dmp_set_tap_count  inv_mpu_dmp_motion_driver.o
    0x08004460   0x08004460   0x000001a0   Code   RO         1087    i.dmp_set_tap_thresh  inv_mpu_dmp_motion_driver.o
    0x08004600   0x08004600   0x00000026   Code   RO         1088    i.dmp_set_tap_time  inv_mpu_dmp_motion_driver.o
    0x08004626   0x08004626   0x00000026   Code   RO         1089    i.dmp_set_tap_time_multi  inv_mpu_dmp_motion_driver.o
    0x0800464c   0x0800464c   0x00000024   Code   RO         1631    i.fputc             usart.o
    0x08004670   0x08004670   0x000000b4   Code   RO         1256    i.get_accel_prod_shift  inv_mpu.o
    0x08004724   0x08004724   0x0000046c   Code   RO         1257    i.get_st_biases     inv_mpu.o
    0x08004b90   0x08004b90   0x00000118   Code   RO         1258    i.gyro_self_test    inv_mpu.o
    0x08004ca8   0x08004ca8   0x00000028   Code   RO         1259    i.inv_orientation_matrix_to_scalar  inv_mpu.o
    0x08004cd0   0x08004cd0   0x0000004e   Code   RO         1260    i.inv_row_2_scale   inv_mpu.o
    0x08004d1e   0x08004d1e   0x00000002   PAD
    0x08004d20   0x08004d20   0x00000048   Code   RO          734    i.lightControl      control.o
    0x08004d68   0x08004d68   0x000000e8   Code   RO            1    i.main              main.o
    0x08004e50   0x08004e50   0x00000002   Code   RO         1261    i.mget_ms           inv_mpu.o
    0x08004e52   0x08004e52   0x00000002   PAD
    0x08004e54   0x08004e54   0x00000054   Code   RO          735    i.motorControlOut   control.o
    0x08004ea8   0x08004ea8   0x00000070   Code   RO         1262    i.mpu_configure_fifo  inv_mpu.o
    0x08004f18   0x08004f18   0x00000224   Code   RO         1263    i.mpu_dmp_get_data  inv_mpu.o
    0x0800513c   0x0800513c   0x00000098   Code   RO         1264    i.mpu_dmp_init      inv_mpu.o
    0x080051d4   0x080051d4   0x0000004c   Code   RO         1265    i.mpu_get_accel_fsr  inv_mpu.o
    0x08005220   0x08005220   0x00000054   Code   RO         1267    i.mpu_get_accel_sens  inv_mpu.o
    0x08005274   0x08005274   0x00000010   Code   RO         1272    i.mpu_get_fifo_config  inv_mpu.o
    0x08005284   0x08005284   0x00000044   Code   RO         1273    i.mpu_get_gyro_fsr  inv_mpu.o
    0x080052c8   0x080052c8   0x00000050   Code   RO         1275    i.mpu_get_gyro_sens  inv_mpu.o
    0x08005318   0x08005318   0x00000050   Code   RO         1277    i.mpu_get_lpf       inv_mpu.o
    0x08005368   0x08005368   0x00000020   Code   RO         1279    i.mpu_get_sample_rate  inv_mpu.o
    0x08005388   0x08005388   0x000001f0   Code   RO         1281    i.mpu_init          inv_mpu.o
    0x08005578   0x08005578   0x000000b8   Code   RO         1282    i.mpu_load_firmware  inv_mpu.o
    0x08005630   0x08005630   0x000000e0   Code   RO         1283    i.mpu_lp_accel_mode  inv_mpu.o
    0x08005710   0x08005710   0x000000c0   Code   RO         1286    i.mpu_read_fifo_stream  inv_mpu.o
    0x080057d0   0x080057d0   0x00000080   Code   RO         1287    i.mpu_read_mem      inv_mpu.o
    0x08005850   0x08005850   0x000001c8   Code   RO         1290    i.mpu_reset_fifo    inv_mpu.o
    0x08005a18   0x08005a18   0x0000011c   Code   RO         1291    i.mpu_run_self_test  inv_mpu.o
    0x08005b34   0x08005b34   0x00000084   Code   RO         1293    i.mpu_set_accel_fsr  inv_mpu.o
    0x08005bb8   0x08005bb8   0x0000014c   Code   RO         1294    i.mpu_set_bypass    inv_mpu.o
    0x08005d04   0x08005d04   0x00000090   Code   RO         1296    i.mpu_set_dmp_state  inv_mpu.o
    0x08005d94   0x08005d94   0x00000088   Code   RO         1297    i.mpu_set_gyro_fsr  inv_mpu.o
    0x08005e1c   0x08005e1c   0x0000006c   Code   RO         1298    i.mpu_set_int_latched  inv_mpu.o
    0x08005e88   0x08005e88   0x00000084   Code   RO         1300    i.mpu_set_lpf       inv_mpu.o
    0x08005f0c   0x08005f0c   0x0000009c   Code   RO         1301    i.mpu_set_sample_rate  inv_mpu.o
    0x08005fa8   0x08005fa8   0x000000d0   Code   RO         1302    i.mpu_set_sensors   inv_mpu.o
    0x08006078   0x08006078   0x00000080   Code   RO         1303    i.mpu_write_mem     inv_mpu.o
    0x080060f8   0x080060f8   0x0000005c   Code   RO          736    i.parameterInit     control.o
    0x08006154   0x08006154   0x00000064   Code   RO          737    i.pidCalculate      control.o
    0x080061b8   0x080061b8   0x00000094   Code   RO         1304    i.run_self_test     inv_mpu.o
    0x0800624c   0x0800624c   0x00000098   Code   RO          440    i.setMotorPwm       motor.o
    0x080062e4   0x080062e4   0x00000034   Code   RO          473    i.setSteerPwm       steer.o
    0x08006318   0x08006318   0x00000090   Code   RO         1305    i.set_int_enable    inv_mpu.o
    0x080063a8   0x080063a8   0x00000002   Code   RO          739    i.speedLoop         control.o
    0x080063aa   0x080063aa   0x0000004c   Code   RO         5010    i.sqrt              m_ws.l(sqrt.o)
    0x080063f6   0x080063f6   0x00000002   PAD
    0x080063f8   0x080063f8   0x00000038   Code   RO          740    i.stabilityLoop     control.o
    0x08006430   0x08006430   0x0000003c   Code   RO          474    i.steerSynchronousOut  steer.o
    0x0800646c   0x0800646c   0x00000818   Data   RO          649    .constdata          oled.o
    0x08006c84   0x08006c84   0x00000bf6   Data   RO         1091    .constdata          inv_mpu_dmp_motion_driver.o
    0x0800787a   0x0800787a   0x00000002   PAD
    0x0800787c   0x0800787c   0x00000050   Data   RO         1307    .constdata          inv_mpu.o
    0x080078cc   0x080078cc   0x00000004   PAD
    0x080078d0   0x080078d0   0x00000050   Data   RO         4661    .constdata          m_ws.l(asin.o)
    0x08007920   0x08007920   0x00000098   Data   RO         4982    .constdata          m_ws.l(atan.o)
    0x080079b8   0x080079b8   0x00000008   Data   RO         5008    .constdata          m_ws.l(qnan.o)
    0x080079c0   0x080079c0   0x0000004d   Data   RO         1308    .conststring        inv_mpu.o
    0x08007a0d   0x08007a0d   0x00000003   PAD
    0x08007a10   0x08007a10   0x00000020   Data   RO         5068    Region$$Table       anon$$obj.o


    Execution Region RW_IRAM1 (Exec base: 0x20000000, Load base: 0x08007a30, Size: 0x000006d8, Max: 0x00005000, ABSOLUTE, COMPRESSED[0x00000054])

    Exec Addr    Load Addr    Size         Type   Attr      Idx    E Section Name        Object

    0x20000000   COMPRESSED   0x00000014   Data   RW          264    .data               system_stm32f10x.o
    0x20000014   COMPRESSED   0x000001c3   Data   RW          312    .data               led.o
    0x200001d7   COMPRESSED   0x0000000a   Data   RW          609    .data               exit.o
    0x200001e1   COMPRESSED   0x00000003   PAD
    0x200001e4   COMPRESSED   0x0000002c   Data   RW          742    .data               control.o
    0x20000210   COMPRESSED   0x00000035   Data   RW         1309    .data               inv_mpu.o
    0x20000245   COMPRESSED   0x00000001   PAD
    0x20000246   COMPRESSED   0x00000004   Data   RW         1584    .data               delay.o
    0x2000024a   COMPRESSED   0x00000014   Data   RW         3289    .data               stm32f10x_rcc.o
    0x2000025e   COMPRESSED   0x00000002   PAD
    0x20000260   COMPRESSED   0x00000004   Data   RW         5033    .data               mc_w.l(stdout.o)
    0x20000264   COMPRESSED   0x00000004   Data   RW         5045    .data               mc_w.l(errno.o)
    0x20000268        -       0x00000060   Zero   RW          741    .bss                control.o
    0x200002c8        -       0x00000010   Zero   RW         1090    .bss                inv_mpu_dmp_motion_driver.o
    0x200002d8        -       0x00000400   Zero   RW         1685    STACK               startup_stm32f10x_md.o


==============================================================================

Image component sizes


      Code (inc. data)   RO Data    RW Data    ZI Data      Debug   Object Name

       414         84          0         44         96       5151   control.o
         0          0          0          0          0         32   core_cm3.o
       220         26          0          4          0       1671   delay.o
       364         20          0          0          0       2070   encoder.o
       324         54          0         10          0       1576   exit.o
      6864        288        157         53          0      34291   inv_mpu.o
      3096        122       3062          0         16      19922   inv_mpu_dmp_motion_driver.o
        36          4          0          0          0        451   key.o
       666         32          0        451          0       7413   led.o
       232         30          0          0          0     254091   main.o
       172         22          0          0          0       2137   misc.o
       552         44          0          0          0       2535   motor.o
       608          0          0          0          0       5875   mpu6050.o
       662        104          0          0          0       4494   mpuiic.o
        98          0          0          0          0       2291   mymath.o
       892         32       2072          0          0       7284   oled.o
       620         94          0          0          0       1893   remote.o
        36          8        236          0       1024        776   startup_stm32f10x_md.o
       304         24          0          0          0       2250   steer.o
       148          6          0          0          0       1076   stm32f10x_exti.o
       494         10          0          0          0       4548   stm32f10x_gpio.o
        26          0          0          0          0       3618   stm32f10x_it.o
       276         32          0         20          0       4506   stm32f10x_rcc.o
      1720        190          0          0          0      17676   stm32f10x_tim.o
       462          6          0          0          0       6291   stm32f10x_usart.o
       328         28          0         20          0       2161   system_stm32f10x.o
       240         20          0          0          0       3401   usart.o

    ----------------------------------------------------------------------
     19886       1280       5568        608       1136     399480   Object Totals
         0          0         32          0          0          0   (incl. Generated)
        32          0          9          6          0          0   (incl. Padding)

    ----------------------------------------------------------------------

      Code (inc. data)   RO Data    RW Data    ZI Data      Debug   Library Member Name

       624         52         80          0          0        168   asin.o
       544         70        152          0          0        124   atan.o
       412         38          0          0          0        144   atan2.o
        38          6          0          0          0        272   dunder.o
        40          0          0          0          0         68   fpclassify.o
       170          0          0          0          0         96   poly.o
         0          0          8          0          0          0   qnan.o
        76          0          0          0          0         84   sqrt.o
        86          0          0          0          0          0   __dczerorl2.o
         0          0          0          0          0          0   entry.o
         0          0          0          0          0          0   entry10a.o
         0          0          0          0          0          0   entry11a.o
         4          0          0          0          0          0   entry12b.o
         8          4          0          0          0          0   entry2.o
         4          0          0          0          0          0   entry5.o
         0          0          0          0          0          0   entry7b.o
         0          0          0          0          0          0   entry8b.o
         8          4          0          0          0          0   entry9a.o
        12          6          0          4          0         68   errno.o
        30          0          0          0          0          0   handlers.o
        36          8          0          0          0         68   init.o
         0          0          0          0          0          0   iusefp.o
        98          0          0          0          0         84   ldiv.o
        30          0          0          0          0         68   llshl.o
        36          0          0          0          0         68   llsshr.o
        32          0          0          0          0         68   llushr.o
        26          0          0          0          0         80   memcmp.o
        36          0          0          0          0        108   memseta.o
      1142         54          0          0          0        352   printf8.o
         0          0          0          4          0          0   stdout.o
        98          0          0          0          0         92   uldiv.o
        48          0          0          0          0         68   cdcmple.o
        20          0          0          0          0         68   cfcmple.o
        20          0          0          0          0         68   cfrcmple.o
        56          0          0          0          0         88   d2f.o
       334          0          0          0          0        148   dadd.o
       222          0          0          0          0        100   ddiv.o
       186          0          0          0          0        176   depilogue.o
       228          0          0          0          0         96   dmul.o
        46          0          0          0          0         80   dscalb.o
       162          0          0          0          0        100   dsqrt.o
        38          0          0          0          0         68   f2d.o
       176          0          0          0          0        140   fadd.o
       124          0          0          0          0         88   fdiv.o
       110          0          0          0          0        168   fepilogue.o
        50          0          0          0          0         68   ffixi.o
        40          0          0          0          0         68   ffixui.o
        18          0          0          0          0         68   fflti.o
        10          0          0          0          0         68   ffltui.o
       100          0          0          0          0         76   fmul.o

    ----------------------------------------------------------------------
      5586        242        240          8          0       3816   Library Totals
         8          0          0          0          0          0   (incl. Padding)

    ----------------------------------------------------------------------

      Code (inc. data)   RO Data    RW Data    ZI Data      Debug   Library Name

      1904        166        240          0          0        956   m_ws.l
      1686         76          0          8          0       1056   mc_w.l
      1988          0          0          0          0       1804   mf_w.l

    ----------------------------------------------------------------------
      5586        242        240          8          0       3816   Library Totals

    ----------------------------------------------------------------------

==============================================================================


      Code (inc. data)   RO Data    RW Data    ZI Data      Debug   

     25472       1522       5808        616       1136     391672   Grand Totals
     25472       1522       5808         84       1136     391672   ELF Image Totals (compressed)
     25472       1522       5808         84          0          0   ROM Totals

==============================================================================

    Total RO  Size (Code + RO Data)                31280 (  30.55kB)
    Total RW  Size (RW Data + ZI Data)              1752 (   1.71kB)
    Total ROM Size (Code + RO Data + RW Data)      31364 (  30.63kB)

==============================================================================

